<html>
<body>
<pre>
<h1>µVision Build Log</h1>
<h2>Tool Versions:</h2>
IDE-Version: ¦ÌVision V5.40.0.0
Copyright (C) 2024 ARM Ltd and ARM Germany GmbH. All rights reserved.
License Information: wtl wtl, wtl, LIC=Y2B1Q-NFFLC-WKQB8-32WR5-69JMH-TEG87
 
Tool Versions:
Toolchain:       MDK-ARM Professional  Version: 5.40.0.3
Toolchain Path:  D:\keil5\ARM\ARMCLANG\Bin
C Compiler:      ArmClang.exe V6.22
Assembler:       Armasm.exe V6.22
Linker/Locator:  ArmLink.exe V6.22
Library Manager: ArmAr.exe V6.22
Hex Converter:   FromElf.exe V6.22
CPU DLL:         SARMCM3.DLL V5.40.0.3
Dialog DLL:      DARMCM1.DLL V1.19.6.0
Target DLL:      CMSIS_AGDI.dll V1.33.18.0
Dialog DLL:      TARMCM1.DLL V1.14.6.0
 
<h2>Project:</h2>
D:\TI\test\Amy_64pin_official_1\keil\empty_LP_MSPM0G3507_nortos_keil.uvprojx
Project File Date:  07/25/2026

<h2>Output:</h2>
*** Using Compiler 'V6.22', folder: 'D:\keil5\ARM\ARMCLANG\Bin'
Rebuild target 'empty_LP_MSPM0G3507_nortos_keil'
assembling startup_mspm0g350x_uvision.s...
compiling tim.c...
compiling empty.c...
compiling ti_msp_dl_config.c...
compiling usart_openmv.c...
compiling encoder.c...
compiling bsp_zigbee.c...
compiling fun.c...
compiling bsp_tb6612.c...
compiling pid.c...
compiling uart.c...
compiling delay.c...
compiling bsp_control.c...
../BSP/JY61P_IIC/bsp_gyro.c(58): warning: passing 'volatile Gyro_Struct *' to parameter of type 'void *' discards qualifiers [-Wincompatible-pointer-types-discards-qualifiers]
   58 |         memset(&Gyro_Structure,0,sizeof(Gyro_Structure));
      |                ^~~~~~~~~~~~~~~
D:\keil5\ARM\ARMCLANG\bin\..\include\string.h(321): note: passing argument to parameter here
  321 | extern _ARMABI void *memset(void * /*s*/, int /*c*/, size_t /*n*/) __attribute__((__nonnull__(1)));
      |                                         ^
../BSP/JY61P_IIC/bsp_gyro.c(328): warning: passing 'volatile uint8_t[6]' (aka 'volatile unsigned char[6]') to parameter of type 'void *' discards qualifiers [-Wincompatible-pointer-types-discards-qualifiers]
  328 |         memset(sda_angle,0,sizeof(sda_angle));
      |                ^~~~~~~~~
D:\keil5\ARM\ARMCLANG\bin\..\include\string.h(321): note: passing argument to parameter here
  321 | extern _ARMABI void *memset(void * /*s*/, int /*c*/, size_t /*n*/) __attribute__((__nonnull__(1)));
      |                                         ^
../BSP/JY61P_IIC/bsp_gyro.c(331): warning: passing 'volatile uint8_t[6]' (aka 'volatile unsigned char[6]') to parameter of type 'uint8_t *' (aka 'unsigned char *') discards qualifiers [-Wincompatible-pointer-types-discards-qualifiers]
  331 |         ret     = readDataJy61p(IIC_ADDR,0x3D,sda_angle,6);
      |                                               ^~~~~~~~~
../BSP/JY61P_IIC/bsp_gyro.c(273): note: passing argument to parameter 'data' here
  273 | uint8_t readDataJy61p(uint8_t dev, uint8_t reg, uint8_t *data, uint32_t length)
      |                                                          ^
../BSP/JY61P_IIC/bsp_gyro.c(395): warning: passing 'volatile uint8_t[6]' (aka 'volatile unsigned char[6]') to parameter of type 'void *' discards qualifiers [-Wincompatible-pointer-types-discards-qualifiers]
  395 |         memset(sda_x,0,sizeof(sda_x));
      |                ^~~~~
D:\keil5\ARM\ARMCLANG\bin\..\include\string.h(321): note: passing argument to parameter here
  321 | extern _ARMABI void *memset(void * /*s*/, int /*c*/, size_t /*n*/) __attribute__((__nonnull__(1)));
      |                                         ^
../BSP/JY61P_IIC/bsp_gyro.c(397): warning: passing 'volatile uint8_t[6]' (aka 'volatile unsigned char[6]') to parameter of type 'uint8_t *' (aka 'unsigned char *') discards qualifiers [-Wincompatible-pointer-types-discards-qualifiers]
  397 |         ret     = readDataJy61p(IIC_ADDR,0x37,sda_x,6);
      |                                               ^~~~~
../BSP/JY61P_IIC/bsp_gyro.c(273): note: passing argument to parameter 'data' here
  273 | uint8_t readDataJy61p(uint8_t dev, uint8_t reg, uint8_t *data, uint32_t length)
      |                                                          ^
5 warnings generated.
compiling bsp_gyro.c...
compiling oled_hardware_i2c.c...
linking...
Program Size: Code=19832 RO-data=3004 RW-data=0 ZI-data=1336  
FromELF: creating hex file...
".\Objects\empty_LP_MSPM0G3507_nortos_keil.axf" - 0 Error(s), 5 Warning(s).

<h2>Software Packages used:</h2>

Package Vendor: TexasInstruments
                https://software-dl.ti.com/msp430/esd/MSPM0-CMSIS/MSPM0G1X0X_G3X0X/latest/exports/TexasInstruments.MSPM0G1X0X_G3X0X_DFP.1.3.1.pack
                TexasInstruments::MSPM0G1X0X_G3X0X_DFP@1.3.1
                Device Family Pack for Texas Instruments MSPM0G1X0X_G3X0X Series

<h2>Collection of Component include folders:</h2>

<h2>Collection of Component Files used:</h2>
Build Time Elapsed:  00:00:02
</pre>
</body>
</html>
