Component: Arm Compiler for Embedded 6.22 Tool: armlink [5ee90200]

==============================================================================

Section Cross References

    empty.o(.text) refers (Special) to _printf_percent.o(.ARM.Collect$$_printf_percent$$00000000) for _printf_percent
    empty.o(.text) refers (Special) to _printf_s.o(.ARM.Collect$$_printf_percent$$00000014) for _printf_s
    empty.o(.text) refers (Special) to _printf_d.o(.ARM.Collect$$_printf_percent$$00000009) for _printf_d
    empty.o(.text) refers (Special) to _printf_u.o(.ARM.Collect$$_printf_percent$$0000000A) for _printf_u
    empty.o(.text) refers (Special) to _printf_f.o(.ARM.Collect$$_printf_percent$$00000003) for _printf_f
    empty.o(.text) refers (Special) to _printf_dec.o(.text) for _printf_int_dec
    empty.o(.text) refers (Special) to printf1.o(x$fpl$printf1) for _printf_fp_dec
    empty.o(.text) refers (Special) to _printf_str.o(.text) for _printf_str
    empty.o(.text.main) refers (Special) to _printf_percent.o(.ARM.Collect$$_printf_percent$$00000000) for _printf_percent
    empty.o(.text.main) refers (Special) to _printf_s.o(.ARM.Collect$$_printf_percent$$00000014) for _printf_s
    empty.o(.text.main) refers (Special) to _printf_d.o(.ARM.Collect$$_printf_percent$$00000009) for _printf_d
    empty.o(.text.main) refers (Special) to _printf_u.o(.ARM.Collect$$_printf_percent$$0000000A) for _printf_u
    empty.o(.text.main) refers (Special) to _printf_f.o(.ARM.Collect$$_printf_percent$$00000003) for _printf_f
    empty.o(.text.main) refers (Special) to _printf_dec.o(.text) for _printf_int_dec
    empty.o(.text.main) refers (Special) to printf1.o(x$fpl$printf1) for _printf_fp_dec
    empty.o(.text.main) refers (Special) to _printf_str.o(.text) for _printf_str
    empty.o(.text.main) refers to ti_msp_dl_config.o(.text.SYSCFG_DL_init) for SYSCFG_DL_init
    empty.o(.text.main) refers to uart.o(.text.uart0_init) for uart0_init
    empty.o(.text.main) refers to tim.o(.text.TIMER_0_init) for TIMER_0_init
    empty.o(.text.main) refers to oled_hardware_i2c.o(.text.OLED_Init) for OLED_Init
    empty.o(.text.main) refers to oled_hardware_i2c.o(.text.OLED_Clear) for OLED_Clear
    empty.o(.text.main) refers to uart.o(.text.delay_ms) for delay_ms
    empty.o(.text.main) refers to encoder.o(.text.encoder_init) for encoder_init
    empty.o(.text.main) refers to usart_openmv.o(.text.uart_openmv_init) for uart_openmv_init
    empty.o(.text.main) refers to bsp_zigbee.o(.text.zigbee_init) for zigbee_init
    empty.o(.text.main) refers to aeabi_sdivfast.o(.text_divfast) for __aeabi_uidiv
    empty.o(.text.main) refers to __2sprintf.o(.text) for __2sprintf
    empty.o(.text.main) refers to oled_hardware_i2c.o(.text.OLED_ShowString) for OLED_ShowString
    empty.o(.text.main) refers to encoder.o(.text.encoder_poll) for encoder_poll
    empty.o(.text.main) refers to bsp_zigbee.o(.text.zigbee_poll) for zigbee_poll
    empty.o(.text.main) refers to encoder.o(.text.encoder_reset_distance) for encoder_reset_distance
    empty.o(.text.main) refers to bsp_gyro.o(.text.get_jy61p_data) for get_jy61p_data
    empty.o(.text.main) refers to bsp_zigbee.o(.text.zigbee_read) for zigbee_read
    empty.o(.text.main) refers to bsp_zigbee.o(.text.zigbee_available) for zigbee_available
    empty.o(.text.main) refers to bsp_zigbee.o(.text.zigbee_get_tx_count) for zigbee_get_tx_count
    empty.o(.text.main) refers to encoder.o(.text.encoder_get_distance_mm) for encoder_get_distance_mm
    empty.o(.text.main) refers to f2d.o(.text) for __aeabi_f2d
    empty.o(.text.main) refers to bsp_zigbee.o(.text.zigbee_printf) for zigbee_printf
    empty.o(.text.main) refers to delay.o(.text.gray_serial_read) for gray_serial_read
    empty.o(.text.main) refers to bsp_control.o(.text.control_gray_follow) for control_gray_follow
    empty.o(.text.main) refers to fcmp.o(i._fleq) for __aeabi_fcmple
    empty.o(.text.main) refers to pid.o(.text.pid_reset_all) for pid_reset_all
    empty.o(.text.main) refers to bsp_control.o(.text.control_gyro_straight) for control_gyro_straight
    empty.o(.text.main) refers to bsp_control.o(.text.control_color_sequence) for control_color_sequence
    empty.o(.text.main) refers to bsp_tb6612.o(.text.motor_control) for motor_control
    empty.o(.text.main) refers to bsp_zigbee.o(.text.zigbee_get_rx_count) for zigbee_get_rx_count
    empty.o(.text.main) refers to oled_hardware_i2c.o(.bss.tick_ms) for tick_ms
    empty.o(.text.main) refers to empty.o(.bss.g_oled_text) for g_oled_text
    empty.o(.text.main) refers to empty.o(.bss.state) for state
    empty.o(.text.main) refers to bsp_gyro.o(.bss.YawZ) for YawZ
    empty.o(.text.main) refers to empty.o(.bss.gyro_target) for [Anonymous Symbol]
    empty.o(.text.main) refers to empty.o(.bss.last_zb_tick) for [Anonymous Symbol]
    empty.o(.text.main) refers to empty.o(.bss.cur_yaw) for [Anonymous Symbol]
[...]
    locale$$code                             0x00004ae8   Section       44  lc_numeric_c.o(locale$$code)
    locale$$code                             0x00004b14   Section       44  lc_ctype_c.o(locale$$code)
    x$fpl$fadd                               0x00004b40   Section      140  faddsub.o(x$fpl$fadd)
    _fadd1                                   0x00004b4d   Thumb Code     0  faddsub.o(x$fpl$fadd)
    x$fpl$fgeqf                              0x00004bcc   Section       84  fgef.o(x$fpl$fgeqf)
    x$fpl$fleqf                              0x00004c20   Section       84  flef.o(x$fpl$fleqf)
    x$fpl$fmul                               0x00004c74   Section      176  fmul.o(x$fpl$fmul)
    x$fpl$fsub                               0x00004d24   Section      208  faddsub.o(x$fpl$fsub)
    _fsub1                                   0x00004d31   Thumb Code     0  faddsub.o(x$fpl$fsub)
    x$fpl$printf1                            0x00004df4   Section       16  printf1.o(x$fpl$printf1)
    x$fpl$printf2                            0x00004e04   Section       16  printf2.o(x$fpl$printf2)
    maptable                                 0x00004e14   Data          17  __printf_flags_ss_wp.o(.constdata)
    .constdata                               0x00004e14   Section       17  __printf_flags_ss_wp.o(.constdata)
    x$fpl$usenofp                            0x00004e14   Section        0  usenofp.o(x$fpl$usenofp)
    fdiv_tab                                 0x00004e25   Data          64  fdiv.o(.constdata)
    .constdata                               0x00004e25   Section       64  fdiv.o(.constdata)
    initial_mbstate                          0x00004e68   Data           8  _printf_wctomb.o(.constdata)
    .constdata                               0x00004e68   Section        8  _printf_wctomb.o(.constdata)
    uc_hextab                                0x00004e70   Data          20  _printf_hex_int_ll_ptr.o(.constdata)
    .constdata                               0x00004e70   Section       40  _printf_hex_int_ll_ptr.o(.constdata)
    lc_hextab                                0x00004e84   Data          20  _printf_hex_int_ll_ptr.o(.constdata)
    lc_hextab                                0x00004e98   Data          19  _printf_fp_hex.o(.constdata)
    .constdata                               0x00004e98   Section       38  _printf_fp_hex.o(.constdata)
    uc_hextab                                0x00004eab   Data          19  _printf_fp_hex.o(.constdata)
    tenpwrs_x                                0x00004ec0   Data          60  bigflt0.o(.constdata)
    .constdata                               0x00004ec0   Section      148  bigflt0.o(.constdata)
    tenpwrs_i                                0x00004efc   Data          64  bigflt0.o(.constdata)
    gI2C_OLEDClockConfig                     0x0000576c   Data           2  ti_msp_dl_config.o(.rodata.gI2C_OLEDClockConfig)
    [Anonymous Symbol]                       0x0000576c   Section        0  ti_msp_dl_config.o(.rodata.gI2C_OLEDClockConfig)
    gPWM_MOTORClockConfig                    0x0000576e   Data           3  ti_msp_dl_config.o(.rodata.gPWM_MOTORClockConfig)
    [Anonymous Symbol]                       0x0000576e   Section        0  ti_msp_dl_config.o(.rodata.gPWM_MOTORClockConfig)
    gPWM_MOTORConfig                         0x00005774   Data           8  ti_msp_dl_config.o(.rodata.gPWM_MOTORConfig)
    [Anonymous Symbol]                       0x00005774   Section        0  ti_msp_dl_config.o(.rodata.gPWM_MOTORConfig)
    gTIMER_0ClockConfig                      0x0000577c   Data           3  ti_msp_dl_config.o(.rodata.gTIMER_0ClockConfig)
    [Anonymous Symbol]                       0x0000577c   Section        0  ti_msp_dl_config.o(.rodata.gTIMER_0ClockConfig)
    gTIMER_0TimerConfig                      0x00005780   Data          20  ti_msp_dl_config.o(.rodata.gTIMER_0TimerConfig)
    [Anonymous Symbol]                       0x00005780   Section        0  ti_msp_dl_config.o(.rodata.gTIMER_0TimerConfig)
    gUART_0ClockConfig                       0x00005794   Data           2  ti_msp_dl_config.o(.rodata.gUART_0ClockConfig)
    [Anonymous Symbol]                       0x00005794   Section        0  ti_msp_dl_config.o(.rodata.gUART_0ClockConfig)
    gUART_0Config                            0x00005796   Data          10  ti_msp_dl_config.o(.rodata.gUART_0Config)
    [Anonymous Symbol]                       0x00005796   Section        0  ti_msp_dl_config.o(.rodata.gUART_0Config)
    gUART_OPENMVClockConfig                  0x000057a0   Data           2  ti_msp_dl_config.o(.rodata.gUART_OPENMVClockConfig)
    [Anonymous Symbol]                       0x000057a0   Section        0  ti_msp_dl_config.o(.rodata.gUART_OPENMVClockConfig)
    gUART_OPENMVConfig                       0x000057a2   Data          10  ti_msp_dl_config.o(.rodata.gUART_OPENMVConfig)
    [Anonymous Symbol]                       0x000057a2   Section        0  ti_msp_dl_config.o(.rodata.gUART_OPENMVConfig)
    [Anonymous Symbol]                       0x000057ac   Section        0  empty.o(.rodata.str1.1)
    [Anonymous Symbol]                       0x000057c1   Section        0  bsp_gyro.o(.rodata.str1.1)
    locale$$data                             0x000057e0   Section       28  lc_numeric_c.o(locale$$data)
    __lcnum_c_name                           0x000057e4   Data           2  lc_numeric_c.o(locale$$data)
    __lcnum_c_start                          0x000057ec   Data           0  lc_numeric_c.o(locale$$data)
    __lcnum_c_point                          0x000057f8   Data           0  lc_numeric_c.o(locale$$data)
    __lcnum_c_thousands                      0x000057fa   Data           0  lc_numeric_c.o(locale$$data)
    __lcnum_c_grouping                       0x000057fb   Data           0  lc_numeric_c.o(locale$$data)
    __lcnum_c_end                            0x000057fc   Data           0  lc_numeric_c.o(locale$$data)
    locale$$data                             0x000057fc   Section      272  lc_ctype_c.o(locale$$data)
    __lcctype_c_name                         0x00005800   Data           2  lc_ctype_c.o(locale$$data)
    __lcctype_c_start                        0x00005808   Data           0  lc_ctype_c.o(locale$$data)
    __lcctype_c_end                          0x0000590c   Data           0  lc_ctype_c.o(locale$$data)
    .bss                                     0x20200000   Section       96  libspace.o(.bss)
    compute_weighted_error_digital.last_err  0x202000d8   Data           4  pid.o(.bss.compute_weighted_error_digital.last_err)
    [Anonymous Symbol]                       0x202000d8   Section        0  pid.o(.bss.compute_weighted_error_digital.last_err)
    cur_yaw                                  0x202000dc   Data           4  empty.o(.bss.cur_yaw)
    [Anonymous Symbol]                       0x202000dc   Section        0  empty.o(.bss.cur_yaw)
    disp_cnt                                 0x202000e0   Data           4  empty.o(.bss.disp_cnt)
    [Anonymous Symbol]                       0x202000e0   Section        0  empty.o(.bss.disp_cnt)
    g_enc_l                                  0x20200268   Data           4  encoder.o(.bss.g_enc_l)
    [Anonymous Symbol]                       0x20200268   Section        0  encoder.o(.bss.g_enc_l)
    g_enc_l_last                             0x2020026c   Data           4  encoder.o(.bss.g_enc_l_last)
    [Anonymous Symbol]                       0x2020026c   Section        0  encoder.o(.bss.g_enc_l_last)
    g_enc_l_spd                              0x20200270   Data           2  encoder.o(.bss.g_enc_l_spd)
    [Anonymous Symbol]                       0x20200270   Section        0  encoder.o(.bss.g_enc_l_spd)
    g_enc_r                                  0x20200274   Data           4  encoder.o(.bss.g_enc_r)
    [Anonymous Symbol]                       0x20200274   Section        0  encoder.o(.bss.g_enc_r)
    g_enc_r_last                             0x20200278   Data           4  encoder.o(.bss.g_enc_r_last)
    [Anonymous Symbol]                       0x20200278   Section        0  encoder.o(.bss.g_enc_r_last)
    g_enc_r_spd                              0x2020027c   Data           2  encoder.o(.bss.g_enc_r_spd)
    [Anonymous Symbol]                       0x2020027c   Section        0  encoder.o(.bss.g_enc_r_spd)
    g_gray_int                               0x20200280   Data           4  pid.o(.bss.g_gray_int)
    [Anonymous Symbol]                       0x20200280   Section        0  pid.o(.bss.g_gray_int)
    g_gray_last                              0x20200284   Data           4  pid.o(.bss.g_gray_last)
    [Anonymous Symbol]                       0x20200284   Section        0  pid.o(.bss.g_gray_last)
    g_l_int                                  0x20200288   Data           4  pid.o(.bss.g_l_int)
    [Anonymous Symbol]                       0x20200288   Section        0  pid.o(.bss.g_l_int)
    g_last_la                                0x2020028c   Data           1  encoder.o(.bss.g_last_la)
    [Anonymous Symbol]                       0x2020028c   Section        0  encoder.o(.bss.g_last_la)
    g_last_ra                                0x2020028d   Data           1  encoder.o(.bss.g_last_ra)
    [Anonymous Symbol]                       0x2020028d   Section        0  encoder.o(.bss.g_last_ra)
    g_r_int                                  0x202002b0   Data           4  pid.o(.bss.g_r_int)
    [Anonymous Symbol]                       0x202002b0   Section        0  pid.o(.bss.g_r_int)
    g_yaw_int                                0x202002b4   Data           4  pid.o(.bss.g_yaw_int)
    [Anonymous Symbol]                       0x202002b4   Section        0  pid.o(.bss.g_yaw_int)
    g_yaw_last                               0x202002b8   Data           4  pid.o(.bss.g_yaw_last)
    [Anonymous Symbol]                       0x202002b8   Section        0  pid.o(.bss.g_yaw_last)
    gyro_cnt                                 0x202002bc   Data           1  empty.o(.bss.gyro_cnt)
    [Anonymous Symbol]                       0x202002bc   Section        0  empty.o(.bss.gyro_cnt)
    gyro_target                              0x202002c0   Data           4  empty.o(.bss.gyro_target)
    [Anonymous Symbol]                       0x202002c0   Section        0  empty.o(.bss.gyro_target)
    last_uart_data                           0x202002c4   Data           1  bsp_zigbee.o(.bss.last_uart_data)
    [Anonymous Symbol]                       0x202002c4   Section        0  bsp_zigbee.o(.bss.last_uart_data)
    last_zb_tick                             0x202002c8   Data           4  empty.o(.bss.last_zb_tick)
    [Anonymous Symbol]                       0x202002c8   Section        0  empty.o(.bss.last_zb_tick)
    rx_buf                                   0x202002cc   Data           9  usart_openmv.o(.bss.rx_buf)
    [Anonymous Symbol]                       0x202002cc   Section        0  usart_openmv.o(.bss.rx_buf)
    rx_head                                  0x202002d6   Data           2  bsp_zigbee.o(.bss.rx_head)
    [Anonymous Symbol]                       0x202002d6   Section        0  bsp_zigbee.o(.bss.rx_head)
    rx_idx                                   0x202002d8   Data           1  usart_openmv.o(.bss.rx_idx)
    [Anonymous Symbol]                       0x202002d8   Section        0  usart_openmv.o(.bss.rx_idx)
    rx_ring                                  0x202002d9   Data          64  bsp_zigbee.o(.bss.rx_ring)
    [Anonymous Symbol]                       0x202002d9   Section        0  bsp_zigbee.o(.bss.rx_ring)
    rx_sync                                  0x20200319   Data           1  usart_openmv.o(.bss.rx_sync)
    [Anonymous Symbol]                       0x20200319   Section        0  usart_openmv.o(.bss.rx_sync)
    rx_tail                                  0x2020031a   Data           2  bsp_zigbee.o(.bss.rx_tail)
    [Anonymous Symbol]                       0x2020031a   Section        0  bsp_zigbee.o(.bss.rx_tail)
    rx_total                                 0x2020031c   Data           4  bsp_zigbee.o(.bss.rx_total)
    [Anonymous Symbol]                       0x2020031c   Section        0  bsp_zigbee.o(.bss.rx_total)
    tx_total                                 0x2020032c   Data           4  bsp_zigbee.o(.bss.tx_total)
    [Anonymous Symbol]                       0x2020032c   Section        0  bsp_zigbee.o(.bss.tx_total)
    Heap_Mem                                 0x20200338   Data         256  startup_mspm0g350x_uvision.o(HEAP)
    HEAP                                     0x20200338   Section      256  startup_mspm0g350x_uvision.o(HEAP)
    Stack_Mem                                0x20200438   Data         256  startup_mspm0g350x_uvision.o(STACK)
    STACK                                    0x20200438   Section      256  startup_mspm0g350x_uvision.o(STACK)
    __initial_sp                             0x20200538   Data           0  startup_mspm0g350x_uvision.o(STACK)

    Global Symbols

    Symbol Name                              Value     Ov Type        Size  Object(Section)

    BuildAttributes$$THM_ISAv3M$S$PE$A:L22$X:L11$S22$IEEE1$IW$~IW$USESV6$~STKCKD$USESV7$~SHL$OTIME$ROPI$IEEEJ$EBA8$UX$STANDARDLIB$REQ8$PRES8$EABIv2 0x00000000   Number         0  anon$$obj.o ABSOLUTE
    __Vectors                                0x00000000   Data           4  startup_mspm0g350x_uvision.o(RESET)
    _printf_flags                            0x00000000   Number         0  printf_stubs.o ABSOLUTE
    _printf_return_value                     0x00000000   Number         0  printf_stubs.o ABSOLUTE
    _printf_sizespec                         0x00000000   Number         0  printf_stubs.o ABSOLUTE
    _printf_widthprec                        0x00000000   Number         0  printf_stubs.o ABSOLUTE
    __ARM_exceptions_init                     - Undefined Weak Reference
    __alloca_initialize                       - Undefined Weak Reference
    __arm_preinit_                            - Undefined Weak Reference
    __arm_relocate_pie_                       - Undefined Weak Reference
    __cpp_initialize__aeabi_                  - Undefined Weak Reference
    __cxa_finalize                            - Undefined Weak Reference
    __sigvec_lookup                           - Undefined Weak Reference
    _atexit_init                              - Undefined Weak Reference
    _call_atexit_fns                          - Undefined Weak Reference
    _clock_init                               - Undefined Weak Reference
    _fp_trap_init                             - Undefined Weak Reference
    _fp_trap_shutdown                         - Undefined Weak Reference
    _get_lc_collate                           - Undefined Weak Reference
    _get_lc_monetary                          - Undefined Weak Reference
    _get_lc_time                              - Undefined Weak Reference
    _getenv_init                              - Undefined Weak Reference
    _handle_redirection                       - Undefined Weak Reference
    _init_alloc                               - Undefined Weak Reference
    _init_user_alloc                          - Undefined Weak Reference
    _initio                                   - Undefined Weak Reference
    _printf_mbtowc                            - Undefined Weak Reference
    _printf_wc                                - Undefined Weak Reference
    _rand_init                                - Undefined Weak Reference
    _signal_finish                            - Undefined Weak Reference
    _signal_init                              - Undefined Weak Reference
    _terminate_alloc                          - Undefined Weak Reference
    _terminate_user_alloc                     - Undefined Weak Reference
    _terminateio                              - Undefined Weak Reference
    __Vectors_End                            0x000000c0   Data           0  startup_mspm0g350x_uvision.o(RESET)
    __Vectors_Size                           0x000000c0   Number         0  startup_mspm0g350x_uvision.o ABSOLUTE
    __main                                   0x000000c1   Thumb Code     8  __main.o(!!!main)
    __scatterload                            0x000000c9   Thumb Code     0  __scatter.o(!!!scatter)
    __scatterload_rt2                        0x000000c9   Thumb Code    74  __scatter.o(!!!scatter)
    __scatterload_rt2_thumb_only             0x000000c9   Thumb Code     0  __scatter.o(!!!scatter)
    __scatterload_loop                       0x000000d3   Thumb Code     0  __scatter.o(!!!scatter)
    __scatterload_null                       0x00000121   Thumb Code     2  __scatter.o(!!handler_null)
    __scatterload_zeroinit                   0x00000129   Thumb Code    28  __scatter_zi.o(!!handler_zi)
    _printf_percent                          0x00000145   Thumb Code     0  _printf_percent.o(.ARM.Collect$$_printf_percent$$00000000)
    _printf_n                                0x00000147   Thumb Code     0  _printf_n.o(.ARM.Collect$$_printf_percent$$00000001)
    _printf_p                                0x00000151   Thumb Code     0  _printf_p.o(.ARM.Collect$$_printf_percent$$00000002)
    _printf_f                                0x0000015b   Thumb Code     0  _printf_f.o(.ARM.Collect$$_printf_percent$$00000003)
    _printf_e                                0x00000165   Thumb Code     0  _printf_e.o(.ARM.Collect$$_printf_percent$$00000004)
    _printf_g                                0x0000016f   Thumb Code     0  _printf_g.o(.ARM.Collect$$_printf_percent$$00000005)
    _printf_a                                0x00000179   Thumb Code     0  _printf_a.o(.ARM.Collect$$_printf_percent$$00000006)
    _printf_ll                               0x00000183   Thumb Code     0  _printf_ll.o(.ARM.Collect$$_printf_percent$$00000007)
    _printf_i                                0x0000018d   Thumb Code     0  _printf_i.o(.ARM.Collect$$_printf_percent$$00000008)
    _printf_d                                0x00000197   Thumb Code     0  _printf_d.o(.ARM.Collect$$_printf_percent$$00000009)
    _printf_u                                0x000001a1   Thumb Code     0  _printf_u.o(.ARM.Collect$$_printf_percent$$0000000A)
    _printf_o                                0x000001ab   Thumb Code     0  _printf_o.o(.ARM.Collect$$_printf_percent$$0000000B)
    _printf_x                                0x000001b5   Thumb Code     0  _printf_x.o(.ARM.Collect$$_printf_percent$$0000000C)
    _printf_lli                              0x000001bf   Thumb Code     0  _printf_lli.o(.ARM.Collect$$_printf_percent$$0000000D)
    _printf_lld                              0x000001c9   Thumb Code     0  _printf_lld.o(.ARM.Collect$$_printf_percent$$0000000E)
    _printf_llu                              0x000001d3   Thumb Code     0  _printf_llu.o(.ARM.Collect$$_printf_percent$$0000000F)
    _printf_llo                              0x000001dd   Thumb Code     0  _printf_llo.o(.ARM.Collect$$_printf_percent$$00000010)
    _printf_llx                              0x000001e7   Thumb Code     0  _printf_llx.o(.ARM.Collect$$_printf_percent$$00000011)
    _printf_l                                0x000001f1   Thumb Code     0  _printf_l.o(.ARM.Collect$$_printf_percent$$00000012)
    _printf_c                                0x000001fb   Thumb Code     0  _printf_c.o(.ARM.Collect$$_printf_percent$$00000013)
    _printf_s                                0x00000205   Thumb Code     0  _printf_s.o(.ARM.Collect$$_printf_percent$$00000014)
    _printf_lc                               0x0000020f   Thumb Code     0  _printf_lc.o(.ARM.Collect$$_printf_percent$$00000015)
    _printf_ls                               0x00000219   Thumb Code     0  _printf_ls.o(.ARM.Collect$$_printf_percent$$00000016)
    _printf_percent_end                      0x00000223   Thumb Code     0  _printf_percent_end.o(.ARM.Collect$$_printf_percent$$00000017)
    __rt_lib_init                            0x00000227   Thumb Code     0  libinit.o(.ARM.Collect$$libinit$$00000000)
    __rt_lib_init_fp_1                       0x00000229   Thumb Code     0  libinit2.o(.ARM.Collect$$libinit$$00000002)
    __rt_lib_init_heap_1                     0x00000229   Thumb Code     0  libinit2.o(.ARM.Collect$$libinit$$0000000C)
    __rt_lib_init_lc_common                  0x00000229   Thumb Code     0  libinit2.o(.ARM.Collect$$libinit$$00000011)
    __rt_lib_init_preinit_1                  0x00000229   Thumb Code     0  libinit2.o(.ARM.Collect$$libinit$$00000006)
    __rt_lib_init_rand_1                     0x00000229   Thumb Code     0  libinit2.o(.ARM.Collect$$libinit$$00000010)
    __rt_lib_init_relocate_pie_1             0x00000229   Thumb Code     0  libinit2.o(.ARM.Collect$$libinit$$00000004)
    __rt_lib_init_user_alloc_1               0x00000229   Thumb Code     0  libinit2.o(.ARM.Collect$$libinit$$0000000E)
    __rt_lib_init_lc_collate_1               0x0000022f   Thumb Code     0  libinit2.o(.ARM.Collect$$libinit$$00000013)
    __rt_lib_init_lc_ctype_2                 0x0000022f   Thumb Code     0  libinit2.o(.ARM.Collect$$libinit$$00000014)
    __rt_lib_init_lc_ctype_1                 0x0000023b   Thumb Code     0  libinit2.o(.ARM.Collect$$libinit$$00000015)
    __rt_lib_init_lc_monetary_1              0x0000023b   Thumb Code     0  libinit2.o(.ARM.Collect$$libinit$$00000017)
    __rt_lib_init_lc_numeric_2               0x0000023b   Thumb Code     0  libinit2.o(.ARM.Collect$$libinit$$00000018)
    __rt_lib_init_alloca_1                   0x00000245   Thumb Code     0  libinit2.o(.ARM.Collect$$libinit$$00000030)
    __rt_lib_init_argv_1                     0x00000245   Thumb Code     0  libinit2.o(.ARM.Collect$$libinit$$0000002E)
    __rt_lib_init_atexit_1                   0x00000245   Thumb Code     0  libinit2.o(.ARM.Collect$$libinit$$0000001D)
    __rt_lib_init_clock_1                    0x00000245   Thumb Code     0  libinit2.o(.ARM.Collect$$libinit$$00000023)
    __rt_lib_init_cpp_1                      0x00000245   Thumb Code     0  libinit2.o(.ARM.Collect$$libinit$$00000034)
    __rt_lib_init_exceptions_1               0x00000245   Thumb Code     0  libinit2.o(.ARM.Collect$$libinit$$00000032)
    __rt_lib_init_fp_trap_1                  0x00000245   Thumb Code     0  libinit2.o(.ARM.Collect$$libinit$$00000021)
    __rt_lib_init_getenv_1                   0x00000245   Thumb Code     0  libinit2.o(.ARM.Collect$$libinit$$00000025)
    __rt_lib_init_lc_numeric_1               0x00000245   Thumb Code     0  libinit2.o(.ARM.Collect$$libinit$$00000019)
    __rt_lib_init_lc_time_1                  0x00000245   Thumb Code     0  libinit2.o(.ARM.Collect$$libinit$$0000001B)
    __rt_lib_init_return                     0x00000245   Thumb Code     0  libinit2.o(.ARM.Collect$$libinit$$00000035)
    __rt_lib_init_signal_1                   0x00000245   Thumb Code     0  libinit2.o(.ARM.Collect$$libinit$$0000001F)
    __rt_lib_init_stdio_1                    0x00000245   Thumb Code     0  libinit2.o(.ARM.Collect$$libinit$$00000027)
    __rt_lib_shutdown                        0x00000247   Thumb Code     0  libshutdown.o(.ARM.Collect$$libshutdown$$00000000)
    __rt_lib_shutdown_cpp_1                  0x00000249   Thumb Code     0  libshutdown2.o(.ARM.Collect$$libshutdown$$00000002)
    __rt_lib_shutdown_fp_trap_1              0x00000249   Thumb Code     0  libshutdown2.o(.ARM.Collect$$libshutdown$$00000007)
    __rt_lib_shutdown_heap_1                 0x00000249   Thumb Code     0  libshutdown2.o(.ARM.Collect$$libshutdown$$0000000F)
    __rt_lib_shutdown_return                 0x00000249   Thumb Code     0  libshutdown2.o(.ARM.Collect$$libshutdown$$00000010)
    __rt_lib_shutdown_signal_1               0x00000249   Thumb Code     0  libshutdown2.o(.ARM.Collect$$libshutdown$$0000000A)
    __rt_lib_shutdown_stdio_1                0x00000249   Thumb Code     0  libshutdown2.o(.ARM.Collect$$libshutdown$$00000004)
    __rt_lib_shutdown_user_alloc_1           0x00000249   Thumb Code     0  libshutdown2.o(.ARM.Collect$$libshutdown$$0000000C)
    __rt_entry                               0x0000024b   Thumb Code     0  __rtentry.o(.ARM.Collect$$rtentry$$00000000)
    __rt_entry_presh_1                       0x0000024b   Thumb Code     0  __rtentry2.o(.ARM.Collect$$rtentry$$00000002)
    __rt_entry_sh                            0x0000024b   Thumb Code     0  __rtentry4.o(.ARM.Collect$$rtentry$$00000004)
    __rt_entry_li                            0x00000251   Thumb Code     0  __rtentry2.o(.ARM.Collect$$rtentry$$0000000A)
    __rt_entry_postsh_1                      0x00000251   Thumb Code     0  __rtentry2.o(.ARM.Collect$$rtentry$$00000009)
    __rt_entry_main                          0x00000255   Thumb Code     0  __rtentry2.o(.ARM.Collect$$rtentry$$0000000D)
    __rt_entry_postli_1                      0x00000255   Thumb Code     0  __rtentry2.o(.ARM.Collect$$rtentry$$0000000C)
    __rt_exit                                0x0000025d   Thumb Code     0  rtexit.o(.ARM.Collect$$rtexit$$00000000)
    __rt_exit_ls                             0x0000025f   Thumb Code     0  rtexit2.o(.ARM.Collect$$rtexit$$00000003)
    __rt_exit_prels_1                        0x0000025f   Thumb Code     0  rtexit2.o(.ARM.Collect$$rtexit$$00000002)
    __rt_exit_exit                           0x00000263   Thumb Code     0  rtexit2.o(.ARM.Collect$$rtexit$$00000004)
    Reset_Handler                            0x00000269   Thumb Code     4  startup_mspm0g350x_uvision.o(.text)
    NMI_Handler                              0x0000026d   Thumb Code     2  startup_mspm0g350x_uvision.o(.text)
    HardFault_Handler                        0x0000026f   Thumb Code     2  startup_mspm0g350x_uvision.o(.text)
    SVC_Handler                              0x00000271   Thumb Code     2  startup_mspm0g350x_uvision.o(.text)
    PendSV_Handler                           0x00000273   Thumb Code     2  startup_mspm0g350x_uvision.o(.text)
    ADC0_IRQHandler                          0x00000277   Thumb Code     0  startup_mspm0g350x_uvision.o(.text)
    ADC1_IRQHandler                          0x00000277   Thumb Code     0  startup_mspm0g350x_uvision.o(.text)
    AES_IRQHandler                           0x00000277   Thumb Code     0  startup_mspm0g350x_uvision.o(.text)
    CANFD0_IRQHandler                        0x00000277   Thumb Code     0  startup_mspm0g350x_uvision.o(.text)
    DAC0_IRQHandler                          0x00000277   Thumb Code     0  startup_mspm0g350x_uvision.o(.text)
    DMA_IRQHandler                           0x00000277   Thumb Code     0  startup_mspm0g350x_uvision.o(.text)
    Default_Handler                          0x00000277   Thumb Code     2  startup_mspm0g350x_uvision.o(.text)
    GROUP0_IRQHandler                        0x00000277   Thumb Code     0  startup_mspm0g350x_uvision.o(.text)
    GROUP1_IRQHandler                        0x00000277   Thumb Code     0  startup_mspm0g350x_uvision.o(.text)
    I2C0_IRQHandler                          0x00000277   Thumb Code     0  startup_mspm0g350x_uvision.o(.text)
    I2C1_IRQHandler                          0x00000277   Thumb Code     0  startup_mspm0g350x_uvision.o(.text)
    RTC_IRQHandler                           0x00000277   Thumb Code     0  startup_mspm0g350x_uvision.o(.text)
    SPI0_IRQHandler                          0x00000277   Thumb Code     0  startup_mspm0g350x_uvision.o(.text)
    SPI1_IRQHandler                          0x00000277   Thumb Code     0  startup_mspm0g350x_uvision.o(.text)
    TIMA0_IRQHandler                         0x00000277   Thumb Code     0  startup_mspm0g350x_uvision.o(.text)
    TIMG0_IRQHandler                         0x00000277   Thumb Code     0  startup_mspm0g350x_uvision.o(.text)
    TIMG12_IRQHandler                        0x00000277   Thumb Code     0  startup_mspm0g350x_uvision.o(.text)
    TIMG6_IRQHandler                         0x00000277   Thumb Code     0  startup_mspm0g350x_uvision.o(.text)
    TIMG7_IRQHandler                         0x00000277   Thumb Code     0  startup_mspm0g350x_uvision.o(.text)
    TIMG8_IRQHandler                         0x00000277   Thumb Code     0  startup_mspm0g350x_uvision.o(.text)
    UART1_IRQHandler                         0x00000277   Thumb Code     0  startup_mspm0g350x_uvision.o(.text)
    UART3_IRQHandler                         0x00000277   Thumb Code     0  startup_mspm0g350x_uvision.o(.text)
    __user_initial_stackheap                 0x00000279   Thumb Code    10  startup_mspm0g350x_uvision.o(.text)
    vsnprintf                                0x00000299   Thumb Code    56  vsnprintf.o(.text)
    __2sprintf                               0x000002d5   Thumb Code    40  __2sprintf.o(.text)
    _printf_str                              0x00000301   Thumb Code    82  _printf_str.o(.text)
    _printf_int_dec                          0x00000355   Thumb Code    90  _printf_dec.o(.text)
    __printf                                 0x000003c1   Thumb Code   386  __printf_flags_ss_wp.o(.text)
    puts                                     0x00000549   Thumb Code    38  puts.o(.text)
    __aeabi_uidivmod                         0x00000575   Thumb Code    28  aeabi_sdivfast.o(.text)
    __aeabi_idivmod                          0x00000591   Thumb Code   472  aeabi_sdivfast.o(.text)
    __use_two_region_memory                  0x0000076d   Thumb Code     2  heapauxi.o(.text)
    __rt_heap_escrow$2region                 0x0000076f   Thumb Code     2  heapauxi.o(.text)
    __rt_heap_expand$2region                 0x00000771   Thumb Code     2  heapauxi.o(.text)
    __aeabi_d2f                              0x00000775   Thumb Code     0  d2f.o(.text)
    __truncdfsf2                             0x00000775   Thumb Code     0  d2f.o(.text)
    _d2f                                     0x00000775   Thumb Code   120  d2f.o(.text)
    __aeabi_i2d_normalise                    0x000007f1   Thumb Code    66  dflti.o(.text)
    __aeabi_i2d                              0x00000833   Thumb Code    16  dflti.o(.text)
    _dflt                                    0x00000833   Thumb Code     0  dflti.o(.text)
    __aeabi_ui2d                             0x00000843   Thumb Code     6  dflti.o(.text)
    _dfltu                                   0x00000843   Thumb Code     0  dflti.o(.text)
    __aeabi_dmul                             0x00000849   Thumb Code     0  dmul.o(.text)
    __muldf3                                 0x00000849   Thumb Code     0  dmul.o(.text)
    _dmul                                    0x00000849   Thumb Code   558  dmul.o(.text)
    __aeabi_f2d                              0x00000a91   Thumb Code     0  f2d.o(.text)
    __extendsfdf2                            0x00000a91   Thumb Code     0  f2d.o(.text)
    _f2d                                     0x00000a91   Thumb Code    80  f2d.o(.text)
    __aeabi_fdiv                             0x00000ae5   Thumb Code     0  fdiv.o(.text)
    __divsf3                                 0x00000ae5   Thumb Code     0  fdiv.o(.text)
    _fdiv                                    0x00000ae5   Thumb Code   334  fdiv.o(.text)
    _frdiv                                   0x00000c33   Thumb Code     8  fdiv.o(.text)
    __aeabi_f2iz                             0x00000c45   Thumb Code     0  ffixi.o(.text)
    _ffix                                    0x00000c45   Thumb Code    76  ffixi.o(.text)
    __aeabi_i2f_normalise                    0x00000c91   Thumb Code    72  fflti.o(.text)
    __aeabi_i2f                              0x00000cd9   Thumb Code    16  fflti.o(.text)
    _fflt                                    0x00000cd9   Thumb Code     0  fflti.o(.text)
    __aeabi_ui2f                             0x00000ce9   Thumb Code     6  fflti.o(.text)
    _ffltu                                   0x00000ce9   Thumb Code     0  fflti.o(.text)
    _printf_pre_padding                      0x00000cef   Thumb Code    44  _printf_pad.o(.text)
    _printf_post_padding                     0x00000d1b   Thumb Code    34  _printf_pad.o(.text)
    _printf_truncate_signed                  0x00000d3d   Thumb Code    18  _printf_truncate.o(.text)
    _printf_truncate_unsigned                0x00000d4f   Thumb Code    18  _printf_truncate.o(.text)
    _printf_int_common                       0x00000d61   Thumb Code   176  _printf_intcommon.o(.text)
    _printf_charcount                        0x00000e11   Thumb Code    38  _printf_charcount.o(.text)
    _printf_fp_dec_real                      0x00000fd5   Thumb Code   620  _printf_fp_dec.o(.text)
    _printf_char_common                      0x00001257   Thumb Code    32  _printf_char_common.o(.text)
    _sputc                                   0x0000127d   Thumb Code    10  _sputc.o(.text)
    _snputc                                  0x00001287   Thumb Code    16  _snputc.o(.text)
    _printf_cs_common                        0x00001297   Thumb Code    22  _printf_char.o(.text)
    _printf_char                             0x000012ad   Thumb Code    16  _printf_char.o(.text)
    _printf_string                           0x000012bd   Thumb Code     8  _printf_char.o(.text)
    _printf_wctomb                           0x000012c5   Thumb Code   182  _printf_wctomb.o(.text)
    _printf_longlong_dec                     0x00001381   Thumb Code    94  _printf_longlong_dec.o(.text)
    _printf_longlong_oct                     0x000013f1   Thumb Code    68  _printf_oct_int_ll.o(.text)
    _printf_int_oct                          0x00001435   Thumb Code    24  _printf_oct_int_ll.o(.text)
    _printf_ll_oct                           0x0000144d   Thumb Code    10  _printf_oct_int_ll.o(.text)
    _printf_longlong_hex                     0x00001461   Thumb Code    88  _printf_hex_int_ll_ptr.o(.text)
    _printf_int_hex                          0x000014b9   Thumb Code    28  _printf_hex_int_ll_ptr.o(.text)
    _printf_ll_hex                           0x000014d5   Thumb Code    10  _printf_hex_int_ll_ptr.o(.text)
    _printf_hex_ptr                          0x000014df   Thumb Code    22  _printf_hex_int_ll_ptr.o(.text)
    __rt_udiv10                              0x000014f9   Thumb Code    40  rtudiv10.o(.text)
    __rt_locale                              0x00001521   Thumb Code     8  rt_locale_intlibspace.o(.text)
    _ll_udiv10                               0x00001529   Thumb Code   122  lludiv10.o(.text)
    _printf_fp_hex_real                      0x000015a5   Thumb Code   718  _printf_fp_hex.o(.text)
    _printf_fp_infnan                        0x0000187d   Thumb Code   120  _printf_fp_infnan.o(.text)
    _printf_lcs_common                       0x00001905   Thumb Code    22  _printf_wchar.o(.text)
    _printf_wchar                            0x0000191b   Thumb Code    16  _printf_wchar.o(.text)
    _printf_wstring                          0x0000192b   Thumb Code     8  _printf_wchar.o(.text)
    _btod_etento                             0x00001935   Thumb Code   210  bigflt0.o(.text)
    _btod_d2e                                0x00001a0d   Thumb Code    64  btod.o(.text)
    _btod_emul                               0x00001e41   Thumb Code    28  btod.o(.text)
    _btod_emuld                              0x00001e5d   Thumb Code   144  btod.o(.text)
    _btod_ediv                               0x00001eed   Thumb Code    26  btod.o(.text)
    _btod_edivd                              0x00001f07   Thumb Code   124  btod.o(.text)
    _c16rtomb                                0x00001f8d   Thumb Code    66  _c16rtomb.o(.text)
    _wcrtomb                                 0x00001f8d   Thumb Code     0  _c16rtomb.o(.text)
    __fpl_fcmp_InfNaN                        0x00001fd1   Thumb Code    96  fcmpin.o(.text)
    __user_libspace                          0x00002035   Thumb Code     8  libspace.o(.text)
    __user_perproc_libspace                  0x00002035   Thumb Code     0  libspace.o(.text)
    __user_perthread_libspace                0x00002035   Thumb Code     0  libspace.o(.text)
    __user_setup_stackheap                   0x0000203d   Thumb Code    62  sys_stackheap_outer.o(.text)
    __rt_ctype_table                         0x0000207d   Thumb Code    16  rt_ctype_table.o(.text)
    exit                                     0x0000208d   Thumb Code    16  exit.o(.text)
    strcmp                                   0x0000209d   Thumb Code   176  strcmpv6m.o(.text)
    __fpl_cmpreturn                          0x0000214d   Thumb Code    46  cmpret.o(.text)
    __fpl_fcheck_NaN2                        0x0000217d   Thumb Code    10  fnan2.o(.text)
    __fpl_return_NaN                         0x0000218d   Thumb Code    94  retnan.o(.text)
    DL_Common_delayCycles                    0x000021eb   Thumb Code    10  dl_common.o(.text.DL_Common_delayCycles)
    DL_I2C_fillControllerTXFIFO              0x000021f5   Thumb Code   140  dl_i2c.o(.text.DL_I2C_fillControllerTXFIFO)
    DL_I2C_setClockConfig                    0x00002281   Thumb Code    38  dl_i2c.o(.text.DL_I2C_setClockConfig)
    DL_Timer_initFourCCPWMMode               0x000022a9   Thumb Code   244  dl_timer.o(.text.DL_Timer_initFourCCPWMMode)
    DL_Timer_initTimerMode                   0x000023b1   Thumb Code   240  dl_timer.o(.text.DL_Timer_initTimerMode)
    DL_Timer_setCaptCompUpdateMethod         0x000024b1   Thumb Code    24  dl_timer.o(.text.DL_Timer_setCaptCompUpdateMethod)
    DL_Timer_setCaptureCompareOutCtl         0x000024cd   Thumb Code    20  dl_timer.o(.text.DL_Timer_setCaptureCompareOutCtl)
    DL_Timer_setCaptureCompareValue          0x000024e5   Thumb Code    12  dl_timer.o(.text.DL_Timer_setCaptureCompareValue)
    DL_Timer_setClockConfig                  0x000024f5   Thumb Code    24  dl_timer.o(.text.DL_Timer_setClockConfig)
    DL_UART_init                             0x00002511   Thumb Code    64  dl_uart.o(.text.DL_UART_init)
    DL_UART_setClockConfig                   0x00002559   Thumb Code    18  dl_uart.o(.text.DL_UART_setClockConfig)
    I2C_WaitAck_gyro                         0x0000256d   Thumb Code   116  bsp_gyro.o(.text.I2C_WaitAck_gyro)
    OLED_Clear                               0x000025ed   Thumb Code   340  oled_hardware_i2c.o(.text.OLED_Clear)
    OLED_Init                                0x00002741   Thumb Code   484  oled_hardware_i2c.o(.text.OLED_Init)
    OLED_ShowChar                            0x00002949   Thumb Code   212  oled_hardware_i2c.o(.text.OLED_ShowChar)
    OLED_ShowString                          0x00002a25   Thumb Code    64  oled_hardware_i2c.o(.text.OLED_ShowString)
    OLED_WR_Byte                             0x00002a65   Thumb Code   324  oled_hardware_i2c.o(.text.OLED_WR_Byte)
    Read_Byte                                0x00002bdd   Thumb Code   296  bsp_gyro.o(.text.Read_Byte)
    SYSCFG_DL_GPIO_init                      0x00002d15   Thumb Code   232  ti_msp_dl_config.o(.text.SYSCFG_DL_GPIO_init)
    SYSCFG_DL_I2C_OLED_init                  0x00002e1d   Thumb Code    72  ti_msp_dl_config.o(.text.SYSCFG_DL_I2C_OLED_init)
    SYSCFG_DL_PWM_MOTOR_init                 0x00002e71   Thumb Code   200  ti_msp_dl_config.o(.text.SYSCFG_DL_PWM_MOTOR_init)
    SYSCFG_DL_SYSCTL_init                    0x00002f51   Thumb Code    52  ti_msp_dl_config.o(.text.SYSCFG_DL_SYSCTL_init)
    SYSCFG_DL_SYSTICK_init                   0x00002f8d   Thumb Code    36  ti_msp_dl_config.o(.text.SYSCFG_DL_SYSTICK_init)
    SYSCFG_DL_TIMER_0_init                   0x00002fbd   Thumb Code    36  ti_msp_dl_config.o(.text.SYSCFG_DL_TIMER_0_init)
    SYSCFG_DL_UART_0_init                    0x00002ff5   Thumb Code    84  ti_msp_dl_config.o(.text.SYSCFG_DL_UART_0_init)
    SYSCFG_DL_UART_OPENMV_init               0x0000305d   Thumb Code   104  ti_msp_dl_config.o(.text.SYSCFG_DL_UART_OPENMV_init)
    SYSCFG_DL_init                           0x000030e1   Thumb Code    52  ti_msp_dl_config.o(.text.SYSCFG_DL_init)
    SYSCFG_DL_initPower                      0x0000311d   Thumb Code    60  ti_msp_dl_config.o(.text.SYSCFG_DL_initPower)
    Send_Byte_gyro                           0x0000317d   Thumb Code   332  bsp_gyro.o(.text.Send_Byte_gyro)
    SysTick_Handler                          0x000032d1   Thumb Code    12  oled_hardware_i2c.o(.text.SysTick_Handler)
    TIMA1_IRQHandler                         0x000032dd   Thumb Code    24  tim.o(.text.TIMA1_IRQHandler)
    TIMER_0_init                             0x000032f9   Thumb Code    16  tim.o(.text.TIMER_0_init)
    Tick_delay                               0x00003311   Thumb Code    40  delay.o(.text.Tick_delay)
    UART0_IRQHandler                         0x00003339   Thumb Code    20  uart.o(.text.UART0_IRQHandler)
    UART2_IRQHandler                         0x00003359   Thumb Code   156  usart_openmv.o(.text.UART2_IRQHandler)
    _sys_exit                                0x00003411   Thumb Code     2  uart.o(.text._sys_exit)
    compute_weighted_error_digital           0x00003415   Thumb Code   176  pid.o(.text.compute_weighted_error_digital)
    control_color_sequence                   0x000034d1   Thumb Code   140  bsp_control.o(.text.control_color_sequence)
    control_gray_follow                      0x00003569   Thumb Code    52  bsp_control.o(.text.control_gray_follow)
    control_gyro_straight                    0x000035a1   Thumb Code   256  bsp_control.o(.text.control_gyro_straight)
    control_gyro_turn                        0x000036a9   Thumb Code   768  bsp_control.o(.text.control_gyro_turn)
    delay_ms                                 0x000039ed   Thumb Code     8  uart.o(.text.delay_ms)
    delay_us                                 0x000039f5   Thumb Code    50  delay.o(.text.delay_us)
    encoder_get_distance_mm                  0x00003a29   Thumb Code    48  encoder.o(.text.encoder_get_distance_mm)
    encoder_init                             0x00003a5d   Thumb Code    32  encoder.o(.text.encoder_init)
    encoder_poll                             0x00003a85   Thumb Code    52  encoder.o(.text.encoder_poll)
    encoder_reset_distance                   0x00003ac5   Thumb Code    28  encoder.o(.text.encoder_reset_distance)
    encoder_update_speed                     0x00003ae1   Thumb Code   136  encoder.o(.text.encoder_update_speed)
    fputc                                    0x00003b89   Thumb Code    32  uart.o(.text.fputc)
    get_angle                                0x00003bad   Thumb Code   272  bsp_gyro.o(.text.get_angle)
    get_jy61p_data                           0x00003ce1   Thumb Code    12  bsp_gyro.o(.text.get_jy61p_data)
    get_wx_wy_wz                             0x00003ced   Thumb Code   212  bsp_gyro.o(.text.get_wx_wy_wz)
    gray_serial_read                         0x00003ddd   Thumb Code   488  delay.o(.text.gray_serial_read)
    grayscale_pid                            0x00003fcd   Thumb Code    96  pid.o(.text.grayscale_pid)
    main                                     0x00004045   Thumb Code   752  empty.o(.text.main)
    motor_control                            0x00004401   Thumb Code   224  bsp_tb6612.o(.text.motor_control)
    pid_reset_all                            0x000044ed   Thumb Code    28  pid.o(.text.pid_reset_all)
    readDataJy61p                            0x00004519   Thumb Code   308  bsp_gyro.o(.text.readDataJy61p)
    uart0_init                               0x00004655   Thumb Code    16  uart.o(.text.uart0_init)
    uart_openmv_init                         0x00004665   Thumb Code    16  usart_openmv.o(.text.uart_openmv_init)
    yaw_pd                                   0x00004675   Thumb Code   112  pid.o(.text.yaw_pd)
    zigbee_available                         0x000046fd   Thumb Code    20  bsp_zigbee.o(.text.zigbee_available)
    zigbee_get_rx_count                      0x00004711   Thumb Code     8  bsp_zigbee.o(.text.zigbee_get_rx_count)
    zigbee_get_tx_count                      0x00004719   Thumb Code     8  bsp_zigbee.o(.text.zigbee_get_tx_count)
    zigbee_init                              0x00004721   Thumb Code    36  bsp_zigbee.o(.text.zigbee_init)
    zigbee_poll                              0x0000474d   Thumb Code    56  bsp_zigbee.o(.text.zigbee_poll)
    zigbee_printf                            0x00004791   Thumb Code    96  bsp_zigbee.o(.text.zigbee_printf)
    zigbee_read                              0x000047f9   Thumb Code    36  bsp_zigbee.o(.text.zigbee_read)
    __aeabi_uidiv                            0x00004829   Thumb Code    68  aeabi_sdivfast.o(.text_divfast)
    __aeabi_idiv                             0x0000486d   Thumb Code   434  aeabi_sdivfast.o(.text_divfast)
    __ARM_common_ll_muluu                    0x00004a1f   Thumb Code    48  btod.o(i.__ARM_common_ll_muluu)
    __ARM_fpclassify                         0x00004a51   Thumb Code    40  fpclassify.o(i.__ARM_fpclassify)
    __aeabi_fcmpge                           0x00004a7d   Thumb Code     0  fcmp.o(i._fgeq)
    _fgeq                                    0x00004a7d   Thumb Code    22  fcmp.o(i._fgeq)
    __aeabi_fcmpgt                           0x00004a93   Thumb Code     0  fcmp.o(i._fgr)
    _fgr                                     0x00004a93   Thumb Code    22  fcmp.o(i._fgr)
    __aeabi_fcmple                           0x00004aa9   Thumb Code     0  fcmp.o(i._fleq)
    _fleq                                    0x00004aa9   Thumb Code    26  fcmp.o(i._fleq)
    __aeabi_fcmplt                           0x00004ac3   Thumb Code     0  fcmp.o(i._fls)
    _fls                                     0x00004ac3   Thumb Code    22  fcmp.o(i._fls)
    _is_digit                                0x00004ad9   Thumb Code    14  __printf_wp.o(i._is_digit)
    _get_lc_numeric                          0x00004ae9   Thumb Code    44  lc_numeric_c.o(locale$$code)
    _get_lc_ctype                            0x00004b15   Thumb Code    44  lc_ctype_c.o(locale$$code)
    __aeabi_fadd                             0x00004b41   Thumb Code     0  faddsub.o(x$fpl$fadd)
    _fadd                                    0x00004b41   Thumb Code   134  faddsub.o(x$fpl$fadd)
    _fcmpge                                  0x00004bcd   Thumb Code    78  fgef.o(x$fpl$fgeqf)
    __aeabi_cfcmple                          0x00004c21   Thumb Code     0  flef.o(x$fpl$fleqf)
    _fcmple                                  0x00004c21   Thumb Code    78  flef.o(x$fpl$fleqf)
    __aeabi_fmul                             0x00004c75   Thumb Code     0  fmul.o(x$fpl$fmul)
    _fmul                                    0x00004c75   Thumb Code   172  fmul.o(x$fpl$fmul)
    __aeabi_fsub                             0x00004d25   Thumb Code     0  faddsub.o(x$fpl$fsub)
    _fsub                                    0x00004d25   Thumb Code   204  faddsub.o(x$fpl$fsub)
    _printf_fp_dec                           0x00004df5   Thumb Code    16  printf1.o(x$fpl$printf1)
    _printf_fp_hex                           0x00004e05   Thumb Code    16  printf2.o(x$fpl$printf2)
    __I$use$fp                               0x00004e14   Number         0  usenofp.o(x$fpl$usenofp)
    asc2_0806                                0x00004f54   Data         552  oled_hardware_i2c.o(.rodata.asc2_0806)
    asc2_1608                                0x0000517c   Data        1520  oled_hardware_i2c.o(.rodata.asc2_1608)
    Region$$Table$$Base                      0x000057d0   Number         0  anon$$obj.o(Region$$Table)
    Region$$Table$$Limit                     0x000057e0   Number         0  anon$$obj.o(Region$$Table)
    __ctype                                  0x00005809   Data           0  lc_ctype_c.o(locale$$data)
    __libspace_start                         0x20200000   Data          96  libspace.o(.bss)
    Gyro_Structure                           0x20200060   Data          12  bsp_gyro.o(.bss.Gyro_Structure)
    __temporary_stack_top$libspace           0x20200060   Data           0  libspace.o(.bss)
    PitchY                                   0x2020006c   Data           4  bsp_gyro.o(.bss.PitchY)
    RollX                                    0x20200070   Data           4  bsp_gyro.o(.bss.RollX)
    WX                                       0x20200074   Data           4  bsp_gyro.o(.bss.WX)
    WY                                       0x20200078   Data           4  bsp_gyro.o(.bss.WY)
    WZ                                       0x2020007c   Data           4  bsp_gyro.o(.bss.WZ)
    YawZ                                     0x20200080   Data           4  bsp_gyro.o(.bss.YawZ)
    __stdout                                 0x20200084   Data          84  uart.o(.bss.__stdout)
    gPWM_MOTORBackup                         0x202000e4   Data         188  ti_msp_dl_config.o(.bss.gPWM_MOTORBackup)
    gTIMER_0Backup                           0x202001a0   Data         188  ti_msp_dl_config.o(.bss.gTIMER_0Backup)
    g_ball                                   0x2020025c   Data           8  usart_openmv.o(.bss.g_ball)
    g_ball_new                               0x20200264   Data           1  usart_openmv.o(.bss.g_ball_new)
    g_oled_text                              0x20200290   Data          32  empty.o(.bss.g_oled_text)
    start_time                               0x20200320   Data           4  oled_hardware_i2c.o(.bss.start_time)
    state                                    0x20200324   Data           1  empty.o(.bss.state)
    tick_ms                                  0x20200328   Data           4  oled_hardware_i2c.o(.bss.tick_ms)
    uart_data                                0x20200330   Data           1  uart.o(.bss.uart_data)



==============================================================================

Memory Map of the image

  Image Entry point : 0x000000c1

  Load Region LR_IROM1 (Base: 0x00000000, Size: 0x0000590c, Max: 0x00020000, ABSOLUTE)

    Execution Region ER_IROM1 (Exec base: 0x00000000, Load base: 0x00000000, Size: 0x0000590c, Max: 0x00020000, ABSOLUTE)

    Exec Addr    Load Addr    Size         Type   Attr      Idx    E Section Name        Object

    0x00000000   0x00000000   0x000000c0   Data   RO           21    RESET               startup_mspm0g350x_uvision.o
    0x000000c0   0x000000c0   0x00000008   Code   RO          600  * !!!main             c_p.l(__main.o)
    0x000000c8   0x000000c8   0x00000054   Code   RO          961    !!!scatter          c_p.l(__scatter.o)
    0x0000011c   0x0000011c   0x00000004   PAD
    0x00000120   0x00000120   0x00000002   Code   RO          962    !!handler_null      c_p.l(__scatter.o)
    0x00000122   0x00000122   0x00000006   PAD
    0x00000128   0x00000128   0x0000001c   Code   RO          965    !!handler_zi        c_p.l(__scatter_zi.o)
    0x00000144   0x00000144   0x00000002   Code   RO          587    .ARM.Collect$$_printf_percent$$00000000  c_p.l(_printf_percent.o)
    0x00000146   0x00000146   0x0000000a   Code   RO          709    .ARM.Collect$$_printf_percent$$00000001  c_p.l(_printf_n.o)
    0x00000150   0x00000150   0x0000000a   Code   RO          711    .ARM.Collect$$_printf_percent$$00000002  c_p.l(_printf_p.o)
    0x0000015a   0x0000015a   0x0000000a   Code   RO          586    .ARM.Collect$$_printf_percent$$00000003  c_p.l(_printf_f.o)
    0x00000164   0x00000164   0x0000000a   Code   RO          714    .ARM.Collect$$_printf_percent$$00000004  c_p.l(_printf_e.o)
    0x0000016e   0x0000016e   0x0000000a   Code   RO          715    .ARM.Collect$$_printf_percent$$00000005  c_p.l(_printf_g.o)
    0x00000178   0x00000178   0x0000000a   Code   RO          716    .ARM.Collect$$_printf_percent$$00000006  c_p.l(_printf_a.o)
    0x00000182   0x00000182   0x0000000a   Code   RO          721    .ARM.Collect$$_printf_percent$$00000007  c_p.l(_printf_ll.o)
    0x0000018c   0x0000018c   0x0000000a   Code   RO          713    .ARM.Collect$$_printf_percent$$00000008  c_p.l(_printf_i.o)
    0x00000196   0x00000196   0x0000000a   Code   RO          584    .ARM.Collect$$_printf_percent$$00000009  c_p.l(_printf_d.o)
    0x000001a0   0x000001a0   0x0000000a   Code   RO          585    .ARM.Collect$$_printf_percent$$0000000A  c_p.l(_printf_u.o)
    0x000001aa   0x000001aa   0x0000000a   Code   RO          712    .ARM.Collect$$_printf_percent$$0000000B  c_p.l(_printf_o.o)
    0x000001b4   0x000001b4   0x0000000a   Code   RO          710    .ARM.Collect$$_printf_percent$$0000000C  c_p.l(_printf_x.o)
    0x000001be   0x000001be   0x0000000a   Code   RO          718    .ARM.Collect$$_printf_percent$$0000000D  c_p.l(_printf_lli.o)
    0x000001c8   0x000001c8   0x0000000a   Code   RO          719    .ARM.Collect$$_printf_percent$$0000000E  c_p.l(_printf_lld.o)
    0x000001d2   0x000001d2   0x0000000a   Code   RO          720    .ARM.Collect$$_printf_percent$$0000000F  c_p.l(_printf_llu.o)
    0x000001dc   0x000001dc   0x0000000a   Code   RO          725    .ARM.Collect$$_printf_percent$$00000010  c_p.l(_printf_llo.o)
    0x000001e6   0x000001e6   0x0000000a   Code   RO          726    .ARM.Collect$$_printf_percent$$00000011  c_p.l(_printf_llx.o)
    0x000001f0   0x000001f0   0x0000000a   Code   RO          722    .ARM.Collect$$_printf_percent$$00000012  c_p.l(_printf_l.o)
    0x000001fa   0x000001fa   0x0000000a   Code   RO          708    .ARM.Collect$$_printf_percent$$00000013  c_p.l(_printf_c.o)
    0x00000204   0x00000204   0x0000000a   Code   RO          583    .ARM.Collect$$_printf_percent$$00000014  c_p.l(_printf_s.o)
    0x0000020e   0x0000020e   0x0000000a   Code   RO          723    .ARM.Collect$$_printf_percent$$00000015  c_p.l(_printf_lc.o)
    0x00000218   0x00000218   0x0000000a   Code   RO          724    .ARM.Collect$$_printf_percent$$00000016  c_p.l(_printf_ls.o)
    0x00000222   0x00000222   0x00000004   Code   RO          717    .ARM.Collect$$_printf_percent$$00000017  c_p.l(_printf_percent_end.o)
    0x00000226   0x00000226   0x00000002   Code   RO          818    .ARM.Collect$$libinit$$00000000  c_p.l(libinit.o)
    0x00000228   0x00000228   0x00000000   Code   RO          820    .ARM.Collect$$libinit$$00000002  c_p.l(libinit2.o)
    0x00000228   0x00000228   0x00000000   Code   RO          822    .ARM.Collect$$libinit$$00000004  c_p.l(libinit2.o)
    0x00000228   0x00000228   0x00000000   Code   RO          824    .ARM.Collect$$libinit$$00000006  c_p.l(libinit2.o)
    0x00000228   0x00000228   0x00000000   Code   RO          827    .ARM.Collect$$libinit$$0000000C  c_p.l(libinit2.o)
    0x00000228   0x00000228   0x00000000   Code   RO          829    .ARM.Collect$$libinit$$0000000E  c_p.l(libinit2.o)
    0x00000228   0x00000228   0x00000000   Code   RO          831    .ARM.Collect$$libinit$$00000010  c_p.l(libinit2.o)
    0x00000228   0x00000228   0x00000006   Code   RO          832    .ARM.Collect$$libinit$$00000011  c_p.l(libinit2.o)
    0x0000022e   0x0000022e   0x00000000   Code   RO          834    .ARM.Collect$$libinit$$00000013  c_p.l(libinit2.o)
    0x0000022e   0x0000022e   0x0000000c   Code   RO          835    .ARM.Collect$$libinit$$00000014  c_p.l(libinit2.o)
    0x0000023a   0x0000023a   0x00000000   Code   RO          836    .ARM.Collect$$libinit$$00000015  c_p.l(libinit2.o)
    0x0000023a   0x0000023a   0x00000000   Code   RO          838    .ARM.Collect$$libinit$$00000017  c_p.l(libinit2.o)
    0x0000023a   0x0000023a   0x0000000a   Code   RO          839    .ARM.Collect$$libinit$$00000018  c_p.l(libinit2.o)
    0x00000244   0x00000244   0x00000000   Code   RO          840    .ARM.Collect$$libinit$$00000019  c_p.l(libinit2.o)
    0x00000244   0x00000244   0x00000000   Code   RO          842    .ARM.Collect$$libinit$$0000001B  c_p.l(libinit2.o)
    0x00000244   0x00000244   0x00000000   Code   RO          844    .ARM.Collect$$libinit$$0000001D  c_p.l(libinit2.o)
    0x00000244   0x00000244   0x00000000   Code   RO          846    .ARM.Collect$$libinit$$0000001F  c_p.l(libinit2.o)
    0x00000244   0x00000244   0x00000000   Code   RO          848    .ARM.Collect$$libinit$$00000021  c_p.l(libinit2.o)
    0x00000244   0x00000244   0x00000000   Code   RO          850    .ARM.Collect$$libinit$$00000023  c_p.l(libinit2.o)
    0x00000244   0x00000244   0x00000000   Code   RO          852    .ARM.Collect$$libinit$$00000025  c_p.l(libinit2.o)
    0x00000244   0x00000244   0x00000000   Code   RO          854    .ARM.Collect$$libinit$$00000027  c_p.l(libinit2.o)
    0x00000244   0x00000244   0x00000000   Code   RO          858    .ARM.Collect$$libinit$$0000002E  c_p.l(libinit2.o)
    0x00000244   0x00000244   0x00000000   Code   RO          860    .ARM.Collect$$libinit$$00000030  c_p.l(libinit2.o)
    0x00000244   0x00000244   0x00000000   Code   RO          862    .ARM.Collect$$libinit$$00000032  c_p.l(libinit2.o)
    0x00000244   0x00000244   0x00000000   Code   RO          864    .ARM.Collect$$libinit$$00000034  c_p.l(libinit2.o)
    0x00000244   0x00000244   0x00000002   Code   RO          865    .ARM.Collect$$libinit$$00000035  c_p.l(libinit2.o)
    0x00000246   0x00000246   0x00000002   Code   RO          923    .ARM.Collect$$libshutdown$$00000000  c_p.l(libshutdown.o)
    0x00000248   0x00000248   0x00000000   Code   RO          944    .ARM.Collect$$libshutdown$$00000002  c_p.l(libshutdown2.o)
    0x00000248   0x00000248   0x00000000   Code   RO          946    .ARM.Collect$$libshutdown$$00000004  c_p.l(libshutdown2.o)
    0x00000248   0x00000248   0x00000000   Code   RO          949    .ARM.Collect$$libshutdown$$00000007  c_p.l(libshutdown2.o)
    0x00000248   0x00000248   0x00000000   Code   RO          952    .ARM.Collect$$libshutdown$$0000000A  c_p.l(libshutdown2.o)
    0x00000248   0x00000248   0x00000000   Code   RO          954    .ARM.Collect$$libshutdown$$0000000C  c_p.l(libshutdown2.o)
    0x00000248   0x00000248   0x00000000   Code   RO          957    .ARM.Collect$$libshutdown$$0000000F  c_p.l(libshutdown2.o)
    0x00000248   0x00000248   0x00000002   Code   RO          958    .ARM.Collect$$libshutdown$$00000010  c_p.l(libshutdown2.o)
    0x0000024a   0x0000024a   0x00000000   Code   RO          651    .ARM.Collect$$rtentry$$00000000  c_p.l(__rtentry.o)
    0x0000024a   0x0000024a   0x00000000   Code   RO          743    .ARM.Collect$$rtentry$$00000002  c_p.l(__rtentry2.o)
    0x0000024a   0x0000024a   0x00000006   Code   RO          755    .ARM.Collect$$rtentry$$00000004  c_p.l(__rtentry4.o)
    0x00000250   0x00000250   0x00000000   Code   RO          745    .ARM.Collect$$rtentry$$00000009  c_p.l(__rtentry2.o)
    0x00000250   0x00000250   0x00000004   Code   RO          746    .ARM.Collect$$rtentry$$0000000A  c_p.l(__rtentry2.o)
    0x00000254   0x00000254   0x00000000   Code   RO          748    .ARM.Collect$$rtentry$$0000000C  c_p.l(__rtentry2.o)
    0x00000254   0x00000254   0x00000008   Code   RO          749    .ARM.Collect$$rtentry$$0000000D  c_p.l(__rtentry2.o)
    0x0000025c   0x0000025c   0x00000002   Code   RO          871    .ARM.Collect$$rtexit$$00000000  c_p.l(rtexit.o)
    0x0000025e   0x0000025e   0x00000000   Code   RO          891    .ARM.Collect$$rtexit$$00000002  c_p.l(rtexit2.o)
    0x0000025e   0x0000025e   0x00000004   Code   RO          892    .ARM.Collect$$rtexit$$00000003  c_p.l(rtexit2.o)
    0x00000262   0x00000262   0x00000006   Code   RO          893    .ARM.Collect$$rtexit$$00000004  c_p.l(rtexit2.o)
    0x00000268   0x00000268   0x00000030   Code   RO           22    .text               startup_mspm0g350x_uvision.o
    0x00000298   0x00000298   0x0000003c   Code   RO          551    .text               c_p.l(vsnprintf.o)
    0x000002d4   0x000002d4   0x0000002c   Code   RO          553    .text               c_p.l(__2sprintf.o)
    0x00000300   0x00000300   0x00000052   Code   RO          559    .text               c_p.l(_printf_str.o)
    0x00000352   0x00000352   0x00000002   PAD
    0x00000354   0x00000354   0x0000006c   Code   RO          561    .text               c_p.l(_printf_dec.o)
    0x000003c0   0x000003c0   0x00000188   Code   RO          580    .text               c_p.l(__printf_flags_ss_wp.o)
    0x00000548   0x00000548   0x0000002c   Code   RO          588    .text               c_p.l(puts.o)
    0x00000574   0x00000574   0x000001f8   Code   RO          590    .text               c_p.l(aeabi_sdivfast.o)
    0x0000076c   0x0000076c   0x00000006   Code   RO          598    .text               c_p.l(heapauxi.o)
    0x00000772   0x00000772   0x00000002   PAD
    0x00000774   0x00000774   0x0000007c   Code   RO          602    .text               fz_ps.l(d2f.o)
    0x000007f0   0x000007f0   0x00000058   Code   RO          604    .text               fz_ps.l(dflti.o)
    0x00000848   0x00000848   0x00000248   Code   RO          606    .text               fz_ps.l(dmul.o)
    0x00000a90   0x00000a90   0x00000054   Code   RO          608    .text               fz_ps.l(f2d.o)
    0x00000ae4   0x00000ae4   0x00000160   Code   RO          640    .text               fz_ps.l(fdiv.o)
    0x00000c44   0x00000c44   0x0000004c   Code   RO          643    .text               fz_ps.l(ffixi.o)
    0x00000c90   0x00000c90   0x0000005e   Code   RO          645    .text               fz_ps.l(fflti.o)
    0x00000cee   0x00000cee   0x0000004e   Code   RO          656    .text               c_p.l(_printf_pad.o)
    0x00000d3c   0x00000d3c   0x00000024   Code   RO          658    .text               c_p.l(_printf_truncate.o)
    0x00000d60   0x00000d60   0x000000b0   Code   RO          660    .text               c_p.l(_printf_intcommon.o)
    0x00000e10   0x00000e10   0x00000026   Code   RO          662    .text               c_p.l(_printf_charcount.o)
    0x00000e36   0x00000e36   0x00000002   PAD
    0x00000e38   0x00000e38   0x00000414   Code   RO          664    .text               c_p.l(_printf_fp_dec.o)
    0x0000124c   0x0000124c   0x00000030   Code   RO          668    .text               c_p.l(_printf_char_common.o)
    0x0000127c   0x0000127c   0x0000000a   Code   RO          670    .text               c_p.l(_sputc.o)
    0x00001286   0x00001286   0x00000010   Code   RO          672    .text               c_p.l(_snputc.o)
    0x00001296   0x00001296   0x0000002e   Code   RO          674    .text               c_p.l(_printf_char.o)
    0x000012c4   0x000012c4   0x000000bc   Code   RO          676    .text               c_p.l(_printf_wctomb.o)
    0x00001380   0x00001380   0x00000070   Code   RO          679    .text               c_p.l(_printf_longlong_dec.o)
    0x000013f0   0x000013f0   0x00000070   Code   RO          685    .text               c_p.l(_printf_oct_int_ll.o)
    0x00001460   0x00001460   0x00000098   Code   RO          705    .text               c_p.l(_printf_hex_int_ll_ptr.o)
    0x000014f8   0x000014f8   0x00000028   Code   RO          727    .text               c_p.l(rtudiv10.o)
    0x00001520   0x00001520   0x00000008   Code   RO          762    .text               c_p.l(rt_locale_intlibspace.o)
    0x00001528   0x00001528   0x0000007a   Code   RO          764    .text               c_p.l(lludiv10.o)
    0x000015a2   0x000015a2   0x00000002   PAD
    0x000015a4   0x000015a4   0x000002d8   Code   RO          766    .text               c_p.l(_printf_fp_hex.o)
    0x0000187c   0x0000187c   0x00000088   Code   RO          769    .text               c_p.l(_printf_fp_infnan.o)
    0x00001904   0x00001904   0x0000002e   Code   RO          773    .text               c_p.l(_printf_wchar.o)
    0x00001932   0x00001932   0x00000002   PAD
    0x00001934   0x00001934   0x000000d8   Code   RO          775    .text               c_p.l(bigflt0.o)
    0x00001a0c   0x00001a0c   0x00000580   Code   RO          778    .text               c_p.l(btod.o)
    0x00001f8c   0x00001f8c   0x00000042   Code   RO          784    .text               c_p.l(_c16rtomb.o)
    0x00001fce   0x00001fce   0x00000002   PAD
    0x00001fd0   0x00001fd0   0x00000064   Code   RO          789    .text               fz_ps.l(fcmpin.o)
    0x00002034   0x00002034   0x00000008   Code   RO          795    .text               c_p.l(libspace.o)
    0x0000203c   0x0000203c   0x0000003e   Code   RO          798    .text               c_p.l(sys_stackheap_outer.o)
    0x0000207a   0x0000207a   0x00000002   PAD
    0x0000207c   0x0000207c   0x00000010   Code   RO          801    .text               c_p.l(rt_ctype_table.o)
    0x0000208c   0x0000208c   0x00000010   Code   RO          805    .text               c_p.l(exit.o)
    0x0000209c   0x0000209c   0x000000b0   Code   RO          811    .text               c_p.l(strcmpv6m.o)
    0x0000214c   0x0000214c   0x0000002e   Code   RO          866    .text               fz_ps.l(cmpret.o)
    0x0000217a   0x0000217a   0x00000002   PAD
    0x0000217c   0x0000217c   0x00000010   Code   RO          868    .text               fz_ps.l(fnan2.o)
    0x0000218c   0x0000218c   0x0000005e   Code   RO          888    .text               fz_ps.l(retnan.o)
    0x000021ea   0x000021ea   0x0000000a   Code   RO          369    .text.DL_Common_delayCycles  driverlib.a(dl_common.o)
    0x000021f4   0x000021f4   0x0000008c   Code   RO          382    .text.DL_I2C_fillControllerTXFIFO  driverlib.a(dl_i2c.o)
    0x00002280   0x00002280   0x00000026   Code   RO          378    .text.DL_I2C_setClockConfig  driverlib.a(dl_i2c.o)
    0x000022a6   0x000022a6   0x00000002   PAD
    0x000022a8   0x000022a8   0x00000108   Code   RO          490    .text.DL_Timer_initFourCCPWMMode  driverlib.a(dl_timer.o)
    0x000023b0   0x000023b0   0x00000100   Code   RO          414    .text.DL_Timer_initTimerMode  driverlib.a(dl_timer.o)
    0x000024b0   0x000024b0   0x0000001c   Code   RO          456    .text.DL_Timer_setCaptCompUpdateMethod  driverlib.a(dl_timer.o)
    0x000024cc   0x000024cc   0x00000018   Code   RO          464    .text.DL_Timer_setCaptureCompareOutCtl  driverlib.a(dl_timer.o)
    0x000024e4   0x000024e4   0x00000010   Code   RO          416    .text.DL_Timer_setCaptureCompareValue  driverlib.a(dl_timer.o)
    0x000024f4   0x000024f4   0x0000001c   Code   RO          410    .text.DL_Timer_setClockConfig  driverlib.a(dl_timer.o)
    0x00002510   0x00002510   0x00000048   Code   RO          510    .text.DL_UART_init  driverlib.a(dl_uart.o)
    0x00002558   0x00002558   0x00000012   Code   RO          512    .text.DL_UART_setClockConfig  driverlib.a(dl_uart.o)
    0x0000256a   0x0000256a   0x00000002   PAD
    0x0000256c   0x0000256c   0x00000080   Code   RO          155    .text.I2C_WaitAck_gyro  bsp_gyro.o
    0x000025ec   0x000025ec   0x00000154   Code   RO          240    .text.OLED_Clear    oled_hardware_i2c.o
    0x00002740   0x00002740   0x00000208   Code   RO          256    .text.OLED_Init     oled_hardware_i2c.o
    0x00002948   0x00002948   0x000000dc   Code   RO          242    .text.OLED_ShowChar  oled_hardware_i2c.o
    0x00002a24   0x00002a24   0x00000040   Code   RO          248    .text.OLED_ShowString  oled_hardware_i2c.o
    0x00002a64   0x00002a64   0x00000178   Code   RO          230    .text.OLED_WR_Byte  oled_hardware_i2c.o
    0x00002bdc   0x00002bdc   0x00000138   Code   RO          159    .text.Read_Byte     bsp_gyro.o
    0x00002d14   0x00002d14   0x00000108   Code   RO           33    .text.SYSCFG_DL_GPIO_init  ti_msp_dl_config.o
    0x00002e1c   0x00002e1c   0x00000054   Code   RO           41    .text.SYSCFG_DL_I2C_OLED_init  ti_msp_dl_config.o
    0x00002e70   0x00002e70   0x000000e0   Code   RO           37    .text.SYSCFG_DL_PWM_MOTOR_init  ti_msp_dl_config.o
    0x00002f50   0x00002f50   0x0000003c   Code   RO           35    .text.SYSCFG_DL_SYSCTL_init  ti_msp_dl_config.o
    0x00002f8c   0x00002f8c   0x00000030   Code   RO           47    .text.SYSCFG_DL_SYSTICK_init  ti_msp_dl_config.o
    0x00002fbc   0x00002fbc   0x00000038   Code   RO           39    .text.SYSCFG_DL_TIMER_0_init  ti_msp_dl_config.o
    0x00002ff4   0x00002ff4   0x00000068   Code   RO           43    .text.SYSCFG_DL_UART_0_init  ti_msp_dl_config.o
    0x0000305c   0x0000305c   0x00000084   Code   RO           45    .text.SYSCFG_DL_UART_OPENMV_init  ti_msp_dl_config.o
    0x000030e0   0x000030e0   0x0000003c   Code   RO           29    .text.SYSCFG_DL_init  ti_msp_dl_config.o
    0x0000311c   0x0000311c   0x00000060   Code   RO           31    .text.SYSCFG_DL_initPower  ti_msp_dl_config.o
    0x0000317c   0x0000317c   0x00000154   Code   RO          157    .text.Send_Byte_gyro  bsp_gyro.o
    0x000032d0   0x000032d0   0x0000000c   Code   RO          216    .text.SysTick_Handler  oled_hardware_i2c.o
    0x000032dc   0x000032dc   0x0000001c   Code   RO           98    .text.TIMA1_IRQHandler  tim.o
    0x000032f8   0x000032f8   0x00000018   Code   RO           96    .text.TIMER_0_init  tim.o
    0x00003310   0x00003310   0x00000028   Code   RO          321    .text.Tick_delay    delay.o
    0x00003338   0x00003338   0x00000020   Code   RO           80    .text.UART0_IRQHandler  uart.o
    0x00003358   0x00003358   0x000000b8   Code   RO          121    .text.UART2_IRQHandler  usart_openmv.o
    0x00003410   0x00003410   0x00000002   Code   RO           84    .text._sys_exit     uart.o
    0x00003412   0x00003412   0x00000002   PAD
    0x00003414   0x00003414   0x000000bc   Code   RO          185    .text.compute_weighted_error_digital  pid.o
    0x000034d0   0x000034d0   0x00000098   Code   RO          311    .text.control_color_sequence  bsp_control.o
    0x00003568   0x00003568   0x00000038   Code   RO          305    .text.control_gray_follow  bsp_control.o
    0x000035a0   0x000035a0   0x00000108   Code   RO          307    .text.control_gyro_straight  bsp_control.o
    0x000036a8   0x000036a8   0x00000344   Code   RO          309    .text.control_gyro_turn  bsp_control.o
    0x000039ec   0x000039ec   0x00000008   Code   RO           74    .text.delay_ms      uart.o
    0x000039f4   0x000039f4   0x00000032   Code   RO          323    .text.delay_us      delay.o
    0x00003a26   0x00003a26   0x00000002   PAD
    0x00003a28   0x00003a28   0x00000034   Code   RO          349    .text.encoder_get_distance_mm  encoder.o
    0x00003a5c   0x00003a5c   0x00000028   Code   RO          335    .text.encoder_init  encoder.o
    0x00003a84   0x00003a84   0x00000040   Code   RO          337    .text.encoder_poll  encoder.o
    0x00003ac4   0x00003ac4   0x0000001c   Code   RO          351    .text.encoder_reset_distance  encoder.o
    0x00003ae0   0x00003ae0   0x000000a8   Code   RO          339    .text.encoder_update_speed  encoder.o
    0x00003b88   0x00003b88   0x00000024   Code   RO           82    .text.fputc         uart.o
    0x00003bac   0x00003bac   0x00000134   Code   RO          163    .text.get_angle     bsp_gyro.o
    0x00003ce0   0x00003ce0   0x0000000c   Code   RO          167    .text.get_jy61p_data  bsp_gyro.o
    0x00003cec   0x00003cec   0x000000f0   Code   RO          165    .text.get_wx_wy_wz  bsp_gyro.o
    0x00003ddc   0x00003ddc   0x000001f0   Code   RO          325    .text.gray_serial_read  delay.o
    0x00003fcc   0x00003fcc   0x00000078   Code   RO          189    .text.grayscale_pid  pid.o
    0x00004044   0x00004044   0x000003bc   Code   RO            2    .text.main          empty.o
    0x00004400   0x00004400   0x000000ec   Code   RO          136    .text.motor_control  bsp_tb6612.o
    0x000044ec   0x000044ec   0x0000002c   Code   RO          197    .text.pid_reset_all  pid.o
    0x00004518   0x00004518   0x0000013c   Code   RO          161    .text.readDataJy61p  bsp_gyro.o
    0x00004654   0x00004654   0x00000010   Code   RO           72    .text.uart0_init    uart.o
    0x00004664   0x00004664   0x00000010   Code   RO          119    .text.uart_openmv_init  usart_openmv.o
    0x00004674   0x00004674   0x00000088   Code   RO          191    .text.yaw_pd        pid.o
    0x000046fc   0x000046fc   0x00000014   Code   RO          281    .text.zigbee_available  bsp_zigbee.o
    0x00004710   0x00004710   0x00000008   Code   RO          289    .text.zigbee_get_rx_count  bsp_zigbee.o
    0x00004718   0x00004718   0x00000008   Code   RO          287    .text.zigbee_get_tx_count  bsp_zigbee.o
    0x00004720   0x00004720   0x0000002c   Code   RO          271    .text.zigbee_init   bsp_zigbee.o
    0x0000474c   0x0000474c   0x00000044   Code   RO          279    .text.zigbee_poll   bsp_zigbee.o
    0x00004790   0x00004790   0x00000068   Code   RO          277    .text.zigbee_printf  bsp_zigbee.o
    0x000047f8   0x000047f8   0x00000030   Code   RO          283    .text.zigbee_read   bsp_zigbee.o
    0x00004828   0x00004828   0x000001f6   Code   RO          591    .text_divfast       c_p.l(aeabi_sdivfast.o)
    0x00004a1e   0x00004a1e   0x00000030   Code   RO          780    i.__ARM_common_ll_muluu  c_p.l(btod.o)
    0x00004a4e   0x00004a4e   0x00000002   PAD
    0x00004a50   0x00004a50   0x0000002c   Code   RO          793    i.__ARM_fpclassify  m_ps.l(fpclassify.o)
    0x00004a7c   0x00004a7c   0x00000016   Code   RO          623    i._fgeq             fz_ps.l(fcmp.o)
    0x00004a92   0x00004a92   0x00000016   Code   RO          624    i._fgr              fz_ps.l(fcmp.o)
    0x00004aa8   0x00004aa8   0x0000001a   Code   RO          625    i._fleq             fz_ps.l(fcmp.o)
    0x00004ac2   0x00004ac2   0x00000016   Code   RO          626    i._fls              fz_ps.l(fcmp.o)
    0x00004ad8   0x00004ad8   0x0000000e   Code   RO          573    i._is_digit         c_p.l(__printf_wp.o)
    0x00004ae6   0x00004ae6   0x00000002   PAD
    0x00004ae8   0x00004ae8   0x0000002c   Code   RO          787    locale$$code        c_p.l(lc_numeric_c.o)
    0x00004b14   0x00004b14   0x0000002c   Code   RO          878    locale$$code        c_p.l(lc_ctype_c.o)
    0x00004b40   0x00004b40   0x0000008c   Code   RO          610    x$fpl$fadd          fz_ps.l(faddsub.o)
    0x00004bcc   0x00004bcc   0x00000054   Code   RO          731    x$fpl$fgeqf         fz_ps.l(fgef.o)
    0x00004c20   0x00004c20   0x00000054   Code   RO          733    x$fpl$fleqf         fz_ps.l(flef.o)
    0x00004c74   0x00004c74   0x000000b0   Code   RO          647    x$fpl$fmul          fz_ps.l(fmul.o)
    0x00004d24   0x00004d24   0x000000d0   Code   RO          612    x$fpl$fsub          fz_ps.l(faddsub.o)
    0x00004df4   0x00004df4   0x00000010   Code   RO          649    x$fpl$printf1       fz_ps.l(printf1.o)
    0x00004e04   0x00004e04   0x00000010   Code   RO          735    x$fpl$printf2       fz_ps.l(printf2.o)
    0x00004e14   0x00004e14   0x00000000   Code   RO          741    x$fpl$usenofp       fz_ps.l(usenofp.o)
    0x00004e14   0x00004e14   0x00000011   Data   RO          581    .constdata          c_p.l(__printf_flags_ss_wp.o)
    0x00004e25   0x00004e25   0x00000040   Data   RO          641    .constdata          fz_ps.l(fdiv.o)
    0x00004e65   0x00004e65   0x00000003   PAD
    0x00004e68   0x00004e68   0x00000008   Data   RO          677    .constdata          c_p.l(_printf_wctomb.o)
    0x00004e70   0x00004e70   0x00000028   Data   RO          706    .constdata          c_p.l(_printf_hex_int_ll_ptr.o)
    0x00004e98   0x00004e98   0x00000026   Data   RO          767    .constdata          c_p.l(_printf_fp_hex.o)
    0x00004ebe   0x00004ebe   0x00000002   PAD
    0x00004ec0   0x00004ec0   0x00000094   Data   RO          776    .constdata          c_p.l(bigflt0.o)
    0x00004f54   0x00004f54   0x00000228   Data   RO          258    .rodata.asc2_0806   oled_hardware_i2c.o
    0x0000517c   0x0000517c   0x000005f0   Data   RO          259    .rodata.asc2_1608   oled_hardware_i2c.o
    0x0000576c   0x0000576c   0x00000002   Data   RO           59    .rodata.gI2C_OLEDClockConfig  ti_msp_dl_config.o
    0x0000576e   0x0000576e   0x00000003   Data   RO           55    .rodata.gPWM_MOTORClockConfig  ti_msp_dl_config.o
    0x00005771   0x00005771   0x00000003   PAD
    0x00005774   0x00005774   0x00000008   Data   RO           56    .rodata.gPWM_MOTORConfig  ti_msp_dl_config.o
    0x0000577c   0x0000577c   0x00000003   Data   RO           57    .rodata.gTIMER_0ClockConfig  ti_msp_dl_config.o
    0x0000577f   0x0000577f   0x00000001   PAD
    0x00005780   0x00005780   0x00000014   Data   RO           58    .rodata.gTIMER_0TimerConfig  ti_msp_dl_config.o
    0x00005794   0x00005794   0x00000002   Data   RO           60    .rodata.gUART_0ClockConfig  ti_msp_dl_config.o
    0x00005796   0x00005796   0x0000000a   Data   RO           61    .rodata.gUART_0Config  ti_msp_dl_config.o
    0x000057a0   0x000057a0   0x00000002   Data   RO           62    .rodata.gUART_OPENMVClockConfig  ti_msp_dl_config.o
    0x000057a2   0x000057a2   0x0000000a   Data   RO           63    .rodata.gUART_OPENMVConfig  ti_msp_dl_config.o
    0x000057ac   0x000057ac   0x00000015   Data   RO           11    .rodata.str1.1      empty.o
    0x000057c1   0x000057c1   0x0000000c   Data   RO          176    .rodata.str1.1      bsp_gyro.o
    0x000057cd   0x000057cd   0x00000003   PAD
    0x000057d0   0x000057d0   0x00000010   Data   RO          960    Region$$Table       anon$$obj.o
    0x000057e0   0x000057e0   0x0000001c   Data   RO          786    locale$$data        c_p.l(lc_numeric_c.o)
    0x000057fc   0x000057fc   0x00000110   Data   RO          877    locale$$data        c_p.l(lc_ctype_c.o)


    Execution Region RW_IRAM2 (Exec base: 0x20200000, Load base: 0x0000590c, Size: 0x00000538, Max: 0x00008000, ABSOLUTE)

    Exec Addr    Load Addr    Size         Type   Attr      Idx    E Section Name        Object

    0x20200000        -       0x00000060   Zero   RW          796    .bss                c_p.l(libspace.o)
    0x20200060        -       0x0000000c   Zero   RW          169    .bss.Gyro_Structure  bsp_gyro.o
    0x2020006c        -       0x00000004   Zero   RW          171    .bss.PitchY         bsp_gyro.o
    0x20200070        -       0x00000004   Zero   RW          170    .bss.RollX          bsp_gyro.o
    0x20200074        -       0x00000004   Zero   RW          173    .bss.WX             bsp_gyro.o
    0x20200078        -       0x00000004   Zero   RW          174    .bss.WY             bsp_gyro.o
    0x2020007c        -       0x00000004   Zero   RW          175    .bss.WZ             bsp_gyro.o
    0x20200080        -       0x00000004   Zero   RW          172    .bss.YawZ           bsp_gyro.o
    0x20200084        -       0x00000054   Zero   RW           87    .bss.__stdout       uart.o
    0x202000d8        -       0x00000004   Zero   RW          201    .bss.compute_weighted_error_digital.last_err  pid.o
    0x202000dc        -       0x00000004   Zero   RW            8    .bss.cur_yaw        empty.o
    0x202000e0        -       0x00000004   Zero   RW           10    .bss.disp_cnt       empty.o
    0x202000e4        -       0x000000bc   Zero   RW           53    .bss.gPWM_MOTORBackup  ti_msp_dl_config.o
    0x202001a0        -       0x000000bc   Zero   RW           54    .bss.gTIMER_0Backup  ti_msp_dl_config.o
    0x2020025c        -       0x00000008   Zero   RW          127    .bss.g_ball         usart_openmv.o
    0x20200264        -       0x00000001   Zero   RW          123    .bss.g_ball_new     usart_openmv.o
    0x20200265   0x0000590c   0x00000003   PAD
    0x20200268        -       0x00000004   Zero   RW          354    .bss.g_enc_l        encoder.o
    0x2020026c        -       0x00000004   Zero   RW          357    .bss.g_enc_l_last   encoder.o
    0x20200270        -       0x00000002   Zero   RW          359    .bss.g_enc_l_spd    encoder.o
    0x20200272   0x0000590c   0x00000002   PAD
    0x20200274        -       0x00000004   Zero   RW          356    .bss.g_enc_r        encoder.o
    0x20200278        -       0x00000004   Zero   RW          358    .bss.g_enc_r_last   encoder.o
    0x2020027c        -       0x00000002   Zero   RW          360    .bss.g_enc_r_spd    encoder.o
    0x2020027e   0x0000590c   0x00000002   PAD
    0x20200280        -       0x00000004   Zero   RW          202    .bss.g_gray_int     pid.o
    0x20200284        -       0x00000004   Zero   RW          203    .bss.g_gray_last    pid.o
    0x20200288        -       0x00000004   Zero   RW          206    .bss.g_l_int        pid.o
    0x2020028c        -       0x00000001   Zero   RW          353    .bss.g_last_la      encoder.o
    0x2020028d        -       0x00000001   Zero   RW          355    .bss.g_last_ra      encoder.o
    0x2020028e   0x0000590c   0x00000002   PAD
    0x20200290        -       0x00000020   Zero   RW            4    .bss.g_oled_text    empty.o
    0x202002b0        -       0x00000004   Zero   RW          207    .bss.g_r_int        pid.o
    0x202002b4        -       0x00000004   Zero   RW          204    .bss.g_yaw_int      pid.o
    0x202002b8        -       0x00000004   Zero   RW          205    .bss.g_yaw_last     pid.o
    0x202002bc        -       0x00000001   Zero   RW            9    .bss.gyro_cnt       empty.o
    0x202002bd   0x0000590c   0x00000003   PAD
    0x202002c0        -       0x00000004   Zero   RW            6    .bss.gyro_target    empty.o
    0x202002c4        -       0x00000001   Zero   RW          295    .bss.last_uart_data  bsp_zigbee.o
    0x202002c5   0x0000590c   0x00000003   PAD
    0x202002c8        -       0x00000004   Zero   RW            7    .bss.last_zb_tick   empty.o
    0x202002cc        -       0x00000009   Zero   RW          125    .bss.rx_buf         usart_openmv.o
    0x202002d5   0x0000590c   0x00000001   PAD
    0x202002d6        -       0x00000002   Zero   RW          291    .bss.rx_head        bsp_zigbee.o
    0x202002d8        -       0x00000001   Zero   RW          126    .bss.rx_idx         usart_openmv.o
    0x202002d9        -       0x00000040   Zero   RW          296    .bss.rx_ring        bsp_zigbee.o
    0x20200319        -       0x00000001   Zero   RW          124    .bss.rx_sync        usart_openmv.o
    0x2020031a        -       0x00000002   Zero   RW          292    .bss.rx_tail        bsp_zigbee.o
    0x2020031c        -       0x00000004   Zero   RW          294    .bss.rx_total       bsp_zigbee.o
    0x20200320        -       0x00000004   Zero   RW          262    .bss.start_time     oled_hardware_i2c.o
    0x20200324        -       0x00000001   Zero   RW            5    .bss.state          empty.o
    0x20200325   0x0000590c   0x00000003   PAD
    0x20200328        -       0x00000004   Zero   RW          261    .bss.tick_ms        oled_hardware_i2c.o
    0x2020032c        -       0x00000004   Zero   RW          293    .bss.tx_total       bsp_zigbee.o
    0x20200330        -       0x00000001   Zero   RW           86    .bss.uart_data      uart.o
    0x20200331   0x0000590c   0x00000007   PAD
    0x20200338        -       0x00000100   Zero   RW           20    HEAP                startup_mspm0g350x_uvision.o
    0x20200438        -       0x00000100   Zero   RW           19    STACK               startup_mspm0g350x_uvision.o


==============================================================================

Image component sizes


      Code (inc. data)   RO Data    RW Data    ZI Data      Debug   Object Name

      1308         92          0          0          0       3378   bsp_control.o
      1656        108         12          0         36      15572   bsp_gyro.o
       236         12          0          0          0       6208   bsp_tb6612.o
       300         40          0          0         77       8121   bsp_zigbee.o
       586          8          0          0          0       6947   delay.o
       956        204         21          0         50       5078   empty.o
       352         56          0          0         22       7539   encoder.o
      1532         96       2072          0          8      22911   oled_hardware_i2c.o
       488         76          0          0         28       2871   pid.o
        48         22        192          0        512        672   startup_mspm0g350x_uvision.o
      1128        200         60          0        376      30099   ti_msp_dl_config.o
        52         12          0          0          0       5495   tim.o
        94         16          0          0         85       6770   uart.o
       200         28          0          0         20       5742   usart_openmv.o

    ----------------------------------------------------------------------
      8940        970       2380          0       1240     127403   Object Totals
         0          0         16          0          0          0   (incl. Generated)
         4          0          7          0         26          0   (incl. Padding)

    ----------------------------------------------------------------------

      Code (inc. data)   RO Data    RW Data    ZI Data      Debug   Library Member Name

        44          4          0          0          0         84   __2sprintf.o
         8          0          0          0          0         68   __main.o
       392          6         17          0          0         76   __printf_flags_ss_wp.o
        14          0          0          0          0         60   __printf_wp.o
         0          0          0          0          0          0   __rtentry.o
        12          0          0          0          0          0   __rtentry2.o
         6          0          0          0          0          0   __rtentry4.o
        86         10          0          0          0          0   __scatter.o
        28          0          0          0          0          0   __scatter_zi.o
        66          0          0          0          0         76   _c16rtomb.o
        10          0          0          0          0          0   _printf_a.o
        10          0          0          0          0          0   _printf_c.o
        46          0          0          0          0        100   _printf_char.o
        48          6          0          0          0         88   _printf_char_common.o
        38          0          0          0          0         60   _printf_charcount.o
        10          0          0          0          0          0   _printf_d.o
       108         18          0          0          0         76   _printf_dec.o
        10          0          0          0          0          0   _printf_e.o
        10          0          0          0          0          0   _printf_f.o
      1044         12          0          0          0        116   _printf_fp_dec.o
       728         10         38          0          0         84   _printf_fp_hex.o
       136         16          0          0          0         76   _printf_fp_infnan.o
        10          0          0          0          0          0   _printf_g.o
       152          4         40          0          0        148   _printf_hex_int_ll_ptr.o
        10          0          0          0          0          0   _printf_i.o
       176          0          0          0          0         84   _printf_intcommon.o
        10          0          0          0          0          0   _printf_l.o
        10          0          0          0          0          0   _printf_lc.o
        10          0          0          0          0          0   _printf_ll.o
        10          0          0          0          0          0   _printf_lld.o
        10          0          0          0          0          0   _printf_lli.o
        10          0          0          0          0          0   _printf_llo.o
        10          0          0          0          0          0   _printf_llu.o
        10          0          0          0          0          0   _printf_llx.o
       112         18          0          0          0         76   _printf_longlong_dec.o
        10          0          0          0          0          0   _printf_ls.o
        10          0          0          0          0          0   _printf_n.o
        10          0          0          0          0          0   _printf_o.o
       112         10          0          0          0        112   _printf_oct_int_ll.o
        10          0          0          0          0          0   _printf_p.o
        78          0          0          0          0        100   _printf_pad.o
         2          0          0          0          0          0   _printf_percent.o
         4          0          0          0          0          0   _printf_percent_end.o
        10          0          0          0          0          0   _printf_s.o
        82          0          0          0          0         72   _printf_str.o
        36          0          0          0          0         76   _printf_truncate.o
        10          0          0          0          0          0   _printf_u.o
        46          0          0          0          0        100   _printf_wchar.o
       188          6          8          0          0         80   _printf_wctomb.o
        10          0          0          0          0          0   _printf_x.o
        16          0          0          0          0         60   _snputc.o
        10          0          0          0          0         60   _sputc.o
      1006          4          0          0          0        184   aeabi_sdivfast.o
       216          6        148          0          0         80   bigflt0.o
      1456         30          0          0          0        336   btod.o
        16          0          0          0          0         68   exit.o
         6          0          0          0          0        136   heapauxi.o
        44         10        272          0          0         76   lc_ctype_c.o
        44         10         28          0          0         76   lc_numeric_c.o
         2          0          0          0          0          0   libinit.o
        30          0          0          0          0          0   libinit2.o
         2          0          0          0          0          0   libshutdown.o
         2          0          0          0          0          0   libshutdown2.o
         8          4          0          0         96         68   libspace.o
       122          0          0          0          0         72   lludiv10.o
        44          6          0          0          0         68   puts.o
        16          4          0          0          0         76   rt_ctype_table.o
         8          4          0          0          0         68   rt_locale_intlibspace.o
         2          0          0          0          0          0   rtexit.o
        10          0          0          0          0          0   rtexit2.o
        40          0          0          0          0         60   rtudiv10.o
       176          4          0          0          0         80   strcmpv6m.o
        62          0          0          0          0         80   sys_stackheap_outer.o
        60          4          0          0          0         72   vsnprintf.o
        10          0          0          0          0        800   dl_common.o
       178          0          0          0          0       9849   dl_i2c.o
       616        192          0          0          0      38973   dl_timer.o
        90          8          0          0          0      14700   dl_uart.o
        46          0          0          0          0         60   cmpret.o
       124          4          0          0          0         72   d2f.o
        88          0          0          0          0         92   dflti.o
       584         26          0          0          0         84   dmul.o
        84          4          0          0          0         60   f2d.o
       348          8          0          0          0        160   faddsub.o
        92          0          0          0          0        272   fcmp.o
       100          4          0          0          0         68   fcmpin.o
       352         10         64          0          0         92   fdiv.o
        76          0          0          0          0         68   ffixi.o
        94          0          0          0          0         92   fflti.o
        84          4          0          0          0         76   fgef.o
        84          4          0          0          0         76   flef.o
       176          4          0          0          0         80   fmul.o
        16          6          0          0          0         68   fnan2.o
        16          4          0          0          0         76   printf1.o
        16          4          0          0          0         76   printf2.o
        94          0          0          0          0         68   retnan.o
         0          0          0          0          0          0   usenofp.o
        44          4          0          0          0         60   fpclassify.o

    ----------------------------------------------------------------------
     10856        496        620          0         96      69554   Library Totals
        34          4          5          0          0          0   (incl. Padding)

    ----------------------------------------------------------------------

      Code (inc. data)   RO Data    RW Data    ZI Data      Debug   Library Name

      7410        206        551          0         96       3532   c_p.l
       894        200          0          0          0      64322   driverlib.a
      2474         82         64          0          0       1640   fz_ps.l
        44          4          0          0          0         60   m_ps.l

    ----------------------------------------------------------------------
     10856        496        620          0         96      69554   Library Totals

    ----------------------------------------------------------------------

==============================================================================


      Code (inc. data)   RO Data    RW Data    ZI Data      Debug   

     19796       1466       3000          0       1336     193933   Grand Totals
     19796       1466       3000          0       1336     193933   ELF Image Totals
     19796       1466       3000          0          0          0   ROM Totals

==============================================================================

    Total RO  Size (Code + RO Data)                22796 (  22.26kB)
    Total RW  Size (RW Data + ZI Data)              1336 (   1.30kB)
    Total ROM Size (Code + RO Data + RW Data)      22796 (  22.26kB)

==============================================================================

