Component: Arm Compiler for Embedded 6.22 Tool: armlink [5ee90200]

==============================================================================

Section Cross References

    startup_mspm0g350x_uvision.o(STACK) refers (Special) to heapauxi.o(.text) for __use_two_region_memory
    startup_mspm0g350x_uvision.o(HEAP) refers (Special) to heapauxi.o(.text) for __use_two_region_memory
    startup_mspm0g350x_uvision.o(RESET) refers (Special) to heapauxi.o(.text) for __use_two_region_memory
    startup_mspm0g350x_uvision.o(RESET) refers to startup_mspm0g350x_uvision.o(STACK) for __initial_sp
    startup_mspm0g350x_uvision.o(RESET) refers to startup_mspm0g350x_uvision.o(.text) for Reset_Handler
    startup_mspm0g350x_uvision.o(RESET) refers to oled_hardware_i2c.o(.text.SysTick_Handler) for SysTick_Handler
    startup_mspm0g350x_uvision.o(RESET) refers to usart_openmv.o(.text.UART2_IRQHandler) for UART2_IRQHandler
    startup_mspm0g350x_uvision.o(RESET) refers to uart.o(.text.UART0_IRQHandler) for UART0_IRQHandler
    startup_mspm0g350x_uvision.o(RESET) refers to tim.o(.text.TIMA1_IRQHandler) for TIMA1_IRQHandler
    startup_mspm0g350x_uvision.o(.text) refers (Special) to heapauxi.o(.text) for __use_two_region_memory
    startup_mspm0g350x_uvision.o(.text) refers to __main.o(!!!main) for __main
    startup_mspm0g350x_uvision.o(.text) refers to startup_mspm0g350x_uvision.o(HEAP) for Heap_Mem
    startup_mspm0g350x_uvision.o(.text) refers to startup_mspm0g350x_uvision.o(STACK) for Stack_Mem
    ti_msp_dl_config.o(.text.SYSCFG_DL_init) refers to ti_msp_dl_config.o(.text.SYSCFG_DL_initPower) for SYSCFG_DL_initPower
    ti_msp_dl_config.o(.text.SYSCFG_DL_init) refers to ti_msp_dl_config.o(.text.SYSCFG_DL_GPIO_init) for SYSCFG_DL_GPIO_init
    ti_msp_dl_config.o(.text.SYSCFG_DL_init) refers to ti_msp_dl_config.o(.text.SYSCFG_DL_SYSCTL_init) for SYSCFG_DL_SYSCTL_init
    ti_msp_dl_config.o(.text.SYSCFG_DL_init) refers to ti_msp_dl_config.o(.text.SYSCFG_DL_PWM_MOTOR_init) for SYSCFG_DL_PWM_MOTOR_init
    ti_msp_dl_config.o(.text.SYSCFG_DL_init) refers to ti_msp_dl_config.o(.text.SYSCFG_DL_TIMER_0_init) for SYSCFG_DL_TIMER_0_init
    ti_msp_dl_config.o(.text.SYSCFG_DL_init) refers to ti_msp_dl_config.o(.text.SYSCFG_DL_I2C_OLED_init) for SYSCFG_DL_I2C_OLED_init
    ti_msp_dl_config.o(.text.SYSCFG_DL_init) refers to ti_msp_dl_config.o(.text.SYSCFG_DL_UART_0_init) for SYSCFG_DL_UART_0_init
    ti_msp_dl_config.o(.text.SYSCFG_DL_init) refers to ti_msp_dl_config.o(.text.SYSCFG_DL_UART_OPENMV_init) for SYSCFG_DL_UART_OPENMV_init
    ti_msp_dl_config.o(.text.SYSCFG_DL_init) refers to ti_msp_dl_config.o(.text.SYSCFG_DL_SYSTICK_init) for SYSCFG_DL_SYSTICK_init
    ti_msp_dl_config.o(.text.SYSCFG_DL_init) refers to ti_msp_dl_config.o(.bss.gTIMER_0Backup) for gTIMER_0Backup
    ti_msp_dl_config.o(.text.SYSCFG_DL_init) refers to ti_msp_dl_config.o(.bss.gPWM_MOTORBackup) for gPWM_MOTORBackup
    ti_msp_dl_config.o(.ARM.exidx.text.SYSCFG_DL_init) refers to ti_msp_dl_config.o(.text.SYSCFG_DL_init) for [Anonymous Symbol]
    ti_msp_dl_config.o(.text.SYSCFG_DL_initPower) refers to dl_common.o(.text.DL_Common_delayCycles) for DL_Common_delayCycles
    ti_msp_dl_config.o(.ARM.exidx.text.SYSCFG_DL_initPower) refers to ti_msp_dl_config.o(.text.SYSCFG_DL_initPower) for [Anonymous Symbol]
    ti_msp_dl_config.o(.ARM.exidx.text.SYSCFG_DL_GPIO_init) refers to ti_msp_dl_config.o(.text.SYSCFG_DL_GPIO_init) for [Anonymous Symbol]
    ti_msp_dl_config.o(.ARM.exidx.text.SYSCFG_DL_SYSCTL_init) refers to ti_msp_dl_config.o(.text.SYSCFG_DL_SYSCTL_init) for [Anonymous Symbol]
    ti_msp_dl_config.o(.text.SYSCFG_DL_PWM_MOTOR_init) refers to dl_timer.o(.text.DL_Timer_setClockConfig) for DL_Timer_setClockConfig
    ti_msp_dl_config.o(.text.SYSCFG_DL_PWM_MOTOR_init) refers to dl_timer.o(.text.DL_Timer_initFourCCPWMMode) for DL_Timer_initFourCCPWMMode
    ti_msp_dl_config.o(.text.SYSCFG_DL_PWM_MOTOR_init) refers to dl_timer.o(.text.DL_Timer_setCaptureCompareOutCtl) for DL_Timer_setCaptureCompareOutCtl
    ti_msp_dl_config.o(.text.SYSCFG_DL_PWM_MOTOR_init) refers to dl_timer.o(.text.DL_Timer_setCaptCompUpdateMethod) for DL_Timer_setCaptCompUpdateMethod
    ti_msp_dl_config.o(.text.SYSCFG_DL_PWM_MOTOR_init) refers to dl_timer.o(.text.DL_Timer_setCaptureCompareValue) for DL_Timer_setCaptureCompareValue
    ti_msp_dl_config.o(.text.SYSCFG_DL_PWM_MOTOR_init) refers to ti_msp_dl_config.o(.rodata.gPWM_MOTORClockConfig) for [Anonymous Symbol]
    ti_msp_dl_config.o(.text.SYSCFG_DL_PWM_MOTOR_init) refers to ti_msp_dl_config.o(.rodata.gPWM_MOTORConfig) for [Anonymous Symbol]
    ti_msp_dl_config.o(.ARM.exidx.text.SYSCFG_DL_PWM_MOTOR_init) refers to ti_msp_dl_config.o(.text.SYSCFG_DL_PWM_MOTOR_init) for [Anonymous Symbol]
    ti_msp_dl_config.o(.text.SYSCFG_DL_TIMER_0_init) refers to dl_timer.o(.text.DL_Timer_setClockConfig) for DL_Timer_setClockConfig
[...]
    __arm_cp.40_6                            0x00001964   Number         4  dl_timer.o(.text.DL_Timer_initFourCCPWMMode)
    [Anonymous Symbol]                       0x00001968   Section        0  dl_timer.o(.text.DL_Timer_initTimerMode)
    __arm_cp.2_0                             0x00001a58   Number         4  dl_timer.o(.text.DL_Timer_initTimerMode)
    __arm_cp.2_1                             0x00001a5c   Number         4  dl_timer.o(.text.DL_Timer_initTimerMode)
    __arm_cp.2_2                             0x00001a60   Number         4  dl_timer.o(.text.DL_Timer_initTimerMode)
    __arm_cp.2_3                             0x00001a64   Number         4  dl_timer.o(.text.DL_Timer_initTimerMode)
    [Anonymous Symbol]                       0x00001a68   Section        0  dl_timer.o(.text.DL_Timer_setCaptCompUpdateMethod)
    __arm_cp.23_0                            0x00001a80   Number         4  dl_timer.o(.text.DL_Timer_setCaptCompUpdateMethod)
    [Anonymous Symbol]                       0x00001a84   Section        0  dl_timer.o(.text.DL_Timer_setCaptureCompareOutCtl)
    __arm_cp.27_0                            0x00001a98   Number         4  dl_timer.o(.text.DL_Timer_setCaptureCompareOutCtl)
    [Anonymous Symbol]                       0x00001a9c   Section        0  dl_timer.o(.text.DL_Timer_setCaptureCompareValue)
    __arm_cp.3_0                             0x00001aa8   Number         4  dl_timer.o(.text.DL_Timer_setCaptureCompareValue)
    [Anonymous Symbol]                       0x00001aac   Section        0  dl_timer.o(.text.DL_Timer_setClockConfig)
    __arm_cp.0_0                             0x00001ac4   Number         4  dl_timer.o(.text.DL_Timer_setClockConfig)
    [Anonymous Symbol]                       0x00001ac8   Section        0  dl_uart.o(.text.DL_UART_init)
    __arm_cp.0_0                             0x00001b08   Number         4  dl_uart.o(.text.DL_UART_init)
    __arm_cp.0_1                             0x00001b0c   Number         4  dl_uart.o(.text.DL_UART_init)
    [Anonymous Symbol]                       0x00001b10   Section        0  dl_uart.o(.text.DL_UART_setClockConfig)
    [Anonymous Symbol]                       0x00001b22   Section        0  oled_hardware_i2c.o(.text.OLED_Clear)
    [Anonymous Symbol]                       0x00001c78   Section        0  oled_hardware_i2c.o(.text.OLED_Init)
    __arm_cp.20_0                            0x00001e5c   Number         4  oled_hardware_i2c.o(.text.OLED_Init)
    __arm_cp.20_1                            0x00001e60   Number         4  oled_hardware_i2c.o(.text.OLED_Init)
    __arm_cp.20_2                            0x00001e64   Number         4  oled_hardware_i2c.o(.text.OLED_Init)
    __arm_cp.20_3                            0x00001e68   Number         4  oled_hardware_i2c.o(.text.OLED_Init)
    __arm_cp.20_4                            0x00001e6c   Number         4  oled_hardware_i2c.o(.text.OLED_Init)
    __arm_cp.20_5                            0x00001e70   Number         4  oled_hardware_i2c.o(.text.OLED_Init)
    __arm_cp.20_6                            0x00001e74   Number         4  oled_hardware_i2c.o(.text.OLED_Init)
    __arm_cp.20_7                            0x00001e78   Number         4  oled_hardware_i2c.o(.text.OLED_Init)
    __arm_cp.20_8                            0x00001e7c   Number         4  oled_hardware_i2c.o(.text.OLED_Init)
    [Anonymous Symbol]                       0x00001e80   Section        0  oled_hardware_i2c.o(.text.OLED_ShowChar)
    __arm_cp.13_0                            0x00001f54   Number         4  oled_hardware_i2c.o(.text.OLED_ShowChar)
    __arm_cp.13_1                            0x00001f58   Number         4  oled_hardware_i2c.o(.text.OLED_ShowChar)
    [Anonymous Symbol]                       0x00001f5c   Section        0  oled_hardware_i2c.o(.text.OLED_ShowString)
    [Anonymous Symbol]                       0x00001f9c   Section        0  oled_hardware_i2c.o(.text.OLED_WR_Byte)
    __arm_cp.7_0                             0x000020e0   Number         4  oled_hardware_i2c.o(.text.OLED_WR_Byte)
    __arm_cp.7_2                             0x000020e4   Number         4  oled_hardware_i2c.o(.text.OLED_WR_Byte)
    __arm_cp.7_3                             0x000020e8   Number         4  oled_hardware_i2c.o(.text.OLED_WR_Byte)
    __arm_cp.7_4                             0x000020ec   Number         4  oled_hardware_i2c.o(.text.OLED_WR_Byte)
    __arm_cp.7_5                             0x000020f0   Number         4  oled_hardware_i2c.o(.text.OLED_WR_Byte)
    __arm_cp.7_6                             0x000020f4   Number         4  oled_hardware_i2c.o(.text.OLED_WR_Byte)
    __arm_cp.7_7                             0x000020f8   Number         4  oled_hardware_i2c.o(.text.OLED_WR_Byte)
    __arm_cp.7_8                             0x000020fc   Number         4  oled_hardware_i2c.o(.text.OLED_WR_Byte)
    __arm_cp.7_9                             0x00002100   Number         4  oled_hardware_i2c.o(.text.OLED_WR_Byte)
    __arm_cp.7_10                            0x00002104   Number         4  oled_hardware_i2c.o(.text.OLED_WR_Byte)
    __arm_cp.7_11                            0x00002108   Number         4  oled_hardware_i2c.o(.text.OLED_WR_Byte)
    __arm_cp.7_12                            0x0000210c   Number         4  oled_hardware_i2c.o(.text.OLED_WR_Byte)
    __arm_cp.7_13                            0x00002110   Number         4  oled_hardware_i2c.o(.text.OLED_WR_Byte)
    __arm_cp.7_14                            0x00002114   Number         4  oled_hardware_i2c.o(.text.OLED_WR_Byte)
    [Anonymous Symbol]                       0x00002118   Section        0  ti_msp_dl_config.o(.text.SYSCFG_DL_GPIO_init)
    __arm_cp.2_0                             0x00002210   Number         4  ti_msp_dl_config.o(.text.SYSCFG_DL_GPIO_init)
    __arm_cp.2_1                             0x00002214   Number         4  ti_msp_dl_config.o(.text.SYSCFG_DL_GPIO_init)
    __arm_cp.2_2                             0x00002218   Number         4  ti_msp_dl_config.o(.text.SYSCFG_DL_GPIO_init)
    __arm_cp.2_3                             0x0000221c   Number         4  ti_msp_dl_config.o(.text.SYSCFG_DL_GPIO_init)
    __arm_cp.2_4                             0x00002220   Number         4  ti_msp_dl_config.o(.text.SYSCFG_DL_GPIO_init)
    __arm_cp.2_5                             0x00002224   Number         4  ti_msp_dl_config.o(.text.SYSCFG_DL_GPIO_init)
    __arm_cp.2_6                             0x00002228   Number         4  ti_msp_dl_config.o(.text.SYSCFG_DL_GPIO_init)
    __arm_cp.2_7                             0x0000222c   Number         4  ti_msp_dl_config.o(.text.SYSCFG_DL_GPIO_init)
    [Anonymous Symbol]                       0x00002230   Section        0  ti_msp_dl_config.o(.text.SYSCFG_DL_I2C_OLED_init)
    __arm_cp.6_0                             0x00002278   Number         4  ti_msp_dl_config.o(.text.SYSCFG_DL_I2C_OLED_init)
    __arm_cp.6_1                             0x0000227c   Number         4  ti_msp_dl_config.o(.text.SYSCFG_DL_I2C_OLED_init)
    __arm_cp.6_2                             0x00002280   Number         4  ti_msp_dl_config.o(.text.SYSCFG_DL_I2C_OLED_init)
    [Anonymous Symbol]                       0x00002284   Section        0  ti_msp_dl_config.o(.text.SYSCFG_DL_PWM_MOTOR_init)
    __arm_cp.4_0                             0x0000234c   Number         4  ti_msp_dl_config.o(.text.SYSCFG_DL_PWM_MOTOR_init)
    __arm_cp.4_1                             0x00002350   Number         4  ti_msp_dl_config.o(.text.SYSCFG_DL_PWM_MOTOR_init)
    __arm_cp.4_2                             0x00002354   Number         4  ti_msp_dl_config.o(.text.SYSCFG_DL_PWM_MOTOR_init)
    __arm_cp.4_3                             0x00002358   Number         4  ti_msp_dl_config.o(.text.SYSCFG_DL_PWM_MOTOR_init)
    __arm_cp.4_4                             0x0000235c   Number         4  ti_msp_dl_config.o(.text.SYSCFG_DL_PWM_MOTOR_init)
    __arm_cp.4_5                             0x00002360   Number         4  ti_msp_dl_config.o(.text.SYSCFG_DL_PWM_MOTOR_init)
    [Anonymous Symbol]                       0x00002364   Section        0  ti_msp_dl_config.o(.text.SYSCFG_DL_SYSCTL_init)
    __arm_cp.3_0                             0x00002398   Number         4  ti_msp_dl_config.o(.text.SYSCFG_DL_SYSCTL_init)
    __arm_cp.3_1                             0x0000239c   Number         4  ti_msp_dl_config.o(.text.SYSCFG_DL_SYSCTL_init)
    [Anonymous Symbol]                       0x000023a0   Section        0  ti_msp_dl_config.o(.text.SYSCFG_DL_SYSTICK_init)
    __arm_cp.9_0                             0x000023c4   Number         4  ti_msp_dl_config.o(.text.SYSCFG_DL_SYSTICK_init)
    __arm_cp.9_1                             0x000023c8   Number         4  ti_msp_dl_config.o(.text.SYSCFG_DL_SYSTICK_init)
    __arm_cp.9_2                             0x000023cc   Number         4  ti_msp_dl_config.o(.text.SYSCFG_DL_SYSTICK_init)
    [Anonymous Symbol]                       0x000023d0   Section        0  ti_msp_dl_config.o(.text.SYSCFG_DL_TIMER_0_init)
    __arm_cp.5_0                             0x000023f4   Number         4  ti_msp_dl_config.o(.text.SYSCFG_DL_TIMER_0_init)
    __arm_cp.5_1                             0x000023f8   Number         4  ti_msp_dl_config.o(.text.SYSCFG_DL_TIMER_0_init)
    __arm_cp.5_2                             0x000023fc   Number         4  ti_msp_dl_config.o(.text.SYSCFG_DL_TIMER_0_init)
    __arm_cp.5_3                             0x00002400   Number         4  ti_msp_dl_config.o(.text.SYSCFG_DL_TIMER_0_init)
    __arm_cp.5_4                             0x00002404   Number         4  ti_msp_dl_config.o(.text.SYSCFG_DL_TIMER_0_init)
    [Anonymous Symbol]                       0x00002408   Section        0  ti_msp_dl_config.o(.text.SYSCFG_DL_UART_0_init)
    __arm_cp.7_0                             0x0000245c   Number         4  ti_msp_dl_config.o(.text.SYSCFG_DL_UART_0_init)
    __arm_cp.7_1                             0x00002460   Number         4  ti_msp_dl_config.o(.text.SYSCFG_DL_UART_0_init)
    __arm_cp.7_2                             0x00002464   Number         4  ti_msp_dl_config.o(.text.SYSCFG_DL_UART_0_init)
    __arm_cp.7_3                             0x00002468   Number         4  ti_msp_dl_config.o(.text.SYSCFG_DL_UART_0_init)
    __arm_cp.7_5                             0x0000246c   Number         4  ti_msp_dl_config.o(.text.SYSCFG_DL_UART_0_init)
    [Anonymous Symbol]                       0x00002470   Section        0  ti_msp_dl_config.o(.text.SYSCFG_DL_UART_OPENMV_init)
    __arm_cp.8_0                             0x000024d8   Number         4  ti_msp_dl_config.o(.text.SYSCFG_DL_UART_OPENMV_init)
    __arm_cp.8_1                             0x000024dc   Number         4  ti_msp_dl_config.o(.text.SYSCFG_DL_UART_OPENMV_init)
    __arm_cp.8_2                             0x000024e0   Number         4  ti_msp_dl_config.o(.text.SYSCFG_DL_UART_OPENMV_init)
    __arm_cp.8_3                             0x000024e4   Number         4  ti_msp_dl_config.o(.text.SYSCFG_DL_UART_OPENMV_init)
    __arm_cp.8_4                             0x000024e8   Number         4  ti_msp_dl_config.o(.text.SYSCFG_DL_UART_OPENMV_init)
    __arm_cp.8_5                             0x000024ec   Number         4  ti_msp_dl_config.o(.text.SYSCFG_DL_UART_OPENMV_init)
    __arm_cp.8_6                             0x000024f0   Number         4  ti_msp_dl_config.o(.text.SYSCFG_DL_UART_OPENMV_init)
    [Anonymous Symbol]                       0x000024f4   Section        0  ti_msp_dl_config.o(.text.SYSCFG_DL_init)
    __arm_cp.0_0                             0x00002528   Number         4  ti_msp_dl_config.o(.text.SYSCFG_DL_init)
    __arm_cp.0_1                             0x0000252c   Number         4  ti_msp_dl_config.o(.text.SYSCFG_DL_init)
    [Anonymous Symbol]                       0x00002530   Section        0  ti_msp_dl_config.o(.text.SYSCFG_DL_initPower)
    __arm_cp.1_0                             0x0000256c   Number         4  ti_msp_dl_config.o(.text.SYSCFG_DL_initPower)
    __arm_cp.1_1                             0x00002570   Number         4  ti_msp_dl_config.o(.text.SYSCFG_DL_initPower)
    __arm_cp.1_2                             0x00002574   Number         4  ti_msp_dl_config.o(.text.SYSCFG_DL_initPower)
    __arm_cp.1_3                             0x00002578   Number         4  ti_msp_dl_config.o(.text.SYSCFG_DL_initPower)
    __arm_cp.1_4                             0x0000257c   Number         4  ti_msp_dl_config.o(.text.SYSCFG_DL_initPower)
    __arm_cp.1_5                             0x00002580   Number         4  ti_msp_dl_config.o(.text.SYSCFG_DL_initPower)
    __arm_cp.1_6                             0x00002584   Number         4  ti_msp_dl_config.o(.text.SYSCFG_DL_initPower)
    __arm_cp.1_7                             0x00002588   Number         4  ti_msp_dl_config.o(.text.SYSCFG_DL_initPower)
    __arm_cp.1_8                             0x0000258c   Number         4  ti_msp_dl_config.o(.text.SYSCFG_DL_initPower)
    [Anonymous Symbol]                       0x00002590   Section        0  oled_hardware_i2c.o(.text.SysTick_Handler)
    [Anonymous Symbol]                       0x0000259c   Section        0  tim.o(.text.TIMA1_IRQHandler)
    __arm_cp.1_0                             0x000025b4   Number         4  tim.o(.text.TIMA1_IRQHandler)
    [Anonymous Symbol]                       0x000025b8   Section        0  delay.o(.text.Tick_delay)
    __arm_cp.0_0                             0x000025e0   Number         4  delay.o(.text.Tick_delay)
    [Anonymous Symbol]                       0x000025e4   Section        0  uart.o(.text.UART0_IRQHandler)
    __arm_cp.4_0                             0x00002610   Number         4  uart.o(.text.UART0_IRQHandler)
    __arm_cp.4_1                             0x00002614   Number         4  uart.o(.text.UART0_IRQHandler)
    __arm_cp.4_2                             0x00002618   Number         4  uart.o(.text.UART0_IRQHandler)
    __arm_cp.4_3                             0x0000261c   Number         4  uart.o(.text.UART0_IRQHandler)
    __arm_cp.4_4                             0x00002620   Number         4  uart.o(.text.UART0_IRQHandler)
    [Anonymous Symbol]                       0x00002624   Section        0  usart_openmv.o(.text.UART2_IRQHandler)
    __arm_cp.1_0                             0x000026c0   Number         4  usart_openmv.o(.text.UART2_IRQHandler)
    __arm_cp.1_1                             0x000026c4   Number         4  usart_openmv.o(.text.UART2_IRQHandler)
    __arm_cp.1_2                             0x000026c8   Number         4  usart_openmv.o(.text.UART2_IRQHandler)
    __arm_cp.1_3                             0x000026cc   Number         4  usart_openmv.o(.text.UART2_IRQHandler)
    __arm_cp.1_4                             0x000026d0   Number         4  usart_openmv.o(.text.UART2_IRQHandler)
    __arm_cp.1_5                             0x000026d4   Number         4  usart_openmv.o(.text.UART2_IRQHandler)
    __arm_cp.1_6                             0x000026d8   Number         4  usart_openmv.o(.text.UART2_IRQHandler)
    [Anonymous Symbol]                       0x000026dc   Section        0  uart.o(.text._sys_exit)
    [Anonymous Symbol]                       0x000026e0   Section        0  pid.o(.text.compute_weighted_error_digital)
    __arm_cp.0_0                             0x00002798   Number         4  pid.o(.text.compute_weighted_error_digital)
    __arm_cp.0_1                             0x0000279c   Number         4  pid.o(.text.compute_weighted_error_digital)
    __arm_cp.0_2                             0x000027a0   Number         4  pid.o(.text.compute_weighted_error_digital)
    [Anonymous Symbol]                       0x000027a4   Section        0  uart.o(.text.delay_ms)
    [Anonymous Symbol]                       0x000027ac   Section        0  delay.o(.text.delay_us)
    [Anonymous Symbol]                       0x000027e0   Section        0  encoder.o(.text.encoder_update_speed)
    __arm_cp.2_0                             0x00002868   Number         4  encoder.o(.text.encoder_update_speed)
    __arm_cp.2_1                             0x0000286c   Number         4  encoder.o(.text.encoder_update_speed)
    __arm_cp.2_2                             0x00002870   Number         4  encoder.o(.text.encoder_update_speed)
    __arm_cp.2_3                             0x00002874   Number         4  encoder.o(.text.encoder_update_speed)
    __arm_cp.2_4                             0x00002878   Number         4  encoder.o(.text.encoder_update_speed)
    __arm_cp.2_5                             0x0000287c   Number         4  encoder.o(.text.encoder_update_speed)
    __arm_cp.2_6                             0x00002880   Number         4  encoder.o(.text.encoder_update_speed)
    __arm_cp.2_7                             0x00002884   Number         4  encoder.o(.text.encoder_update_speed)
    [Anonymous Symbol]                       0x00002888   Section        0  delay.o(.text.gray_serial_read)
    __arm_cp.2_0                             0x00002a70   Number         4  delay.o(.text.gray_serial_read)
    __arm_cp.2_1                             0x00002a74   Number         4  delay.o(.text.gray_serial_read)
    [Anonymous Symbol]                       0x00002a78   Section        0  empty.o(.text.main)
    __arm_cp.0_90                            0x00002de8   Number         4  empty.o(.text.main)
    __arm_cp.0_91                            0x00002dec   Number         4  empty.o(.text.main)
    __arm_cp.0_52                            0x00002e9c   Number         4  empty.o(.text.main)
    __arm_cp.0_65                            0x00002ef8   Number         4  empty.o(.text.main)
    __arm_cp.0_66                            0x00002efc   Number         4  empty.o(.text.main)
    __arm_cp.0_67                            0x00002f00   Number         4  empty.o(.text.main)
    __arm_cp.0_70                            0x00002f0c   Number         4  empty.o(.text.main)
    __arm_cp.0_72                            0x00002f14   Number         4  empty.o(.text.main)
    __arm_cp.0_73                            0x00002f18   Number         4  empty.o(.text.main)
    __arm_cp.0_74                            0x00002f1c   Number         4  empty.o(.text.main)
    __arm_cp.0_75                            0x00002f20   Number         4  empty.o(.text.main)
    __arm_cp.0_77                            0x00002f2c   Number         4  empty.o(.text.main)
    __arm_cp.0_78                            0x00002f30   Number         4  empty.o(.text.main)
    __arm_cp.0_79                            0x00002f34   Number         4  empty.o(.text.main)
    __arm_cp.0_80                            0x00002f38   Number         4  empty.o(.text.main)
    __arm_cp.0_81                            0x00002f3c   Number         4  empty.o(.text.main)
    __arm_cp.0_82                            0x00002f40   Number         4  empty.o(.text.main)
    __arm_cp.0_1                             0x0000333c   Number         4  empty.o(.text.main)
    __arm_cp.0_2                             0x00003340   Number         4  empty.o(.text.main)
    __arm_cp.0_3                             0x00003344   Number         4  empty.o(.text.main)
    __arm_cp.0_4                             0x00003348   Number         4  empty.o(.text.main)
    __arm_cp.0_9                             0x0000334c   Number         4  empty.o(.text.main)
    __arm_cp.0_16                            0x00003350   Number         4  empty.o(.text.main)
    __arm_cp.0_17                            0x00003354   Number         4  empty.o(.text.main)
    __arm_cp.0_20                            0x00003358   Number         4  empty.o(.text.main)
    __arm_cp.0_31                            0x0000335c   Number         4  empty.o(.text.main)
    __arm_cp.0_32                            0x00003360   Number         4  empty.o(.text.main)
    __arm_cp.0_33                            0x00003364   Number         4  empty.o(.text.main)
    __arm_cp.0_34                            0x00003368   Number         4  empty.o(.text.main)
    __arm_cp.0_35                            0x0000336c   Number         4  empty.o(.text.main)
    __arm_cp.0_36                            0x00003370   Number         4  empty.o(.text.main)
    __arm_cp.0_37                            0x00003374   Number         4  empty.o(.text.main)
    __arm_cp.0_38                            0x00003378   Number         4  empty.o(.text.main)
    __arm_cp.0_39                            0x0000337c   Number         4  empty.o(.text.main)
    __arm_cp.0_41                            0x00003388   Number         4  empty.o(.text.main)
    __arm_cp.0_42                            0x0000338c   Number         4  empty.o(.text.main)
    __arm_cp.0_43                            0x00003390   Number         4  empty.o(.text.main)
    __arm_cp.0_44                            0x00003394   Number         4  empty.o(.text.main)
    __arm_cp.0_49                            0x000033cc   Number         4  empty.o(.text.main)
    [Anonymous Symbol]                       0x000033d0   Section        0  bsp_tb6612.o(.text.motor_control)
    __arm_cp.0_0                             0x000034b0   Number         4  bsp_tb6612.o(.text.motor_control)
    __arm_cp.0_1                             0x000034b4   Number         4  bsp_tb6612.o(.text.motor_control)
    __arm_cp.0_2                             0x000034b8   Number         4  bsp_tb6612.o(.text.motor_control)
    spi_read_byte                            0x000034bd   Thumb Code   244  w25q64.o(.text.spi_read_byte)
    [Anonymous Symbol]                       0x000034bc   Section        0  w25q64.o(.text.spi_read_byte)
    __arm_cp.3_1                             0x000035b0   Number         4  w25q64.o(.text.spi_read_byte)
    spi_write_byte                           0x000035b5   Thumb Code   260  w25q64.o(.text.spi_write_byte)
    [Anonymous Symbol]                       0x000035b4   Section        0  w25q64.o(.text.spi_write_byte)
    [Anonymous Symbol]                       0x000036b8   Section        0  w25q64.o(.text.w25q64_erase_sector)
    [Anonymous Symbol]                       0x00003700   Section        0  w25q64.o(.text.w25q64_init)
    __arm_cp.0_0                             0x00003730   Number         4  w25q64.o(.text.w25q64_init)
    __arm_cp.0_1                             0x00003734   Number         4  w25q64.o(.text.w25q64_init)
    __arm_cp.0_2                             0x00003738   Number         4  w25q64.o(.text.w25q64_init)
    __arm_cp.0_3                             0x0000373c   Number         4  w25q64.o(.text.w25q64_init)
    __arm_cp.0_4                             0x00003740   Number         4  w25q64.o(.text.w25q64_init)
    __arm_cp.0_5                             0x00003744   Number         4  w25q64.o(.text.w25q64_init)
    [Anonymous Symbol]                       0x00003748   Section        0  w25q64.o(.text.w25q64_read)
    [Anonymous Symbol]                       0x0000378c   Section        0  w25q64.o(.text.w25q64_write)
    __arm_cp.5_0                             0x00003810   Number         4  w25q64.o(.text.w25q64_write)
    i.__ARM_common_ll_muluu                  0x00003814   Section        0  btod.o(i.__ARM_common_ll_muluu)
    i.__ARM_fpclassify                       0x00003844   Section        0  fpclassify.o(i.__ARM_fpclassify)
    i._fgeq                                  0x00003870   Section        0  fcmp.o(i._fgeq)
    i._fgr                                   0x00003886   Section        0  fcmp.o(i._fgr)
    i._fleq                                  0x0000389c   Section        0  fcmp.o(i._fleq)
    i._fls                                   0x000038b6   Section        0  fcmp.o(i._fls)
    i._is_digit                              0x000038cc   Section        0  __printf_wp.o(i._is_digit)
    locale$$code                             0x000038dc   Section       44  lc_numeric_c.o(locale$$code)
    x$fpl$fadd                               0x00003908   Section      140  faddsub.o(x$fpl$fadd)
    _fadd1                                   0x00003915   Thumb Code     0  faddsub.o(x$fpl$fadd)
    x$fpl$fgeqf                              0x00003994   Section       84  fgef.o(x$fpl$fgeqf)
    x$fpl$fleqf                              0x000039e8   Section       84  flef.o(x$fpl$fleqf)
    x$fpl$fmul                               0x00003a3c   Section      176  fmul.o(x$fpl$fmul)
    x$fpl$fsub                               0x00003aec   Section      208  faddsub.o(x$fpl$fsub)
    _fsub1                                   0x00003af9   Thumb Code     0  faddsub.o(x$fpl$fsub)
    x$fpl$printf1                            0x00003bbc   Section       16  printf1.o(x$fpl$printf1)
    maptable                                 0x00003bcc   Data          17  __printf_flags_ss_wp.o(.constdata)
    .constdata                               0x00003bcc   Section       17  __printf_flags_ss_wp.o(.constdata)
    x$fpl$usenofp                            0x00003bcc   Section        0  usenofp.o(x$fpl$usenofp)
    fdiv_tab                                 0x00003bdd   Data          64  fdiv.o(.constdata)
    .constdata                               0x00003bdd   Section       64  fdiv.o(.constdata)
    tenpwrs_x                                0x00003c20   Data          60  bigflt0.o(.constdata)
    .constdata                               0x00003c20   Section      148  bigflt0.o(.constdata)
    tenpwrs_i                                0x00003c5c   Data          64  bigflt0.o(.constdata)
    gI2C_OLEDClockConfig                     0x000044cc   Data           2  ti_msp_dl_config.o(.rodata.gI2C_OLEDClockConfig)
    [Anonymous Symbol]                       0x000044cc   Section        0  ti_msp_dl_config.o(.rodata.gI2C_OLEDClockConfig)
    gPWM_MOTORClockConfig                    0x000044ce   Data           3  ti_msp_dl_config.o(.rodata.gPWM_MOTORClockConfig)
    [Anonymous Symbol]                       0x000044ce   Section        0  ti_msp_dl_config.o(.rodata.gPWM_MOTORClockConfig)
    gPWM_MOTORConfig                         0x000044d4   Data           8  ti_msp_dl_config.o(.rodata.gPWM_MOTORConfig)
    [Anonymous Symbol]                       0x000044d4   Section        0  ti_msp_dl_config.o(.rodata.gPWM_MOTORConfig)
    gTIMER_0ClockConfig                      0x000044dc   Data           3  ti_msp_dl_config.o(.rodata.gTIMER_0ClockConfig)
    [Anonymous Symbol]                       0x000044dc   Section        0  ti_msp_dl_config.o(.rodata.gTIMER_0ClockConfig)
    gTIMER_0TimerConfig                      0x000044e0   Data          20  ti_msp_dl_config.o(.rodata.gTIMER_0TimerConfig)
    [Anonymous Symbol]                       0x000044e0   Section        0  ti_msp_dl_config.o(.rodata.gTIMER_0TimerConfig)
    gUART_0ClockConfig                       0x000044f4   Data           2  ti_msp_dl_config.o(.rodata.gUART_0ClockConfig)
    [Anonymous Symbol]                       0x000044f4   Section        0  ti_msp_dl_config.o(.rodata.gUART_0ClockConfig)
    gUART_0Config                            0x000044f6   Data          10  ti_msp_dl_config.o(.rodata.gUART_0Config)
    [Anonymous Symbol]                       0x000044f6   Section        0  ti_msp_dl_config.o(.rodata.gUART_0Config)
    gUART_OPENMVClockConfig                  0x00004500   Data           2  ti_msp_dl_config.o(.rodata.gUART_OPENMVClockConfig)
    [Anonymous Symbol]                       0x00004500   Section        0  ti_msp_dl_config.o(.rodata.gUART_OPENMVClockConfig)
    gUART_OPENMVConfig                       0x00004502   Data          10  ti_msp_dl_config.o(.rodata.gUART_OPENMVConfig)
    [Anonymous Symbol]                       0x00004502   Section        0  ti_msp_dl_config.o(.rodata.gUART_OPENMVConfig)
    [Anonymous Symbol]                       0x0000450c   Section        0  empty.o(.rodata.str1.1)
    locale$$data                             0x00004570   Section       28  lc_numeric_c.o(locale$$data)
    __lcnum_c_name                           0x00004574   Data           2  lc_numeric_c.o(locale$$data)
    __lcnum_c_start                          0x0000457c   Data           0  lc_numeric_c.o(locale$$data)
    __lcnum_c_point                          0x00004588   Data           0  lc_numeric_c.o(locale$$data)
    __lcnum_c_thousands                      0x0000458a   Data           0  lc_numeric_c.o(locale$$data)
    __lcnum_c_grouping                       0x0000458b   Data           0  lc_numeric_c.o(locale$$data)
    __lcnum_c_end                            0x0000458c   Data           0  lc_numeric_c.o(locale$$data)
    g_kd                                     0x20200000   Data           4  empty.o(.data.g_kd)
    [Anonymous Symbol]                       0x20200000   Section        0  empty.o(.data.g_kd)
    g_ki                                     0x20200004   Data           4  empty.o(.data.g_ki)
    [Anonymous Symbol]                       0x20200004   Section        0  empty.o(.data.g_ki)
    g_kp                                     0x20200008   Data           4  empty.o(.data.g_kp)
    [Anonymous Symbol]                       0x20200008   Section        0  empty.o(.data.g_kp)
    g_spd                                    0x2020000c   Data           4  empty.o(.data.g_spd)
    [Anonymous Symbol]                       0x2020000c   Section        0  empty.o(.data.g_spd)
    .bss                                     0x20200010   Section       96  libspace.o(.bss)
    compute_weighted_error_digital.last_err  0x20200070   Data           4  pid.o(.bss.compute_weighted_error_digital.last_err)
    [Anonymous Symbol]                       0x20200070   Section        0  pid.o(.bss.compute_weighted_error_digital.last_err)
    g_enc_l                                  0x202001f8   Data           4  encoder.o(.bss.g_enc_l)
    [Anonymous Symbol]                       0x202001f8   Section        0  encoder.o(.bss.g_enc_l)
    g_enc_l_last                             0x202001fc   Data           4  encoder.o(.bss.g_enc_l_last)
    [Anonymous Symbol]                       0x202001fc   Section        0  encoder.o(.bss.g_enc_l_last)
    g_enc_l_spd                              0x20200200   Data           2  encoder.o(.bss.g_enc_l_spd)
    [Anonymous Symbol]                       0x20200200   Section        0  encoder.o(.bss.g_enc_l_spd)
    g_enc_r                                  0x20200204   Data           4  encoder.o(.bss.g_enc_r)
    [Anonymous Symbol]                       0x20200204   Section        0  encoder.o(.bss.g_enc_r)
    g_enc_r_last                             0x20200208   Data           4  encoder.o(.bss.g_enc_r_last)
    [Anonymous Symbol]                       0x20200208   Section        0  encoder.o(.bss.g_enc_r_last)
    g_enc_r_spd                              0x2020020c   Data           2  encoder.o(.bss.g_enc_r_spd)
    [Anonymous Symbol]                       0x2020020c   Section        0  encoder.o(.bss.g_enc_r_spd)
    g_pid_int                                0x20200210   Data           4  empty.o(.bss.g_pid_int)
    [Anonymous Symbol]                       0x20200210   Section        0  empty.o(.bss.g_pid_int)
    g_pid_last                               0x20200214   Data           4  empty.o(.bss.g_pid_last)
    [Anonymous Symbol]                       0x20200214   Section        0  empty.o(.bss.g_pid_last)
    main.k1_hold                             0x20200218   Data           1  empty.o(.bss.main.k1_hold)
    [Anonymous Symbol]                       0x20200218   Section        0  empty.o(.bss.main.k1_hold)
    main.k1_was                              0x20200219   Data           1  empty.o(.bss.main.k1_was)
    [Anonymous Symbol]                       0x20200219   Section        0  empty.o(.bss.main.k1_was)
    main.k2_hold                             0x2020021a   Data           1  empty.o(.bss.main.k2_hold)
    [Anonymous Symbol]                       0x2020021a   Section        0  empty.o(.bss.main.k2_hold)
    main.k2_was                              0x2020021b   Data           1  empty.o(.bss.main.k2_was)
    [Anonymous Symbol]                       0x2020021b   Section        0  empty.o(.bss.main.k2_was)
    main.k3_was                              0x2020021c   Data           1  empty.o(.bss.main.k3_was)
    [Anonymous Symbol]                       0x2020021c   Section        0  empty.o(.bss.main.k3_was)
    main.k4_was                              0x2020021d   Data           1  empty.o(.bss.main.k4_was)
    [Anonymous Symbol]                       0x2020021d   Section        0  empty.o(.bss.main.k4_was)
    main.k5_was                              0x2020021e   Data           1  empty.o(.bss.main.k5_was)
    [Anonymous Symbol]                       0x2020021e   Section        0  empty.o(.bss.main.k5_was)
    main.k6_was                              0x2020021f   Data           1  empty.o(.bss.main.k6_was)
    [Anonymous Symbol]                       0x2020021f   Section        0  empty.o(.bss.main.k6_was)
    main.key_tick                            0x20200220   Data           1  empty.o(.bss.main.key_tick)
    [Anonymous Symbol]                       0x20200220   Section        0  empty.o(.bss.main.key_tick)
    main.stop_refresh                        0x20200221   Data           1  empty.o(.bss.main.stop_refresh)
    [Anonymous Symbol]                       0x20200221   Section        0  empty.o(.bss.main.stop_refresh)
    pidx                                     0x20200222   Data           1  empty.o(.bss.pidx)
    [Anonymous Symbol]                       0x20200222   Section        0  empty.o(.bss.pidx)
    rx_buf                                   0x20200223   Data           9  usart_openmv.o(.bss.rx_buf)
    [Anonymous Symbol]                       0x20200223   Section        0  usart_openmv.o(.bss.rx_buf)
    rx_idx                                   0x2020022c   Data           1  usart_openmv.o(.bss.rx_idx)
    [Anonymous Symbol]                       0x2020022c   Section        0  usart_openmv.o(.bss.rx_idx)
    rx_sync                                  0x2020022d   Data           1  usart_openmv.o(.bss.rx_sync)
    [Anonymous Symbol]                       0x2020022d   Section        0  usart_openmv.o(.bss.rx_sync)
    Heap_Mem                                 0x20200280   Data         256  startup_mspm0g350x_uvision.o(HEAP)
    HEAP                                     0x20200280   Section      256  startup_mspm0g350x_uvision.o(HEAP)
    Stack_Mem                                0x20200380   Data         256  startup_mspm0g350x_uvision.o(STACK)
    STACK                                    0x20200380   Section      256  startup_mspm0g350x_uvision.o(STACK)
    __initial_sp                             0x20200480   Data           0  startup_mspm0g350x_uvision.o(STACK)

    Global Symbols

    Symbol Name                              Value     Ov Type        Size  Object(Section)

    BuildAttributes$$THM_ISAv3M$S$PE$A:L22$X:L11$S22$IEEE1$IW$~IW$USESV6$~STKCKD$USESV7$~SHL$OTIME$ROPI$IEEEJ$EBA8$UX$STANDARDLIB$REQ8$PRES8$EABIv2 0x00000000   Number         0  anon$$obj.o ABSOLUTE
    __Vectors                                0x00000000   Data           4  startup_mspm0g350x_uvision.o(RESET)
    _printf_flags                            0x00000000   Number         0  printf_stubs.o ABSOLUTE
    _printf_return_value                     0x00000000   Number         0  printf_stubs.o ABSOLUTE
    _printf_sizespec                         0x00000000   Number         0  printf_stubs.o ABSOLUTE
    _printf_widthprec                        0x00000000   Number         0  printf_stubs.o ABSOLUTE
    __ARM_exceptions_init                     - Undefined Weak Reference
    __alloca_initialize                       - Undefined Weak Reference
    __arm_preinit_                            - Undefined Weak Reference
    __arm_relocate_pie_                       - Undefined Weak Reference
    __cpp_initialize__aeabi_                  - Undefined Weak Reference
    __cxa_finalize                            - Undefined Weak Reference
    __sigvec_lookup                           - Undefined Weak Reference
    _atexit_init                              - Undefined Weak Reference
    _call_atexit_fns                          - Undefined Weak Reference
    _clock_init                               - Undefined Weak Reference
    _fp_trap_init                             - Undefined Weak Reference
    _fp_trap_shutdown                         - Undefined Weak Reference
    _get_lc_collate                           - Undefined Weak Reference
    _get_lc_monetary                          - Undefined Weak Reference
    _get_lc_time                              - Undefined Weak Reference
    _getenv_init                              - Undefined Weak Reference
    _handle_redirection                       - Undefined Weak Reference
    _init_alloc                               - Undefined Weak Reference
    _init_user_alloc                          - Undefined Weak Reference
    _initio                                   - Undefined Weak Reference
    _printf_mbtowc                            - Undefined Weak Reference
    _printf_wc                                - Undefined Weak Reference
    _rand_init                                - Undefined Weak Reference
    _signal_finish                            - Undefined Weak Reference
    _signal_init                              - Undefined Weak Reference
    _terminate_alloc                          - Undefined Weak Reference
    _terminate_user_alloc                     - Undefined Weak Reference
    _terminateio                              - Undefined Weak Reference
    __Vectors_End                            0x000000c0   Data           0  startup_mspm0g350x_uvision.o(RESET)
    __Vectors_Size                           0x000000c0   Number         0  startup_mspm0g350x_uvision.o ABSOLUTE
    __main                                   0x000000c1   Thumb Code     8  __main.o(!!!main)
    __scatterload                            0x000000c9   Thumb Code     0  __scatter.o(!!!scatter)
    __scatterload_rt2                        0x000000c9   Thumb Code    74  __scatter.o(!!!scatter)
    __scatterload_rt2_thumb_only             0x000000c9   Thumb Code     0  __scatter.o(!!!scatter)
    __scatterload_loop                       0x000000d3   Thumb Code     0  __scatter.o(!!!scatter)
    __scatterload_copy                       0x00000121   Thumb Code    26  __scatter_copy.o(!!handler_copy)
    __scatterload_null                       0x00000141   Thumb Code     2  __scatter.o(!!handler_null)
    __scatterload_zeroinit                   0x00000149   Thumb Code    28  __scatter_zi.o(!!handler_zi)
    _printf_percent                          0x00000165   Thumb Code     0  _printf_percent.o(.ARM.Collect$$_printf_percent$$00000000)
    _printf_f                                0x00000167   Thumb Code     0  _printf_f.o(.ARM.Collect$$_printf_percent$$00000003)
    _printf_d                                0x00000171   Thumb Code     0  _printf_d.o(.ARM.Collect$$_printf_percent$$00000009)
    _printf_c                                0x0000017b   Thumb Code     0  _printf_c.o(.ARM.Collect$$_printf_percent$$00000013)
    _printf_percent_end                      0x00000185   Thumb Code     0  _printf_percent_end.o(.ARM.Collect$$_printf_percent$$00000017)
    __rt_lib_init                            0x00000189   Thumb Code     0  libinit.o(.ARM.Collect$$libinit$$00000000)
    __rt_lib_init_fp_1                       0x0000018b   Thumb Code     0  libinit2.o(.ARM.Collect$$libinit$$00000002)
    __rt_lib_init_heap_1                     0x0000018b   Thumb Code     0  libinit2.o(.ARM.Collect$$libinit$$0000000C)
    __rt_lib_init_lc_common                  0x0000018b   Thumb Code     0  libinit2.o(.ARM.Collect$$libinit$$00000011)
    __rt_lib_init_preinit_1                  0x0000018b   Thumb Code     0  libinit2.o(.ARM.Collect$$libinit$$00000006)
    __rt_lib_init_rand_1                     0x0000018b   Thumb Code     0  libinit2.o(.ARM.Collect$$libinit$$00000010)
    __rt_lib_init_relocate_pie_1             0x0000018b   Thumb Code     0  libinit2.o(.ARM.Collect$$libinit$$00000004)
    __rt_lib_init_user_alloc_1               0x0000018b   Thumb Code     0  libinit2.o(.ARM.Collect$$libinit$$0000000E)
    __rt_lib_init_lc_collate_1               0x00000191   Thumb Code     0  libinit2.o(.ARM.Collect$$libinit$$00000013)
    __rt_lib_init_lc_ctype_1                 0x00000191   Thumb Code     0  libinit2.o(.ARM.Collect$$libinit$$00000015)
    __rt_lib_init_lc_monetary_1              0x00000191   Thumb Code     0  libinit2.o(.ARM.Collect$$libinit$$00000017)
    __rt_lib_init_lc_numeric_2               0x00000191   Thumb Code     0  libinit2.o(.ARM.Collect$$libinit$$00000018)
    __rt_lib_init_alloca_1                   0x0000019b   Thumb Code     0  libinit2.o(.ARM.Collect$$libinit$$00000030)
    __rt_lib_init_argv_1                     0x0000019b   Thumb Code     0  libinit2.o(.ARM.Collect$$libinit$$0000002E)
    __rt_lib_init_atexit_1                   0x0000019b   Thumb Code     0  libinit2.o(.ARM.Collect$$libinit$$0000001D)
    __rt_lib_init_clock_1                    0x0000019b   Thumb Code     0  libinit2.o(.ARM.Collect$$libinit$$00000023)
    __rt_lib_init_cpp_1                      0x0000019b   Thumb Code     0  libinit2.o(.ARM.Collect$$libinit$$00000034)
    __rt_lib_init_exceptions_1               0x0000019b   Thumb Code     0  libinit2.o(.ARM.Collect$$libinit$$00000032)
    __rt_lib_init_fp_trap_1                  0x0000019b   Thumb Code     0  libinit2.o(.ARM.Collect$$libinit$$00000021)
    __rt_lib_init_getenv_1                   0x0000019b   Thumb Code     0  libinit2.o(.ARM.Collect$$libinit$$00000025)
    __rt_lib_init_lc_numeric_1               0x0000019b   Thumb Code     0  libinit2.o(.ARM.Collect$$libinit$$00000019)
    __rt_lib_init_lc_time_1                  0x0000019b   Thumb Code     0  libinit2.o(.ARM.Collect$$libinit$$0000001B)
    __rt_lib_init_return                     0x0000019b   Thumb Code     0  libinit2.o(.ARM.Collect$$libinit$$00000035)
    __rt_lib_init_signal_1                   0x0000019b   Thumb Code     0  libinit2.o(.ARM.Collect$$libinit$$0000001F)
    __rt_lib_init_stdio_1                    0x0000019b   Thumb Code     0  libinit2.o(.ARM.Collect$$libinit$$00000027)
    __rt_lib_shutdown                        0x0000019d   Thumb Code     0  libshutdown.o(.ARM.Collect$$libshutdown$$00000000)
    __rt_lib_shutdown_cpp_1                  0x0000019f   Thumb Code     0  libshutdown2.o(.ARM.Collect$$libshutdown$$00000002)
    __rt_lib_shutdown_fp_trap_1              0x0000019f   Thumb Code     0  libshutdown2.o(.ARM.Collect$$libshutdown$$00000007)
    __rt_lib_shutdown_heap_1                 0x0000019f   Thumb Code     0  libshutdown2.o(.ARM.Collect$$libshutdown$$0000000F)
    __rt_lib_shutdown_return                 0x0000019f   Thumb Code     0  libshutdown2.o(.ARM.Collect$$libshutdown$$00000010)
    __rt_lib_shutdown_signal_1               0x0000019f   Thumb Code     0  libshutdown2.o(.ARM.Collect$$libshutdown$$0000000A)
    __rt_lib_shutdown_stdio_1                0x0000019f   Thumb Code     0  libshutdown2.o(.ARM.Collect$$libshutdown$$00000004)
    __rt_lib_shutdown_user_alloc_1           0x0000019f   Thumb Code     0  libshutdown2.o(.ARM.Collect$$libshutdown$$0000000C)
    __rt_entry                               0x000001a1   Thumb Code     0  __rtentry.o(.ARM.Collect$$rtentry$$00000000)
    __rt_entry_presh_1                       0x000001a1   Thumb Code     0  __rtentry2.o(.ARM.Collect$$rtentry$$00000002)
    __rt_entry_sh                            0x000001a1   Thumb Code     0  __rtentry4.o(.ARM.Collect$$rtentry$$00000004)
    __rt_entry_li                            0x000001a7   Thumb Code     0  __rtentry2.o(.ARM.Collect$$rtentry$$0000000A)
    __rt_entry_postsh_1                      0x000001a7   Thumb Code     0  __rtentry2.o(.ARM.Collect$$rtentry$$00000009)
    __rt_entry_main                          0x000001ab   Thumb Code     0  __rtentry2.o(.ARM.Collect$$rtentry$$0000000D)
    __rt_entry_postli_1                      0x000001ab   Thumb Code     0  __rtentry2.o(.ARM.Collect$$rtentry$$0000000C)
    __rt_exit                                0x000001b3   Thumb Code     0  rtexit.o(.ARM.Collect$$rtexit$$00000000)
    __rt_exit_ls                             0x000001b5   Thumb Code     0  rtexit2.o(.ARM.Collect$$rtexit$$00000003)
    __rt_exit_prels_1                        0x000001b5   Thumb Code     0  rtexit2.o(.ARM.Collect$$rtexit$$00000002)
    __rt_exit_exit                           0x000001b9   Thumb Code     0  rtexit2.o(.ARM.Collect$$rtexit$$00000004)
    Reset_Handler                            0x000001c1   Thumb Code     4  startup_mspm0g350x_uvision.o(.text)
    NMI_Handler                              0x000001c5   Thumb Code     2  startup_mspm0g350x_uvision.o(.text)
    HardFault_Handler                        0x000001c7   Thumb Code     2  startup_mspm0g350x_uvision.o(.text)
    SVC_Handler                              0x000001c9   Thumb Code     2  startup_mspm0g350x_uvision.o(.text)
    PendSV_Handler                           0x000001cb   Thumb Code     2  startup_mspm0g350x_uvision.o(.text)
    ADC0_IRQHandler                          0x000001cf   Thumb Code     0  startup_mspm0g350x_uvision.o(.text)
    ADC1_IRQHandler                          0x000001cf   Thumb Code     0  startup_mspm0g350x_uvision.o(.text)
    AES_IRQHandler                           0x000001cf   Thumb Code     0  startup_mspm0g350x_uvision.o(.text)
    CANFD0_IRQHandler                        0x000001cf   Thumb Code     0  startup_mspm0g350x_uvision.o(.text)
    DAC0_IRQHandler                          0x000001cf   Thumb Code     0  startup_mspm0g350x_uvision.o(.text)
    DMA_IRQHandler                           0x000001cf   Thumb Code     0  startup_mspm0g350x_uvision.o(.text)
    Default_Handler                          0x000001cf   Thumb Code     2  startup_mspm0g350x_uvision.o(.text)
    GROUP0_IRQHandler                        0x000001cf   Thumb Code     0  startup_mspm0g350x_uvision.o(.text)
    GROUP1_IRQHandler                        0x000001cf   Thumb Code     0  startup_mspm0g350x_uvision.o(.text)
    I2C0_IRQHandler                          0x000001cf   Thumb Code     0  startup_mspm0g350x_uvision.o(.text)
    I2C1_IRQHandler                          0x000001cf   Thumb Code     0  startup_mspm0g350x_uvision.o(.text)
    RTC_IRQHandler                           0x000001cf   Thumb Code     0  startup_mspm0g350x_uvision.o(.text)
    SPI0_IRQHandler                          0x000001cf   Thumb Code     0  startup_mspm0g350x_uvision.o(.text)
    SPI1_IRQHandler                          0x000001cf   Thumb Code     0  startup_mspm0g350x_uvision.o(.text)
    TIMA0_IRQHandler                         0x000001cf   Thumb Code     0  startup_mspm0g350x_uvision.o(.text)
    TIMG0_IRQHandler                         0x000001cf   Thumb Code     0  startup_mspm0g350x_uvision.o(.text)
    TIMG12_IRQHandler                        0x000001cf   Thumb Code     0  startup_mspm0g350x_uvision.o(.text)
    TIMG6_IRQHandler                         0x000001cf   Thumb Code     0  startup_mspm0g350x_uvision.o(.text)
    TIMG7_IRQHandler                         0x000001cf   Thumb Code     0  startup_mspm0g350x_uvision.o(.text)
    TIMG8_IRQHandler                         0x000001cf   Thumb Code     0  startup_mspm0g350x_uvision.o(.text)
    UART1_IRQHandler                         0x000001cf   Thumb Code     0  startup_mspm0g350x_uvision.o(.text)
    UART3_IRQHandler                         0x000001cf   Thumb Code     0  startup_mspm0g350x_uvision.o(.text)
    __user_initial_stackheap                 0x000001d1   Thumb Code    10  startup_mspm0g350x_uvision.o(.text)
    __2snprintf                              0x000001f1   Thumb Code    60  __2snprintf.o(.text)
    _printf_str                              0x00000231   Thumb Code    82  _printf_str.o(.text)
    _printf_int_dec                          0x00000285   Thumb Code    90  _printf_dec.o(.text)
    __printf                                 0x000002f1   Thumb Code   386  __printf_flags_ss_wp.o(.text)
    __aeabi_uidivmod                         0x00000479   Thumb Code    28  aeabi_sdivfast.o(.text)
    __aeabi_idivmod                          0x00000495   Thumb Code   472  aeabi_sdivfast.o(.text)
    __use_two_region_memory                  0x00000671   Thumb Code     2  heapauxi.o(.text)
    __rt_heap_escrow$2region                 0x00000673   Thumb Code     2  heapauxi.o(.text)
    __rt_heap_expand$2region                 0x00000675   Thumb Code     2  heapauxi.o(.text)
    __aeabi_f2d                              0x00000679   Thumb Code     0  f2d.o(.text)
    __extendsfdf2                            0x00000679   Thumb Code     0  f2d.o(.text)
    _f2d                                     0x00000679   Thumb Code    80  f2d.o(.text)
    __aeabi_fdiv                             0x000006cd   Thumb Code     0  fdiv.o(.text)
    __divsf3                                 0x000006cd   Thumb Code     0  fdiv.o(.text)
    _fdiv                                    0x000006cd   Thumb Code   334  fdiv.o(.text)
    _frdiv                                   0x0000081b   Thumb Code     8  fdiv.o(.text)
    __aeabi_f2iz                             0x0000082d   Thumb Code     0  ffixi.o(.text)
    _ffix                                    0x0000082d   Thumb Code    76  ffixi.o(.text)
    __aeabi_i2f_normalise                    0x00000879   Thumb Code    72  fflti.o(.text)
    __aeabi_i2f                              0x000008c1   Thumb Code    16  fflti.o(.text)
    _fflt                                    0x000008c1   Thumb Code     0  fflti.o(.text)
    __aeabi_ui2f                             0x000008d1   Thumb Code     6  fflti.o(.text)
    _ffltu                                   0x000008d1   Thumb Code     0  fflti.o(.text)
    _printf_int_common                       0x000008d7   Thumb Code   176  _printf_intcommon.o(.text)
    _printf_fp_dec_real                      0x00000b25   Thumb Code   620  _printf_fp_dec.o(.text)
    _printf_char_common                      0x00000da7   Thumb Code    32  _printf_char_common.o(.text)
    _snputc                                  0x00000dcd   Thumb Code    16  _snputc.o(.text)
    _printf_cs_common                        0x00000ddd   Thumb Code    22  _printf_char.o(.text)
    _printf_char                             0x00000df3   Thumb Code    16  _printf_char.o(.text)
    _printf_string                           0x00000e03   Thumb Code     8  _printf_char.o(.text)
    __rt_udiv10                              0x00000e0b   Thumb Code    40  rtudiv10.o(.text)
    __rt_locale                              0x00000e35   Thumb Code     8  rt_locale_intlibspace.o(.text)
    _ll_udiv10                               0x00000e3d   Thumb Code   122  lludiv10.o(.text)
    _printf_fp_infnan                        0x00000eb9   Thumb Code   120  _printf_fp_infnan.o(.text)
    _btod_etento                             0x00000f41   Thumb Code   210  bigflt0.o(.text)
    _btod_d2e                                0x00001019   Thumb Code    64  btod.o(.text)
    _btod_emul                               0x0000144d   Thumb Code    28  btod.o(.text)
    _btod_emuld                              0x00001469   Thumb Code   144  btod.o(.text)
    _btod_ediv                               0x000014f9   Thumb Code    26  btod.o(.text)
    _btod_edivd                              0x00001513   Thumb Code   124  btod.o(.text)
    __fpl_fcmp_InfNaN                        0x00001599   Thumb Code    96  fcmpin.o(.text)
    __user_libspace                          0x000015fd   Thumb Code     8  libspace.o(.text)
    __user_perproc_libspace                  0x000015fd   Thumb Code     0  libspace.o(.text)
    __user_perthread_libspace                0x000015fd   Thumb Code     0  libspace.o(.text)
    __user_setup_stackheap                   0x00001605   Thumb Code    62  sys_stackheap_outer.o(.text)
    exit                                     0x00001643   Thumb Code    16  exit.o(.text)
    strcmp                                   0x00001655   Thumb Code   176  strcmpv6m.o(.text)
    __fpl_cmpreturn                          0x00001705   Thumb Code    46  cmpret.o(.text)
    __fpl_fcheck_NaN2                        0x00001735   Thumb Code    10  fnan2.o(.text)
    __fpl_return_NaN                         0x00001745   Thumb Code    94  retnan.o(.text)
    DL_Common_delayCycles                    0x000017a3   Thumb Code    10  dl_common.o(.text.DL_Common_delayCycles)
    DL_I2C_fillControllerTXFIFO              0x000017ad   Thumb Code   140  dl_i2c.o(.text.DL_I2C_fillControllerTXFIFO)
    DL_I2C_setClockConfig                    0x00001839   Thumb Code    38  dl_i2c.o(.text.DL_I2C_setClockConfig)
    DL_Timer_initFourCCPWMMode               0x00001861   Thumb Code   244  dl_timer.o(.text.DL_Timer_initFourCCPWMMode)
    DL_Timer_initTimerMode                   0x00001969   Thumb Code   240  dl_timer.o(.text.DL_Timer_initTimerMode)
    DL_Timer_setCaptCompUpdateMethod         0x00001a69   Thumb Code    24  dl_timer.o(.text.DL_Timer_setCaptCompUpdateMethod)
    DL_Timer_setCaptureCompareOutCtl         0x00001a85   Thumb Code    20  dl_timer.o(.text.DL_Timer_setCaptureCompareOutCtl)
    DL_Timer_setCaptureCompareValue          0x00001a9d   Thumb Code    12  dl_timer.o(.text.DL_Timer_setCaptureCompareValue)
    DL_Timer_setClockConfig                  0x00001aad   Thumb Code    24  dl_timer.o(.text.DL_Timer_setClockConfig)
    DL_UART_init                             0x00001ac9   Thumb Code    64  dl_uart.o(.text.DL_UART_init)
    DL_UART_setClockConfig                   0x00001b11   Thumb Code    18  dl_uart.o(.text.DL_UART_setClockConfig)
    OLED_Clear                               0x00001b23   Thumb Code   340  oled_hardware_i2c.o(.text.OLED_Clear)
    OLED_Init                                0x00001c79   Thumb Code   484  oled_hardware_i2c.o(.text.OLED_Init)
    OLED_ShowChar                            0x00001e81   Thumb Code   212  oled_hardware_i2c.o(.text.OLED_ShowChar)
    OLED_ShowString                          0x00001f5d   Thumb Code    64  oled_hardware_i2c.o(.text.OLED_ShowString)
    OLED_WR_Byte                             0x00001f9d   Thumb Code   324  oled_hardware_i2c.o(.text.OLED_WR_Byte)
    SYSCFG_DL_GPIO_init                      0x00002119   Thumb Code   248  ti_msp_dl_config.o(.text.SYSCFG_DL_GPIO_init)
    SYSCFG_DL_I2C_OLED_init                  0x00002231   Thumb Code    72  ti_msp_dl_config.o(.text.SYSCFG_DL_I2C_OLED_init)
    SYSCFG_DL_PWM_MOTOR_init                 0x00002285   Thumb Code   200  ti_msp_dl_config.o(.text.SYSCFG_DL_PWM_MOTOR_init)
    SYSCFG_DL_SYSCTL_init                    0x00002365   Thumb Code    52  ti_msp_dl_config.o(.text.SYSCFG_DL_SYSCTL_init)
    SYSCFG_DL_SYSTICK_init                   0x000023a1   Thumb Code    36  ti_msp_dl_config.o(.text.SYSCFG_DL_SYSTICK_init)
    SYSCFG_DL_TIMER_0_init                   0x000023d1   Thumb Code    36  ti_msp_dl_config.o(.text.SYSCFG_DL_TIMER_0_init)
    SYSCFG_DL_UART_0_init                    0x00002409   Thumb Code    84  ti_msp_dl_config.o(.text.SYSCFG_DL_UART_0_init)
    SYSCFG_DL_UART_OPENMV_init               0x00002471   Thumb Code   104  ti_msp_dl_config.o(.text.SYSCFG_DL_UART_OPENMV_init)
    SYSCFG_DL_init                           0x000024f5   Thumb Code    52  ti_msp_dl_config.o(.text.SYSCFG_DL_init)
    SYSCFG_DL_initPower                      0x00002531   Thumb Code    60  ti_msp_dl_config.o(.text.SYSCFG_DL_initPower)
    SysTick_Handler                          0x00002591   Thumb Code    12  oled_hardware_i2c.o(.text.SysTick_Handler)
    TIMA1_IRQHandler                         0x0000259d   Thumb Code    24  tim.o(.text.TIMA1_IRQHandler)
    Tick_delay                               0x000025b9   Thumb Code    40  delay.o(.text.Tick_delay)
    UART0_IRQHandler                         0x000025e5   Thumb Code    44  uart.o(.text.UART0_IRQHandler)
    UART2_IRQHandler                         0x00002625   Thumb Code   156  usart_openmv.o(.text.UART2_IRQHandler)
    _sys_exit                                0x000026dd   Thumb Code     2  uart.o(.text._sys_exit)
    compute_weighted_error_digital           0x000026e1   Thumb Code   184  pid.o(.text.compute_weighted_error_digital)
    delay_ms                                 0x000027a5   Thumb Code     8  uart.o(.text.delay_ms)
    delay_us                                 0x000027ad   Thumb Code    50  delay.o(.text.delay_us)
    encoder_update_speed                     0x000027e1   Thumb Code   136  encoder.o(.text.encoder_update_speed)
    gray_serial_read                         0x00002889   Thumb Code   488  delay.o(.text.gray_serial_read)
    main                                     0x00002a79   Thumb Code  2244  empty.o(.text.main)
    motor_control                            0x000033d1   Thumb Code   224  bsp_tb6612.o(.text.motor_control)
    w25q64_erase_sector                      0x000036b9   Thumb Code    72  w25q64.o(.text.w25q64_erase_sector)
    w25q64_init                              0x00003701   Thumb Code    48  w25q64.o(.text.w25q64_init)
    w25q64_read                              0x00003749   Thumb Code    68  w25q64.o(.text.w25q64_read)
    w25q64_write                             0x0000378d   Thumb Code   132  w25q64.o(.text.w25q64_write)
    __ARM_common_ll_muluu                    0x00003815   Thumb Code    48  btod.o(i.__ARM_common_ll_muluu)
    __ARM_fpclassify                         0x00003845   Thumb Code    40  fpclassify.o(i.__ARM_fpclassify)
    __aeabi_fcmpge                           0x00003871   Thumb Code     0  fcmp.o(i._fgeq)
    _fgeq                                    0x00003871   Thumb Code    22  fcmp.o(i._fgeq)
    __aeabi_fcmpgt                           0x00003887   Thumb Code     0  fcmp.o(i._fgr)
    _fgr                                     0x00003887   Thumb Code    22  fcmp.o(i._fgr)
    __aeabi_fcmple                           0x0000389d   Thumb Code     0  fcmp.o(i._fleq)
    _fleq                                    0x0000389d   Thumb Code    26  fcmp.o(i._fleq)
    __aeabi_fcmplt                           0x000038b7   Thumb Code     0  fcmp.o(i._fls)
    _fls                                     0x000038b7   Thumb Code    22  fcmp.o(i._fls)
    _is_digit                                0x000038cd   Thumb Code    14  __printf_wp.o(i._is_digit)
    _get_lc_numeric                          0x000038dd   Thumb Code    44  lc_numeric_c.o(locale$$code)
    __aeabi_fadd                             0x00003909   Thumb Code     0  faddsub.o(x$fpl$fadd)
    _fadd                                    0x00003909   Thumb Code   134  faddsub.o(x$fpl$fadd)
    _fcmpge                                  0x00003995   Thumb Code    78  fgef.o(x$fpl$fgeqf)
    __aeabi_cfcmple                          0x000039e9   Thumb Code     0  flef.o(x$fpl$fleqf)
    _fcmple                                  0x000039e9   Thumb Code    78  flef.o(x$fpl$fleqf)
    __aeabi_fmul                             0x00003a3d   Thumb Code     0  fmul.o(x$fpl$fmul)
    _fmul                                    0x00003a3d   Thumb Code   172  fmul.o(x$fpl$fmul)
    __aeabi_fsub                             0x00003aed   Thumb Code     0  faddsub.o(x$fpl$fsub)
    _fsub                                    0x00003aed   Thumb Code   204  faddsub.o(x$fpl$fsub)
    _printf_fp_dec                           0x00003bbd   Thumb Code    16  printf1.o(x$fpl$printf1)
    __I$use$fp                               0x00003bcc   Number         0  usenofp.o(x$fpl$usenofp)
    asc2_0806                                0x00003cb4   Data         552  oled_hardware_i2c.o(.rodata.asc2_0806)
    asc2_1608                                0x00003edc   Data        1520  oled_hardware_i2c.o(.rodata.asc2_1608)
    Region$$Table$$Base                      0x00004550   Number         0  anon$$obj.o(Region$$Table)
    Region$$Table$$Limit                     0x00004570   Number         0  anon$$obj.o(Region$$Table)
    __libspace_start                         0x20200010   Data          96  libspace.o(.bss)
    __temporary_stack_top$libspace           0x20200070   Data           0  libspace.o(.bss)
    gPWM_MOTORBackup                         0x20200074   Data         188  ti_msp_dl_config.o(.bss.gPWM_MOTORBackup)
    gTIMER_0Backup                           0x20200130   Data         188  ti_msp_dl_config.o(.bss.gTIMER_0Backup)
    g_ball                                   0x202001ec   Data           8  usart_openmv.o(.bss.g_ball)
    g_ball_new                               0x202001f4   Data           1  usart_openmv.o(.bss.g_ball_new)
    start_time                               0x20200230   Data           4  oled_hardware_i2c.o(.bss.start_time)
    tick_ms                                  0x20200234   Data           4  oled_hardware_i2c.o(.bss.tick_ms)
    uart_rx_buf                              0x20200238   Data          64  uart.o(.bss.uart_rx_buf)
    uart_rx_head                             0x20200278   Data           2  uart.o(.bss.uart_rx_head)
    uart_rx_tail                             0x2020027a   Data           2  uart.o(.bss.uart_rx_tail)



==============================================================================

Memory Map of the image

  Image Entry point : 0x000000c1

  Load Region LR_IROM1 (Base: 0x00000000, Size: 0x000045a0, Max: 0x00020000, ABSOLUTE)

    Execution Region ER_IROM1 (Exec base: 0x00000000, Load base: 0x00000000, Size: 0x0000458c, Max: 0x00020000, ABSOLUTE)

    Exec Addr    Load Addr    Size         Type   Attr      Idx    E Section Name        Object

    0x00000000   0x00000000   0x000000c0   Data   RO            3    RESET               startup_mspm0g350x_uvision.o
    0x000000c0   0x000000c0   0x00000008   Code   RO          631  * !!!main             c_p.l(__main.o)
    0x000000c8   0x000000c8   0x00000054   Code   RO          991    !!!scatter          c_p.l(__scatter.o)
    0x0000011c   0x0000011c   0x00000004   PAD
    0x00000120   0x00000120   0x0000001a   Code   RO          995    !!handler_copy      c_p.l(__scatter_copy.o)
    0x0000013a   0x0000013a   0x00000006   PAD
    0x00000140   0x00000140   0x00000002   Code   RO          992    !!handler_null      c_p.l(__scatter.o)
    0x00000142   0x00000142   0x00000006   PAD
    0x00000148   0x00000148   0x0000001c   Code   RO          997    !!handler_zi        c_p.l(__scatter_zi.o)
    0x00000164   0x00000164   0x00000002   Code   RO          618    .ARM.Collect$$_printf_percent$$00000000  c_p.l(_printf_percent.o)
    0x00000166   0x00000166   0x0000000a   Code   RO          617    .ARM.Collect$$_printf_percent$$00000003  c_p.l(_printf_f.o)
    0x00000170   0x00000170   0x0000000a   Code   RO          616    .ARM.Collect$$_printf_percent$$00000009  c_p.l(_printf_d.o)
    0x0000017a   0x0000017a   0x0000000a   Code   RO          615    .ARM.Collect$$_printf_percent$$00000013  c_p.l(_printf_c.o)
    0x00000184   0x00000184   0x00000004   Code   RO          747    .ARM.Collect$$_printf_percent$$00000017  c_p.l(_printf_percent_end.o)
    0x00000188   0x00000188   0x00000002   Code   RO          848    .ARM.Collect$$libinit$$00000000  c_p.l(libinit.o)
    0x0000018a   0x0000018a   0x00000000   Code   RO          850    .ARM.Collect$$libinit$$00000002  c_p.l(libinit2.o)
    0x0000018a   0x0000018a   0x00000000   Code   RO          852    .ARM.Collect$$libinit$$00000004  c_p.l(libinit2.o)
    0x0000018a   0x0000018a   0x00000000   Code   RO          854    .ARM.Collect$$libinit$$00000006  c_p.l(libinit2.o)
    0x0000018a   0x0000018a   0x00000000   Code   RO          857    .ARM.Collect$$libinit$$0000000C  c_p.l(libinit2.o)
    0x0000018a   0x0000018a   0x00000000   Code   RO          859    .ARM.Collect$$libinit$$0000000E  c_p.l(libinit2.o)
    0x0000018a   0x0000018a   0x00000000   Code   RO          861    .ARM.Collect$$libinit$$00000010  c_p.l(libinit2.o)
    0x0000018a   0x0000018a   0x00000006   Code   RO          862    .ARM.Collect$$libinit$$00000011  c_p.l(libinit2.o)
    0x00000190   0x00000190   0x00000000   Code   RO          864    .ARM.Collect$$libinit$$00000013  c_p.l(libinit2.o)
    0x00000190   0x00000190   0x00000000   Code   RO          866    .ARM.Collect$$libinit$$00000015  c_p.l(libinit2.o)
    0x00000190   0x00000190   0x00000000   Code   RO          868    .ARM.Collect$$libinit$$00000017  c_p.l(libinit2.o)
    0x00000190   0x00000190   0x0000000a   Code   RO          869    .ARM.Collect$$libinit$$00000018  c_p.l(libinit2.o)
    0x0000019a   0x0000019a   0x00000000   Code   RO          870    .ARM.Collect$$libinit$$00000019  c_p.l(libinit2.o)
    0x0000019a   0x0000019a   0x00000000   Code   RO          872    .ARM.Collect$$libinit$$0000001B  c_p.l(libinit2.o)
    0x0000019a   0x0000019a   0x00000000   Code   RO          874    .ARM.Collect$$libinit$$0000001D  c_p.l(libinit2.o)
    0x0000019a   0x0000019a   0x00000000   Code   RO          876    .ARM.Collect$$libinit$$0000001F  c_p.l(libinit2.o)
    0x0000019a   0x0000019a   0x00000000   Code   RO          878    .ARM.Collect$$libinit$$00000021  c_p.l(libinit2.o)
    0x0000019a   0x0000019a   0x00000000   Code   RO          880    .ARM.Collect$$libinit$$00000023  c_p.l(libinit2.o)
    0x0000019a   0x0000019a   0x00000000   Code   RO          882    .ARM.Collect$$libinit$$00000025  c_p.l(libinit2.o)
    0x0000019a   0x0000019a   0x00000000   Code   RO          884    .ARM.Collect$$libinit$$00000027  c_p.l(libinit2.o)
    0x0000019a   0x0000019a   0x00000000   Code   RO          888    .ARM.Collect$$libinit$$0000002E  c_p.l(libinit2.o)
    0x0000019a   0x0000019a   0x00000000   Code   RO          890    .ARM.Collect$$libinit$$00000030  c_p.l(libinit2.o)
    0x0000019a   0x0000019a   0x00000000   Code   RO          892    .ARM.Collect$$libinit$$00000032  c_p.l(libinit2.o)
    0x0000019a   0x0000019a   0x00000000   Code   RO          894    .ARM.Collect$$libinit$$00000034  c_p.l(libinit2.o)
    0x0000019a   0x0000019a   0x00000002   Code   RO          895    .ARM.Collect$$libinit$$00000035  c_p.l(libinit2.o)
    0x0000019c   0x0000019c   0x00000002   Code   RO          953    .ARM.Collect$$libshutdown$$00000000  c_p.l(libshutdown.o)
    0x0000019e   0x0000019e   0x00000000   Code   RO          974    .ARM.Collect$$libshutdown$$00000002  c_p.l(libshutdown2.o)
    0x0000019e   0x0000019e   0x00000000   Code   RO          976    .ARM.Collect$$libshutdown$$00000004  c_p.l(libshutdown2.o)
    0x0000019e   0x0000019e   0x00000000   Code   RO          979    .ARM.Collect$$libshutdown$$00000007  c_p.l(libshutdown2.o)
    0x0000019e   0x0000019e   0x00000000   Code   RO          982    .ARM.Collect$$libshutdown$$0000000A  c_p.l(libshutdown2.o)
    0x0000019e   0x0000019e   0x00000000   Code   RO          984    .ARM.Collect$$libshutdown$$0000000C  c_p.l(libshutdown2.o)
    0x0000019e   0x0000019e   0x00000000   Code   RO          987    .ARM.Collect$$libshutdown$$0000000F  c_p.l(libshutdown2.o)
    0x0000019e   0x0000019e   0x00000002   Code   RO          988    .ARM.Collect$$libshutdown$$00000010  c_p.l(libshutdown2.o)
    0x000001a0   0x000001a0   0x00000000   Code   RO          682    .ARM.Collect$$rtentry$$00000000  c_p.l(__rtentry.o)
    0x000001a0   0x000001a0   0x00000000   Code   RO          773    .ARM.Collect$$rtentry$$00000002  c_p.l(__rtentry2.o)
    0x000001a0   0x000001a0   0x00000006   Code   RO          785    .ARM.Collect$$rtentry$$00000004  c_p.l(__rtentry4.o)
    0x000001a6   0x000001a6   0x00000000   Code   RO          775    .ARM.Collect$$rtentry$$00000009  c_p.l(__rtentry2.o)
    0x000001a6   0x000001a6   0x00000004   Code   RO          776    .ARM.Collect$$rtentry$$0000000A  c_p.l(__rtentry2.o)
    0x000001aa   0x000001aa   0x00000000   Code   RO          778    .ARM.Collect$$rtentry$$0000000C  c_p.l(__rtentry2.o)
    0x000001aa   0x000001aa   0x00000008   Code   RO          779    .ARM.Collect$$rtentry$$0000000D  c_p.l(__rtentry2.o)
    0x000001b2   0x000001b2   0x00000002   Code   RO          901    .ARM.Collect$$rtexit$$00000000  c_p.l(rtexit.o)
    0x000001b4   0x000001b4   0x00000000   Code   RO          921    .ARM.Collect$$rtexit$$00000002  c_p.l(rtexit2.o)
    0x000001b4   0x000001b4   0x00000004   Code   RO          922    .ARM.Collect$$rtexit$$00000003  c_p.l(rtexit2.o)
    0x000001b8   0x000001b8   0x00000006   Code   RO          923    .ARM.Collect$$rtexit$$00000004  c_p.l(rtexit2.o)
    0x000001be   0x000001be   0x00000002   PAD
    0x000001c0   0x000001c0   0x00000030   Code   RO            4    .text               startup_mspm0g350x_uvision.o
    0x000001f0   0x000001f0   0x00000040   Code   RO          585    .text               c_p.l(__2snprintf.o)
    0x00000230   0x00000230   0x00000052   Code   RO          591    .text               c_p.l(_printf_str.o)
    0x00000282   0x00000282   0x00000002   PAD
    0x00000284   0x00000284   0x0000006c   Code   RO          593    .text               c_p.l(_printf_dec.o)
    0x000002f0   0x000002f0   0x00000188   Code   RO          612    .text               c_p.l(__printf_flags_ss_wp.o)
    0x00000478   0x00000478   0x000001f8   Code   RO          621    .text               c_p.l(aeabi_sdivfast.o)
    0x00000670   0x00000670   0x00000006   Code   RO          629    .text               c_p.l(heapauxi.o)
    0x00000676   0x00000676   0x00000002   PAD
    0x00000678   0x00000678   0x00000054   Code   RO          639    .text               fz_ps.l(f2d.o)
    0x000006cc   0x000006cc   0x00000160   Code   RO          671    .text               fz_ps.l(fdiv.o)
    0x0000082c   0x0000082c   0x0000004c   Code   RO          674    .text               fz_ps.l(ffixi.o)
    0x00000878   0x00000878   0x0000005e   Code   RO          676    .text               fz_ps.l(fflti.o)
    0x000008d6   0x000008d6   0x000000b0   Code   RO          691    .text               c_p.l(_printf_intcommon.o)
    0x00000986   0x00000986   0x00000002   PAD
    0x00000988   0x00000988   0x00000414   Code   RO          695    .text               c_p.l(_printf_fp_dec.o)
    0x00000d9c   0x00000d9c   0x00000030   Code   RO          699    .text               c_p.l(_printf_char_common.o)
    0x00000dcc   0x00000dcc   0x00000010   Code   RO          701    .text               c_p.l(_snputc.o)
    0x00000ddc   0x00000ddc   0x0000002e   Code   RO          703    .text               c_p.l(_printf_char.o)
    0x00000e0a   0x00000e0a   0x00000028   Code   RO          757    .text               c_p.l(rtudiv10.o)
    0x00000e32   0x00000e32   0x00000002   PAD
    0x00000e34   0x00000e34   0x00000008   Code   RO          792    .text               c_p.l(rt_locale_intlibspace.o)
    0x00000e3c   0x00000e3c   0x0000007a   Code   RO          794    .text               c_p.l(lludiv10.o)
    0x00000eb6   0x00000eb6   0x00000002   PAD
    0x00000eb8   0x00000eb8   0x00000088   Code   RO          799    .text               c_p.l(_printf_fp_infnan.o)
    0x00000f40   0x00000f40   0x000000d8   Code   RO          805    .text               c_p.l(bigflt0.o)
    0x00001018   0x00001018   0x00000580   Code   RO          808    .text               c_p.l(btod.o)
    0x00001598   0x00001598   0x00000064   Code   RO          819    .text               fz_ps.l(fcmpin.o)
    0x000015fc   0x000015fc   0x00000008   Code   RO          825    .text               c_p.l(libspace.o)
    0x00001604   0x00001604   0x0000003e   Code   RO          828    .text               c_p.l(sys_stackheap_outer.o)
    0x00001642   0x00001642   0x00000010   Code   RO          835    .text               c_p.l(exit.o)
    0x00001652   0x00001652   0x00000002   PAD
    0x00001654   0x00001654   0x000000b0   Code   RO          841    .text               c_p.l(strcmpv6m.o)
    0x00001704   0x00001704   0x0000002e   Code   RO          896    .text               fz_ps.l(cmpret.o)
    0x00001732   0x00001732   0x00000002   PAD
    0x00001734   0x00001734   0x00000010   Code   RO          898    .text               fz_ps.l(fnan2.o)
    0x00001744   0x00001744   0x0000005e   Code   RO          918    .text               fz_ps.l(retnan.o)
    0x000017a2   0x000017a2   0x0000000a   Code   RO          401    .text.DL_Common_delayCycles  driverlib.a(dl_common.o)
    0x000017ac   0x000017ac   0x0000008c   Code   RO          414    .text.DL_I2C_fillControllerTXFIFO  driverlib.a(dl_i2c.o)
    0x00001838   0x00001838   0x00000026   Code   RO          410    .text.DL_I2C_setClockConfig  driverlib.a(dl_i2c.o)
    0x0000185e   0x0000185e   0x00000002   PAD
    0x00001860   0x00001860   0x00000108   Code   RO          522    .text.DL_Timer_initFourCCPWMMode  driverlib.a(dl_timer.o)
    0x00001968   0x00001968   0x00000100   Code   RO          446    .text.DL_Timer_initTimerMode  driverlib.a(dl_timer.o)
    0x00001a68   0x00001a68   0x0000001c   Code   RO          488    .text.DL_Timer_setCaptCompUpdateMethod  driverlib.a(dl_timer.o)
    0x00001a84   0x00001a84   0x00000018   Code   RO          496    .text.DL_Timer_setCaptureCompareOutCtl  driverlib.a(dl_timer.o)
    0x00001a9c   0x00001a9c   0x00000010   Code   RO          448    .text.DL_Timer_setCaptureCompareValue  driverlib.a(dl_timer.o)
    0x00001aac   0x00001aac   0x0000001c   Code   RO          442    .text.DL_Timer_setClockConfig  driverlib.a(dl_timer.o)
    0x00001ac8   0x00001ac8   0x00000048   Code   RO          542    .text.DL_UART_init  driverlib.a(dl_uart.o)
    0x00001b10   0x00001b10   0x00000012   Code   RO          544    .text.DL_UART_setClockConfig  driverlib.a(dl_uart.o)
    0x00001b22   0x00001b22   0x00000154   Code   RO          253    .text.OLED_Clear    oled_hardware_i2c.o
    0x00001c76   0x00001c76   0x00000002   PAD
    0x00001c78   0x00001c78   0x00000208   Code   RO          269    .text.OLED_Init     oled_hardware_i2c.o
    0x00001e80   0x00001e80   0x000000dc   Code   RO          255    .text.OLED_ShowChar  oled_hardware_i2c.o
    0x00001f5c   0x00001f5c   0x00000040   Code   RO          261    .text.OLED_ShowString  oled_hardware_i2c.o
    0x00001f9c   0x00001f9c   0x0000017c   Code   RO          243    .text.OLED_WR_Byte  oled_hardware_i2c.o
    0x00002118   0x00002118   0x00000118   Code   RO           15    .text.SYSCFG_DL_GPIO_init  ti_msp_dl_config.o
    0x00002230   0x00002230   0x00000054   Code   RO           23    .text.SYSCFG_DL_I2C_OLED_init  ti_msp_dl_config.o
    0x00002284   0x00002284   0x000000e0   Code   RO           19    .text.SYSCFG_DL_PWM_MOTOR_init  ti_msp_dl_config.o
    0x00002364   0x00002364   0x0000003c   Code   RO           17    .text.SYSCFG_DL_SYSCTL_init  ti_msp_dl_config.o
    0x000023a0   0x000023a0   0x00000030   Code   RO           29    .text.SYSCFG_DL_SYSTICK_init  ti_msp_dl_config.o
    0x000023d0   0x000023d0   0x00000038   Code   RO           21    .text.SYSCFG_DL_TIMER_0_init  ti_msp_dl_config.o
    0x00002408   0x00002408   0x00000068   Code   RO           25    .text.SYSCFG_DL_UART_0_init  ti_msp_dl_config.o
    0x00002470   0x00002470   0x00000084   Code   RO           27    .text.SYSCFG_DL_UART_OPENMV_init  ti_msp_dl_config.o
    0x000024f4   0x000024f4   0x0000003c   Code   RO           11    .text.SYSCFG_DL_init  ti_msp_dl_config.o
    0x00002530   0x00002530   0x00000060   Code   RO           13    .text.SYSCFG_DL_initPower  ti_msp_dl_config.o
    0x00002590   0x00002590   0x0000000c   Code   RO          229    .text.SysTick_Handler  oled_hardware_i2c.o
    0x0000259c   0x0000259c   0x0000001c   Code   RO          111    .text.TIMA1_IRQHandler  tim.o
    0x000025b8   0x000025b8   0x0000002c   Code   RO          333    .text.Tick_delay    delay.o
    0x000025e4   0x000025e4   0x00000040   Code   RO           91    .text.UART0_IRQHandler  uart.o
    0x00002624   0x00002624   0x000000b8   Code   RO          134    .text.UART2_IRQHandler  usart_openmv.o
    0x000026dc   0x000026dc   0x00000002   Code   RO           95    .text._sys_exit     uart.o
    0x000026de   0x000026de   0x00000002   PAD
    0x000026e0   0x000026e0   0x000000c4   Code   RO          198    .text.compute_weighted_error_digital  pid.o
    0x000027a4   0x000027a4   0x00000008   Code   RO           85    .text.delay_ms      uart.o
    0x000027ac   0x000027ac   0x00000032   Code   RO          335    .text.delay_us      delay.o
    0x000027de   0x000027de   0x00000002   PAD
    0x000027e0   0x000027e0   0x000000a8   Code   RO          371    .text.encoder_update_speed  encoder.o
    0x00002888   0x00002888   0x000001f0   Code   RO          337    .text.gray_serial_read  delay.o
    0x00002a78   0x00002a78   0x00000958   Code   RO           54    .text.main          empty.o
    0x000033d0   0x000033d0   0x000000ec   Code   RO          149    .text.motor_control  bsp_tb6612.o
    0x000034bc   0x000034bc   0x000000f8   Code   RO          353    .text.spi_read_byte  w25q64.o
    0x000035b4   0x000035b4   0x00000104   Code   RO          351    .text.spi_write_byte  w25q64.o
    0x000036b8   0x000036b8   0x00000048   Code   RO          355    .text.w25q64_erase_sector  w25q64.o
    0x00003700   0x00003700   0x00000048   Code   RO          347    .text.w25q64_init   w25q64.o
    0x00003748   0x00003748   0x00000044   Code   RO          349    .text.w25q64_read   w25q64.o
    0x0000378c   0x0000378c   0x00000088   Code   RO          357    .text.w25q64_write  w25q64.o
    0x00003814   0x00003814   0x00000030   Code   RO          810    i.__ARM_common_ll_muluu  c_p.l(btod.o)
    0x00003844   0x00003844   0x0000002c   Code   RO          823    i.__ARM_fpclassify  m_ps.l(fpclassify.o)
    0x00003870   0x00003870   0x00000016   Code   RO          654    i._fgeq             fz_ps.l(fcmp.o)
    0x00003886   0x00003886   0x00000016   Code   RO          655    i._fgr              fz_ps.l(fcmp.o)
    0x0000389c   0x0000389c   0x0000001a   Code   RO          656    i._fleq             fz_ps.l(fcmp.o)
    0x000038b6   0x000038b6   0x00000016   Code   RO          657    i._fls              fz_ps.l(fcmp.o)
    0x000038cc   0x000038cc   0x0000000e   Code   RO          605    i._is_digit         c_p.l(__printf_wp.o)
    0x000038da   0x000038da   0x00000002   PAD
    0x000038dc   0x000038dc   0x0000002c   Code   RO          817    locale$$code        c_p.l(lc_numeric_c.o)
    0x00003908   0x00003908   0x0000008c   Code   RO          641    x$fpl$fadd          fz_ps.l(faddsub.o)
    0x00003994   0x00003994   0x00000054   Code   RO          761    x$fpl$fgeqf         fz_ps.l(fgef.o)
    0x000039e8   0x000039e8   0x00000054   Code   RO          763    x$fpl$fleqf         fz_ps.l(flef.o)
    0x00003a3c   0x00003a3c   0x000000b0   Code   RO          678    x$fpl$fmul          fz_ps.l(fmul.o)
    0x00003aec   0x00003aec   0x000000d0   Code   RO          643    x$fpl$fsub          fz_ps.l(faddsub.o)
    0x00003bbc   0x00003bbc   0x00000010   Code   RO          680    x$fpl$printf1       fz_ps.l(printf1.o)
    0x00003bcc   0x00003bcc   0x00000000   Code   RO          771    x$fpl$usenofp       fz_ps.l(usenofp.o)
    0x00003bcc   0x00003bcc   0x00000011   Data   RO          613    .constdata          c_p.l(__printf_flags_ss_wp.o)
    0x00003bdd   0x00003bdd   0x00000040   Data   RO          672    .constdata          fz_ps.l(fdiv.o)
    0x00003c1d   0x00003c1d   0x00000003   PAD
    0x00003c20   0x00003c20   0x00000094   Data   RO          806    .constdata          c_p.l(bigflt0.o)
    0x00003cb4   0x00003cb4   0x00000228   Data   RO          271    .rodata.asc2_0806   oled_hardware_i2c.o
    0x00003edc   0x00003edc   0x000005f0   Data   RO          272    .rodata.asc2_1608   oled_hardware_i2c.o
    0x000044cc   0x000044cc   0x00000002   Data   RO           41    .rodata.gI2C_OLEDClockConfig  ti_msp_dl_config.o
    0x000044ce   0x000044ce   0x00000003   Data   RO           37    .rodata.gPWM_MOTORClockConfig  ti_msp_dl_config.o
    0x000044d1   0x000044d1   0x00000003   PAD
    0x000044d4   0x000044d4   0x00000008   Data   RO           38    .rodata.gPWM_MOTORConfig  ti_msp_dl_config.o
    0x000044dc   0x000044dc   0x00000003   Data   RO           39    .rodata.gTIMER_0ClockConfig  ti_msp_dl_config.o
    0x000044df   0x000044df   0x00000001   PAD
    0x000044e0   0x000044e0   0x00000014   Data   RO           40    .rodata.gTIMER_0TimerConfig  ti_msp_dl_config.o
    0x000044f4   0x000044f4   0x00000002   Data   RO           42    .rodata.gUART_0ClockConfig  ti_msp_dl_config.o
    0x000044f6   0x000044f6   0x0000000a   Data   RO           43    .rodata.gUART_0Config  ti_msp_dl_config.o
    0x00004500   0x00004500   0x00000002   Data   RO           44    .rodata.gUART_OPENMVClockConfig  ti_msp_dl_config.o
    0x00004502   0x00004502   0x0000000a   Data   RO           45    .rodata.gUART_OPENMVConfig  ti_msp_dl_config.o
    0x0000450c   0x0000450c   0x00000042   Data   RO           56    .rodata.str1.1      empty.o
    0x0000454e   0x0000454e   0x00000002   PAD
    0x00004550   0x00004550   0x00000020   Data   RO          990    Region$$Table       anon$$obj.o
    0x00004570   0x00004570   0x0000001c   Data   RO          816    locale$$data        c_p.l(lc_numeric_c.o)


    Execution Region RW_IRAM2 (Exec base: 0x20200000, Load base: 0x00004590, Size: 0x00000480, Max: 0x00008000, ABSOLUTE)

    Exec Addr    Load Addr    Size         Type   Attr      Idx    E Section Name        Object

    0x20200000   0x00004590   0x00000004   Data   RW           58    .data.g_kd          empty.o
    0x20200004   0x00004594   0x00000004   Data   RW           59    .data.g_ki          empty.o
    0x20200008   0x00004598   0x00000004   Data   RW           57    .data.g_kp          empty.o
    0x2020000c   0x0000459c   0x00000004   Data   RW           67    .data.g_spd         empty.o
    0x20200010        -       0x00000060   Zero   RW          826    .bss                c_p.l(libspace.o)
    0x20200070        -       0x00000004   Zero   RW          214    .bss.compute_weighted_error_digital.last_err  pid.o
    0x20200074        -       0x000000bc   Zero   RW           35    .bss.gPWM_MOTORBackup  ti_msp_dl_config.o
    0x20200130        -       0x000000bc   Zero   RW           36    .bss.gTIMER_0Backup  ti_msp_dl_config.o
    0x202001ec        -       0x00000008   Zero   RW          140    .bss.g_ball         usart_openmv.o
    0x202001f4        -       0x00000001   Zero   RW          136    .bss.g_ball_new     usart_openmv.o
    0x202001f5   0x000045a0   0x00000003   PAD
    0x202001f8        -       0x00000004   Zero   RW          386    .bss.g_enc_l        encoder.o
    0x202001fc        -       0x00000004   Zero   RW          389    .bss.g_enc_l_last   encoder.o
    0x20200200        -       0x00000002   Zero   RW          391    .bss.g_enc_l_spd    encoder.o
    0x20200202   0x000045a0   0x00000002   PAD
    0x20200204        -       0x00000004   Zero   RW          388    .bss.g_enc_r        encoder.o
    0x20200208        -       0x00000004   Zero   RW          390    .bss.g_enc_r_last   encoder.o
    0x2020020c        -       0x00000002   Zero   RW          392    .bss.g_enc_r_spd    encoder.o
    0x2020020e   0x000045a0   0x00000002   PAD
    0x20200210        -       0x00000004   Zero   RW           62    .bss.g_pid_int      empty.o
    0x20200214        -       0x00000004   Zero   RW           63    .bss.g_pid_last     empty.o
    0x20200218        -       0x00000001   Zero   RW           66    .bss.main.k1_hold   empty.o
    0x20200219        -       0x00000001   Zero   RW           64    .bss.main.k1_was    empty.o
    0x2020021a        -       0x00000001   Zero   RW           68    .bss.main.k2_hold   empty.o
    0x2020021b        -       0x00000001   Zero   RW           69    .bss.main.k2_was    empty.o
    0x2020021c        -       0x00000001   Zero   RW           71    .bss.main.k3_was    empty.o
    0x2020021d        -       0x00000001   Zero   RW           61    .bss.main.k4_was    empty.o
    0x2020021e        -       0x00000001   Zero   RW           70    .bss.main.k5_was    empty.o
    0x2020021f        -       0x00000001   Zero   RW           72    .bss.main.k6_was    empty.o
    0x20200220        -       0x00000001   Zero   RW           60    .bss.main.key_tick  empty.o
    0x20200221        -       0x00000001   Zero   RW           73    .bss.main.stop_refresh  empty.o
    0x20200222        -       0x00000001   Zero   RW           65    .bss.pidx           empty.o
    0x20200223        -       0x00000009   Zero   RW          138    .bss.rx_buf         usart_openmv.o
    0x2020022c        -       0x00000001   Zero   RW          139    .bss.rx_idx         usart_openmv.o
    0x2020022d        -       0x00000001   Zero   RW          137    .bss.rx_sync        usart_openmv.o
    0x2020022e   0x000045a0   0x00000002   PAD
    0x20200230        -       0x00000004   Zero   RW          275    .bss.start_time     oled_hardware_i2c.o
    0x20200234        -       0x00000004   Zero   RW          274    .bss.tick_ms        oled_hardware_i2c.o
    0x20200238        -       0x00000040   Zero   RW           97    .bss.uart_rx_buf    uart.o
    0x20200278        -       0x00000002   Zero   RW           98    .bss.uart_rx_head   uart.o
    0x2020027a        -       0x00000002   Zero   RW           99    .bss.uart_rx_tail   uart.o
    0x2020027c   0x000045a0   0x00000004   PAD
    0x20200280        -       0x00000100   Zero   RW            2    HEAP                startup_mspm0g350x_uvision.o
    0x20200380        -       0x00000100   Zero   RW            1    STACK               startup_mspm0g350x_uvision.o


==============================================================================

Image component sizes


      Code (inc. data)   RO Data    RW Data    ZI Data      Debug   Object Name

       236         12          0          0          0       6208   bsp_tb6612.o
       590         12          0          0          0       6947   delay.o
      2392        356         66         16         19      12783   empty.o
       168         32          0          0         20       7539   encoder.o
      1536        100       2072          0          8      22911   oled_hardware_i2c.o
       196         12          0          0          4       2862   pid.o
        48         22        192          0        512        672   startup_mspm0g350x_uvision.o
      1144        200         60          0        376      30255   ti_msp_dl_config.o
        28          4          0          0          0       5495   tim.o
        74         20          0          0         68       7068   uart.o
       184         28          0          0         20       5742   usart_openmv.o
       856         32          0          0          0       9783   w25q64.o

    ----------------------------------------------------------------------
      7458        830       2428         16       1040     118265   Object Totals
         0          0         32          0          0          0   (incl. Generated)
         6          0          6          0         13          0   (incl. Padding)

    ----------------------------------------------------------------------

      Code (inc. data)   RO Data    RW Data    ZI Data      Debug   Library Member Name

        64          4          0          0          0         84   __2snprintf.o
         8          0          0          0          0         68   __main.o
       392          6         17          0          0         76   __printf_flags_ss_wp.o
        14          0          0          0          0         60   __printf_wp.o
         0          0          0          0          0          0   __rtentry.o
        12          0          0          0          0          0   __rtentry2.o
         6          0          0          0          0          0   __rtentry4.o
        86         10          0          0          0          0   __scatter.o
        26          0          0          0          0          0   __scatter_copy.o
        28          0          0          0          0          0   __scatter_zi.o
        10          0          0          0          0          0   _printf_c.o
        46          0          0          0          0        100   _printf_char.o
        48          6          0          0          0         88   _printf_char_common.o
        10          0          0          0          0          0   _printf_d.o
       108         18          0          0          0         76   _printf_dec.o
        10          0          0          0          0          0   _printf_f.o
      1044         12          0          0          0        116   _printf_fp_dec.o
       136         16          0          0          0         76   _printf_fp_infnan.o
       176          0          0          0          0         84   _printf_intcommon.o
         2          0          0          0          0          0   _printf_percent.o
         4          0          0          0          0          0   _printf_percent_end.o
        82          0          0          0          0         72   _printf_str.o
        16          0          0          0          0         60   _snputc.o
       504          4          0          0          0         92   aeabi_sdivfast.o
       216          6        148          0          0         80   bigflt0.o
      1456         30          0          0          0        336   btod.o
        16          0          0          0          0         68   exit.o
         6          0          0          0          0        136   heapauxi.o
        44         10         28          0          0         76   lc_numeric_c.o
         2          0          0          0          0          0   libinit.o
        18          0          0          0          0          0   libinit2.o
         2          0          0          0          0          0   libshutdown.o
         2          0          0          0          0          0   libshutdown2.o
         8          4          0          0         96         68   libspace.o
       122          0          0          0          0         72   lludiv10.o
         8          4          0          0          0         68   rt_locale_intlibspace.o
         2          0          0          0          0          0   rtexit.o
        10          0          0          0          0          0   rtexit2.o
        40          0          0          0          0         60   rtudiv10.o
       176          4          0          0          0         80   strcmpv6m.o
        62          0          0          0          0         80   sys_stackheap_outer.o
        10          0          0          0          0        800   dl_common.o
       178          0          0          0          0       9849   dl_i2c.o
       616        192          0          0          0      38973   dl_timer.o
        90          8          0          0          0      14700   dl_uart.o
        46          0          0          0          0         60   cmpret.o
        84          4          0          0          0         60   f2d.o
       348          8          0          0          0        160   faddsub.o
        92          0          0          0          0        272   fcmp.o
       100          4          0          0          0         68   fcmpin.o
       352         10         64          0          0         92   fdiv.o
        76          0          0          0          0         68   ffixi.o
        94          0          0          0          0         92   fflti.o
        84          4          0          0          0         76   fgef.o
        84          4          0          0          0         76   flef.o
       176          4          0          0          0         80   fmul.o
        16          6          0          0          0         68   fnan2.o
        16          4          0          0          0         76   printf1.o
        94          0          0          0          0         68   retnan.o
         0          0          0          0          0          0   usenofp.o
        44          4          0          0          0         60   fpclassify.o

    ----------------------------------------------------------------------
      7658        390        260          0         96      67874   Library Totals
        36          4          3          0          0          0   (incl. Padding)

    ----------------------------------------------------------------------

      Code (inc. data)   RO Data    RW Data    ZI Data      Debug   Library Name

      5022        134        193          0         96       2176   c_p.l
       894        200          0          0          0      64322   driverlib.a
      1662         48         64          0          0       1316   fz_ps.l
        44          4          0          0          0         60   m_ps.l

    ----------------------------------------------------------------------
      7658        390        260          0         96      67874   Library Totals

    ----------------------------------------------------------------------

==============================================================================


      Code (inc. data)   RO Data    RW Data    ZI Data      Debug   

     15116       1220       2688         16       1136     184135   Grand Totals
     15116       1220       2688         16       1136     184135   ELF Image Totals
     15116       1220       2688         16          0          0   ROM Totals

==============================================================================

    Total RO  Size (Code + RO Data)                17804 (  17.39kB)
    Total RW  Size (RW Data + ZI Data)              1152 (   1.12kB)
    Total ROM Size (Code + RO Data + RW Data)      17820 (  17.40kB)

==============================================================================

